<html>
<body>
<pre>
<h1>µVision Build Log</h1>
<h2>Tool Versions:</h2>
IDE-Version: µVision V5.17.0.0
Copyright (C) 2015 ARM Ltd and ARM Germany GmbH. All rights reserved.
License Information: Tomas C, Micrux, LIC=----
 
Tool Versions:
Toolchain:       MDK-Lite  Version: 5.17
Toolchain Path:  C:\Keil_v5\ARM\ARMCC\Bin
C Compiler:      Armcc.exe V5.06 update 1 (build 61)
Assembler:       Armasm.exe V5.06 update 1 (build 61)
Linker/Locator:  ArmLink.exe V5.06 update 1 (build 61)
Library Manager: ArmAr.exe V5.06 update 1 (build 61)
Hex Converter:   FromElf.exe V5.06 update 1 (build 61)
CPU DLL:         SARMCM3.DLL V5.17
Dialog DLL:      DCM.DLL V1.13.4.0
Target DLL:      STLink\ST-LINKIII-KEIL_SWO.dll V2.0.18.0
Dialog DLL:      TCM.DLL V1.14.6.0
 
<h2>Project:</h2>
D:\01_Omar\04_proyectos_para_pruebas\02_Micrux\01_STM32F769\05\STM32F7_drivers\gpio_hal.uvprojx
Project File Date:  05/03/2017

<h2>Output:</h2>
*** Using Compiler 'V5.06 update 1 (build 61)', folder: 'C:\Keil_v5\ARM\ARMCC\Bin'
Build target 'Target 1'
compiling hal_EQ_techniques.c...
hal_EQ_techniques.c(956): warning:  #1035-D: single-precision operand implicitly converted to double-precision
  	e->runTime.tInterval = e->Init.tInterval / 1000.0;																				// Valor de tiempo de cada medición ADC
hal_EQ_techniques.c(24): warning:  #177-D: function "generateRamp" was declared but never referenced
  static uint32_t generateRamp(float eStart, float eStop, float eStep, float* lut) {
hal_EQ_techniques.c(503): warning:  #177-D: function "load_CV_data" was declared but never referenced
  static void load_CV_data(exp_param_values_t* e, uint8_t* cmd){
hal_EQ_techniques.c(517): warning:  #177-D: function "load_LSV_data" was declared but never referenced
  static void load_LSV_data(exp_param_values_t* e, uint8_t* cmd){
hal_EQ_techniques.c(897): warning:  #177-D: function "generateDSCA" was declared but never referenced
  static void generateDSCA(){
hal_EQ_techniques.c(901): warning:  #177-D: function "generateAD" was declared but never referenced
  static void generateAD(){
hal_EQ_techniques.c(907): warning:  #177-D: function "generateFA" was declared but never referenced
  static void generateFA(){
hal_EQ_techniques.c(913): warning:  #177-D: function "generatePAD" was declared but never referenced
  static void generatePAD(){
hal_EQ_techniques.c(918): warning:  #177-D: function "generateDPA" was declared but never referenced
  static void generateDPA(){
hal_EQ_techniques.c(923): warning:  #177-D: function "generateMSA" was declared but never referenced
  static void generateMSA(){
hal_EQ_techniques.c(933): warning:  #177-D: function "load_DSCA_data" was declared but never referenced
  static void load_DSCA_data(exp_param_values_t* e, uint8_t* cmd){
hal_EQ_techniques.c(976): warning:  #177-D: function "load_AD_data" was declared but never referenced
  static void load_AD_data(){
hal_EQ_techniques.c(982): warning:  #177-D: function "load_FA_data" was declared but never referenced
  static void load_FA_data(){
hal_EQ_techniques.c(989): warning:  #177-D: function "load_PAD_data" was declared but never referenced
  static void load_PAD_data(){
hal_EQ_techniques.c(1036): warning:  #177-D: function "load_DPA_data" was declared but never referenced
  static void load_DPA_data(){
hal_EQ_techniques.c(1040): warning:  #177-D: function "load_MSA_data" was declared but never referenced
  static void load_MSA_data(){
hal_EQ_techniques.c: 16 warnings, 0 errors
linking...
Program Size: Code=16866 RO-data=854 RW-data=164 ZI-data=14492  
".\Objects\gpio_hal.axf" - 0 Error(s), 16 Warning(s).

<h2>Software Packages used:</h2>

Package Vendor: ARM
                http://www.keil.com/pack/ARM.CMSIS.5.0.1.pack
                ARM::CMSIS:CORE:5.0.1
                CMSIS (Cortex Microcontroller Software Interface Standard)
   * Component: CORE Version: 5.0.1

Package Vendor: Keil
                http://www.keil.com/pack/Keil.STM32F7xx_DFP.2.9.0.pack
                Keil::Device:Startup:1.2.0
                STMicroelectronics STM32F7 Series Device Support, Drivers and Examples
   * Component: Startup Version: 1.2.0

<h2>Collection of Component include folders:</h2>
  D:\01_Omar\04_proyectos_para_pruebas\02_Micrux\01_STM32F769\05\STM32F7_drivers\RTE
  C:\Keil_v5\ARM\PACK\ARM\CMSIS\5.0.1\CMSIS\Include
  C:\Keil_v5\ARM\PACK\Keil\STM32F7xx_DFP\2.9.0\Drivers\CMSIS\Device\ST\STM32F7xx\Include

<h2>Collection of Component Files used:</h2>

   * Component: ARM::CMSIS:CORE:5.0.1

   * Component: Keil::Device:Startup:1.2.0
      Source file:   MDK\Device\Source\ARM\STM32F7xx_OPT.s
      Source file:   MDK\Device\Source\ARM\STM32F7xx_OTP.s
      Include file:  Drivers\CMSIS\Device\ST\STM32F7xx\Include\stm32f7xx.h
      Source file:   Drivers\CMSIS\Device\ST\STM32F7xx\Source\Templates\arm\startup_stm32f769xx.s
      Source file:   Drivers\CMSIS\Device\ST\STM32F7xx\Source\Templates\system_stm32f7xx.c
Build Time Elapsed:  00:00:07
</pre>
</body>
</html>
