Component: ARM Compiler 5.06 update 1 (build 61) Tool: armlink [4d35a8]

==============================================================================

Section Cross References

    led.o(i.Ending) refers to led.o(.data) for state_equipment
    led.o(i.FS_ch) refers to led.o(.data) for mode_working
    led.o(i.Idle) refers to led.o(.data) for df_mode
    led.o(i.Measuring) refers to led.o(.data) for experiment
    led.o(i.PrepE) refers to led.o(.data) for mode_working
    led.o(i.Pretreatment) refers to led.o(.data) for pretreatment
    led.o(i.SPI2_IRQHandler) refers to hal_spi_driver.o(i.hal_spi_irq_handler) for hal_spi_irq_handler
    led.o(i.SPI2_IRQHandler) refers to led.o(.bss) for SpiHandle
    led.o(i.TIM6_DAC_IRQHandler) refers to hal_timer6_driver.o(i.hal_tim67_int_disable) for hal_tim67_int_disable
    led.o(i.TIM6_DAC_IRQHandler) refers to hal_timer6_driver.o(i.hal_tim67_disable) for hal_tim67_disable
    led.o(i.TIM6_DAC_IRQHandler) refers to hal_timer6_driver.o(i.hal_tim67_handle_interrupt) for hal_tim67_handle_interrupt
    led.o(i.TIM6_DAC_IRQHandler) refers to hal_timer6_driver.o(i.hal_tim67_clear_flag) for hal_tim67_clear_flag
    led.o(i.TIM6_DAC_IRQHandler) refers to hal_timer6_driver.o(i.hal_tim67_int_enable) for hal_tim67_int_enable
    led.o(i.TIM6_DAC_IRQHandler) refers to hal_timer6_driver.o(i.hal_tim67_enable) for hal_tim67_enable
    led.o(i.TIM6_DAC_IRQHandler) refers to auxfunctions.o(i.led_toggle) for led_toggle
    led.o(i.TIM6_DAC_IRQHandler) refers to led.o(.bss) for tim6Handle
    led.o(i.TIM6_DAC_IRQHandler) refers to led.o(.data) for pretreatment
    led.o(i.USART6_IRQHandler) refers to hal_usart_driver.o(i.hal_uart_handle_interrupt) for hal_uart_handle_interrupt
    led.o(i.USART6_IRQHandler) refers to led.o(.bss) for uartHandle
    led.o(i.app_rx_cmp_callback) refers to auxfunctions.o(i.parse_cmd) for parse_cmd
    led.o(i.app_rx_cmp_callback) refers to led.o(.bss) for UART_rxBuff
    led.o(i.app_tx_cmp_callback) refers to auxfunctions.o(i.led_turn_on) for led_turn_on
    led.o(i.app_tx_cmp_callback) refers to auxfunctions.o(i.led_turn_off) for led_turn_off
    led.o(i.bipot) refers to led.o(.data) for cont_bipot
    led.o(i.conection) refers to led.o(.data) for communication_mode
    led.o(i.eis) refers to led.o(.data) for mode_working
    led.o(i.galv) refers to led.o(.data) for mode_working
    led.o(i.gpio_init) refers to hal_gpio_driver.o(i.hal_gpio_init) for hal_gpio_init
    led.o(i.initClock) refers to system_stm32f7xx.o(i.SystemCoreClockUpdate) for SystemCoreClockUpdate
    led.o(i.led_init) refers to hal_gpio_driver.o(i.hal_gpio_init) for hal_gpio_init
    led.o(i.main) refers to led.o(i.initClock) for initClock
    led.o(i.main) refers to led.o(i.led_init) for led_init
    led.o(i.main) refers to led.o(i.spi_gpio_init) for spi_gpio_init
    led.o(i.main) refers to hal_spi_driver.o(i.hal_spi_init) for hal_spi_init
    led.o(i.main) refers to hal_gpio_driver.o(i.hal_gpio_write_to_pin) for hal_gpio_write_to_pin
    led.o(i.main) refers to led.o(i.__NVIC_EnableIRQ) for __NVIC_EnableIRQ
    led.o(i.main) refers to led.o(i.uart_gpio_init) for uart_gpio_init
    led.o(i.main) refers to hal_usart_driver.o(i.hal_uart_init) for hal_uart_init
    led.o(i.main) refers to led.o(i.gpio_init) for gpio_init
    led.o(i.main) refers to hal_usart_driver.o(i.hal_uart_rx) for hal_uart_rx
    led.o(i.main) refers to led.o(i.start) for start
    led.o(i.main) refers to led.o(.bss) for SpiHandle
    led.o(i.main) refers to led.o(i.app_tx_cmp_callback) for app_tx_cmp_callback
    led.o(i.main) refers to led.o(i.app_rx_cmp_callback) for app_rx_cmp_callback
    led.o(i.main) refers to led.o(.data) for state_table
    led.o(i.pot) refers to hal_eq_techniques.o(i.load_data) for load_data
    led.o(i.pot) refers to hal_eq_techniques.o(i.generate_data) for generate_data
    led.o(i.pot) refers to led.o(.data) for mode_working
    led.o(i.pot) refers to led.o(.bss) for pretreat_we1
    led.o(i.sendDFUART) refers to hal_usart_driver.o(i.hal_uart_tx) for hal_uart_tx
    led.o(i.sendDFUART) refers to led.o(.bss) for uartHandle
    led.o(i.sendDFUART) refers to led.o(.data) for message1
    led.o(i.sendLUTSPI) refers to hal_gpio_driver.o(i.hal_gpio_write_to_pin) for hal_gpio_write_to_pin
    led.o(i.sendLUTSPI) refers to hal_spi_driver.o(i.hal_spi_master_tx) for hal_spi_master_tx
    led.o(i.sendLUTSPI) refers to led.o(.data) for addrcmd
    led.o(i.sendLUTSPI) refers to led.o(.bss) for SpiHandle
    led.o(i.sendLUTSPIandADC_CV) refers to hal_gpio_driver.o(i.hal_gpio_write_to_pin) for hal_gpio_write_to_pin
    led.o(i.sendLUTSPIandADC_CV) refers to hal_spi_driver.o(i.hal_spi_master_tx) for hal_spi_master_tx
    led.o(i.sendLUTSPIandADC_CV) refers to auxfunctions.o(i.read_ADC_W1) for read_ADC_W1
    led.o(i.sendLUTSPIandADC_CV) refers to hal_usart_driver.o(i.hal_uart_tx) for hal_uart_tx
    led.o(i.sendLUTSPIandADC_CV) refers to led.o(.data) for addrcmd
[...]
    libinit2.o(.ARM.Collect$$libinit$$00000014) refers to libinit2.o(.ARM.Collect$$libinit$$0000000F) for .ARM.Collect$$libinit$$0000000F
    libinit2.o(.ARM.Collect$$libinit$$00000016) refers to libinit2.o(.ARM.Collect$$libinit$$0000000F) for .ARM.Collect$$libinit$$0000000F
    libinit2.o(.ARM.Collect$$libinit$$00000018) refers to libinit2.o(.ARM.Collect$$libinit$$0000000F) for .ARM.Collect$$libinit$$0000000F
    libinit2.o(.ARM.Collect$$libinit$$00000026) refers to argv_veneer.o(.emb_text) for __ARM_argv_veneer
    libinit2.o(.ARM.Collect$$libinit$$00000027) refers to argv_veneer.o(.emb_text) for __ARM_argv_veneer
    rtexit2.o(.ARM.Collect$$rtexit$$00000003) refers to libshutdown.o(.ARM.Collect$$libshutdown$$00000000) for __rt_lib_shutdown
    rtexit2.o(.ARM.Collect$$rtexit$$00000004) refers to sys_exit.o(.text) for _sys_exit
    rtexit2.o(.ARM.exidx) refers to rtexit2.o(.ARM.Collect$$rtexit$$00000001) for .ARM.Collect$$rtexit$$00000001
    rtexit2.o(.ARM.exidx) refers to rtexit2.o(.ARM.Collect$$rtexit$$00000003) for .ARM.Collect$$rtexit$$00000003
    rtexit2.o(.ARM.exidx) refers to rtexit2.o(.ARM.Collect$$rtexit$$00000004) for .ARM.Collect$$rtexit$$00000004
    argv_veneer.o(.emb_text) refers to no_argv.o(.text) for __ARM_get_argv
    sys_exit.o(.text) refers (Special) to use_no_semi.o(.text) for __I$use$semihosting
    sys_exit.o(.text) refers (Special) to indicate_semi.o(.text) for __semihosting_library_function
    _get_argv_nomalloc.o(.text) refers (Special) to hrguard.o(.text) for __heap_region$guard
    _get_argv_nomalloc.o(.text) refers to defsig_rtmem_outer.o(.text) for __rt_SIGRTMEM
    _get_argv_nomalloc.o(.text) refers to sys_command.o(.text) for _sys_command_string
    libshutdown.o(.ARM.Collect$$libshutdown$$00000000) refers (Special) to libshutdown2.o(.ARM.Collect$$libshutdown$$00000002) for __rt_lib_shutdown_cpp_1
    libshutdown.o(.ARM.Collect$$libshutdown$$00000000) refers (Special) to libshutdown2.o(.ARM.Collect$$libshutdown$$00000007) for __rt_lib_shutdown_fp_trap_1
    libshutdown.o(.ARM.Collect$$libshutdown$$00000000) refers (Special) to libshutdown2.o(.ARM.Collect$$libshutdown$$0000000F) for __rt_lib_shutdown_heap_1
    libshutdown.o(.ARM.Collect$$libshutdown$$00000000) refers (Special) to libshutdown2.o(.ARM.Collect$$libshutdown$$00000010) for __rt_lib_shutdown_return
    libshutdown.o(.ARM.Collect$$libshutdown$$00000000) refers (Special) to libshutdown2.o(.ARM.Collect$$libshutdown$$0000000A) for __rt_lib_shutdown_signal_1
    libshutdown.o(.ARM.Collect$$libshutdown$$00000000) refers (Special) to libshutdown2.o(.ARM.Collect$$libshutdown$$00000004) for __rt_lib_shutdown_stdio_1
    libshutdown.o(.ARM.Collect$$libshutdown$$00000000) refers (Special) to libshutdown2.o(.ARM.Collect$$libshutdown$$0000000C) for __rt_lib_shutdown_user_alloc_1
    sys_command.o(.text) refers (Special) to use_no_semi.o(.text) for __I$use$semihosting
    sys_command.o(.text) refers (Special) to indicate_semi.o(.text) for __semihosting_library_function
    defsig_rtmem_outer.o(.text) refers to defsig_rtmem_inner.o(.text) for __rt_SIGRTMEM_inner
    defsig_rtmem_outer.o(.text) refers to defsig_exit.o(.text) for __sig_exit
    defsig_rtmem_formal.o(.text) refers to rt_raise.o(.text) for __rt_raise
    rt_raise.o(.text) refers to __raise.o(.text) for __raise
    rt_raise.o(.text) refers to sys_exit.o(.text) for _sys_exit
    defsig_exit.o(.text) refers to sys_exit.o(.text) for _sys_exit
    defsig_rtmem_inner.o(.text) refers to defsig_general.o(.text) for __default_signal_display
    __raise.o(.text) refers to defsig.o(CL$$defsig) for __default_signal_handler
    defsig_general.o(.text) refers to sys_wrch.o(.text) for _ttywrch
    sys_wrch.o(.text) refers (Special) to use_no_semi.o(.text) for __I$use$semihosting
    sys_wrch.o(.text) refers (Special) to indicate_semi.o(.text) for __semihosting_library_function
    defsig.o(CL$$defsig) refers to defsig_rtmem_inner.o(.text) for __rt_SIGRTMEM_inner
    defsig_abrt_inner.o(.text) refers to defsig_general.o(.text) for __default_signal_display
    defsig_fpe_inner.o(.text) refers to defsig_general.o(.text) for __default_signal_display
    defsig_rtred_inner.o(.text) refers to defsig_general.o(.text) for __default_signal_display
    defsig_stak_inner.o(.text) refers to defsig_general.o(.text) for __default_signal_display
    defsig_pvfn_inner.o(.text) refers to defsig_general.o(.text) for __default_signal_display
    defsig_cppl_inner.o(.text) refers to defsig_general.o(.text) for __default_signal_display
    defsig_segv_inner.o(.text) refers to defsig_general.o(.text) for __default_signal_display
    defsig_other.o(.text) refers to defsig_general.o(.text) for __default_signal_display


==============================================================================

Removing Unused input sections from the image.

    Removing led.o(.rev16_text), (4 bytes).
    Removing led.o(.revsh_text), (4 bytes).
    Removing led.o(.rrx_text), (6 bytes).
    Removing led.o(i.sendDFUART), (36 bytes).
    Removing led.o(i.sendLUTSPI), (96 bytes).
    Removing led.o(i.sendLUTSPIandADC_CV), (152 bytes).
    Removing led.o(i.sendSineSPI), (116 bytes).
    Removing hal_gpio_driver.o(.rev16_text), (4 bytes).
    Removing hal_gpio_driver.o(.revsh_text), (4 bytes).
    Removing hal_gpio_driver.o(.rrx_text), (6 bytes).
    Removing hal_gpio_driver.o(i.hal_gpio_clear_interrupt), (32 bytes).
    Removing hal_gpio_driver.o(i.hal_gpio_configure_interrupt), (84 bytes).
    Removing hal_gpio_driver.o(i.hal_gpio_enable_interrupt), (52 bytes).
    Removing hal_timer6_driver.o(.rev16_text), (4 bytes).
    Removing hal_timer6_driver.o(.revsh_text), (4 bytes).
    Removing hal_timer6_driver.o(.rrx_text), (6 bytes).
    Removing hal_timer6_driver.o(i.hal_tim67_configure_auto_reload_preload), (32 bytes).
    Removing hal_timer6_driver.o(i.hal_tim67_configure_auto_reload_value), (6 bytes).
    Removing hal_timer6_driver.o(i.hal_tim67_configure_counter_mode), (22 bytes).
    Removing hal_timer6_driver.o(i.hal_tim67_configure_prescaler), (6 bytes).
    Removing hal_timer6_driver.o(i.hal_tim67_init), (48 bytes).
    Removing hal_spi_driver.o(.rev16_text), (4 bytes).
    Removing hal_spi_driver.o(.revsh_text), (4 bytes).
    Removing hal_spi_driver.o(.rrx_text), (6 bytes).
    Removing hal_spi_driver.o(i.hal_spi_disable), (10 bytes).
    Removing hal_spi_driver.o(i.hal_spi_enable), (18 bytes).
    Removing hal_spi_driver.o(i.hal_spi_enable_rxne_interrupt), (10 bytes).
    Removing hal_spi_driver.o(i.hal_spi_enable_txe_interrupt), (10 bytes).
    Removing hal_spi_driver.o(i.hal_spi_master_rx), (58 bytes).
    Removing hal_spi_driver.o(i.hal_spi_master_tx), (34 bytes).
    Removing hal_spi_driver.o(i.hal_spi_slave_rx), (34 bytes).
    Removing hal_spi_driver.o(i.hal_spi_slave_tx), (46 bytes).
    Removing hal_usart_driver.o(.rev16_text), (4 bytes).
    Removing hal_usart_driver.o(.revsh_text), (4 bytes).
    Removing hal_usart_driver.o(.rrx_text), (6 bytes).
    Removing hal_usart_driver.o(i.hal_uart_error_cb), (16 bytes).
    Removing hal_eq_techniques.o(i.concatenateLUTs), (104 bytes).
    Removing hal_eq_techniques.o(i.generateACVsignal), (664 bytes).
    Removing hal_eq_techniques.o(i.generateCVsignal), (192 bytes).
    Removing hal_eq_techniques.o(i.generateDACValues), (72 bytes).
    Removing hal_eq_techniques.o(i.generateDNPVsignal), (554 bytes).
    Removing hal_eq_techniques.o(i.generateDPVsignal), (358 bytes).
    Removing hal_eq_techniques.o(i.generateLSVsignal), (80 bytes).
    Removing hal_eq_techniques.o(i.generateNPVsignal), (338 bytes).
    Removing hal_eq_techniques.o(i.generateRamp), (142 bytes).
    Removing hal_eq_techniques.o(i.generateSCVsignal), (160 bytes).
    Removing hal_eq_techniques.o(i.generateSWVsignal), (598 bytes).
    Removing auxfunctions.o(.rev16_text), (4 bytes).
    Removing auxfunctions.o(.revsh_text), (4 bytes).
    Removing auxfunctions.o(.rrx_text), (6 bytes).
    Removing auxfunctions.o(i.read_ADC_W1), (108 bytes).
    Removing system_stm32f7xx.o(.rev16_text), (4 bytes).
    Removing system_stm32f7xx.o(.revsh_text), (4 bytes).
    Removing system_stm32f7xx.o(.rrx_text), (6 bytes).

54 unused section(s) (total 4386 bytes) removed from the image.

==============================================================================

Image Symbol Table

    Local Symbols

    Symbol Name                              Value     Ov Type        Size  Object(Section)

    ../clib/angel/boardlib.s                 0x00000000   Number         0  boardinit2.o ABSOLUTE
    ../clib/angel/boardlib.s                 0x00000000   Number         0  boardshut.o ABSOLUTE
    ../clib/angel/boardlib.s                 0x00000000   Number         0  boardinit3.o ABSOLUTE
    ../clib/angel/boardlib.s                 0x00000000   Number         0  boardinit1.o ABSOLUTE
    ../clib/angel/handlers.s                 0x00000000   Number         0  __scatter_copy.o ABSOLUTE
    ../clib/angel/handlers.s                 0x00000000   Number         0  __scatter_zi.o ABSOLUTE
    ../clib/angel/kernel.s                   0x00000000   Number         0  rtexit2.o ABSOLUTE
    ../clib/angel/kernel.s                   0x00000000   Number         0  __rtentry4.o ABSOLUTE
    ../clib/angel/kernel.s                   0x00000000   Number         0  __rtentry2.o ABSOLUTE
    ../clib/angel/kernel.s                   0x00000000   Number         0  __rtentry.o ABSOLUTE
    ../clib/angel/kernel.s                   0x00000000   Number         0  rtexit.o ABSOLUTE
    ../clib/angel/rt.s                       0x00000000   Number         0  rt_raise.o ABSOLUTE
    ../clib/angel/rt.s                       0x00000000   Number         0  rt_errno_addr.o ABSOLUTE
    ../clib/angel/rt.s                       0x00000000   Number         0  rt_errno_addr_intlibspace.o ABSOLUTE
    ../clib/angel/scatter.s                  0x00000000   Number         0  __scatter.o ABSOLUTE
    ../clib/angel/startup.s                  0x00000000   Number         0  __main.o ABSOLUTE
    ../clib/angel/sys.s                      0x00000000   Number         0  indicate_semi.o ABSOLUTE
    ../clib/angel/sys.s                      0x00000000   Number         0  use_no_semi.o ABSOLUTE
    ../clib/angel/sys.s                      0x00000000   Number         0  libspace.o ABSOLUTE
    ../clib/angel/sys.s                      0x00000000   Number         0  sys_stackheap_outer.o ABSOLUTE
    ../clib/angel/sysapp.c                   0x00000000   Number         0  sys_exit.o ABSOLUTE
    ../clib/angel/sysapp.c                   0x00000000   Number         0  sys_command.o ABSOLUTE
    ../clib/angel/sysapp.c                   0x00000000   Number         0  sys_wrch.o ABSOLUTE
    ../clib/armsys.c                         0x00000000   Number         0  argv_veneer.o ABSOLUTE
    ../clib/armsys.c                         0x00000000   Number         0  argv_veneer.o ABSOLUTE
    ../clib/armsys.c                         0x00000000   Number         0  _get_argv_nomalloc.o ABSOLUTE
    ../clib/armsys.c                         0x00000000   Number         0  no_argv.o ABSOLUTE
    ../clib/fenv.c                           0x00000000   Number         0  _rserrno.o ABSOLUTE
    ../clib/heapalloc.c                      0x00000000   Number         0  hrguard.o ABSOLUTE
    ../clib/heapaux.c                        0x00000000   Number         0  heapauxi.o ABSOLUTE
    ../clib/libinit.s                        0x00000000   Number         0  libinit.o ABSOLUTE
    ../clib/libinit.s                        0x00000000   Number         0  libinit2.o ABSOLUTE
    ../clib/libinit.s                        0x00000000   Number         0  libshutdown.o ABSOLUTE
    ../clib/libinit.s                        0x00000000   Number         0  libshutdown2.o ABSOLUTE
    ../clib/signal.c                         0x00000000   Number         0  __raise.o ABSOLUTE
    ../clib/signal.c                         0x00000000   Number         0  defsig_rtmem_inner.o ABSOLUTE
    ../clib/signal.c                         0x00000000   Number         0  defsig_exit.o ABSOLUTE
    ../clib/signal.c                         0x00000000   Number         0  defsig_rtmem_outer.o ABSOLUTE
    ../clib/signal.c                         0x00000000   Number         0  defsig_general.o ABSOLUTE
    ../clib/signal.c                         0x00000000   Number         0  defsig_rtmem_formal.o ABSOLUTE
    ../clib/signal.c                         0x00000000   Number         0  defsig_other.o ABSOLUTE
    ../clib/signal.c                         0x00000000   Number         0  defsig_cppl_inner.o ABSOLUTE
    ../clib/signal.c                         0x00000000   Number         0  defsig_segv_inner.o ABSOLUTE
    ../clib/signal.c                         0x00000000   Number         0  defsig_stak_inner.o ABSOLUTE
    ../clib/signal.c                         0x00000000   Number         0  defsig_rtred_inner.o ABSOLUTE
    ../clib/signal.c                         0x00000000   Number         0  defsig_fpe_inner.o ABSOLUTE
    ../clib/signal.c                         0x00000000   Number         0  defsig_abrt_inner.o ABSOLUTE
    ../clib/signal.c                         0x00000000   Number         0  defsig_pvfn_inner.o ABSOLUTE
    ../clib/signal.s                         0x00000000   Number         0  defsig.o ABSOLUTE
    ../clib/stdlib.c                         0x00000000   Number         0  exit.o ABSOLUTE
    ../fplib/fpinit.s                        0x00000000   Number         0  fpinit.o ABSOLUTE
    ../fplib/usenofp.s                       0x00000000   Number         0  usenofp.o ABSOLUTE
    ../mathlib/ceil.c                        0x00000000   Number         0  ceil.o ABSOLUTE
    ../mathlib/cos_i.c                       0x00000000   Number         0  cos_i.o ABSOLUTE
    ../mathlib/dunder.c                      0x00000000   Number         0  dunder.o ABSOLUTE
    ../mathlib/fabs.c                        0x00000000   Number         0  fabs.o ABSOLUTE
    ../mathlib/fpclassify.c                  0x00000000   Number         0  fpclassify.o ABSOLUTE
    ../mathlib/poly.c                        0x00000000   Number         0  poly.o ABSOLUTE
    ../mathlib/rred.c                        0x00000000   Number         0  rred.o ABSOLUTE
    ../mathlib/sin.c                         0x00000000   Number         0  sin_x.o ABSOLUTE
    ../mathlib/sin.c                         0x00000000   Number         0  sin.o ABSOLUTE
    ../mathlib/sin_i.c                       0x00000000   Number         0  sin_i_x.o ABSOLUTE
    ../mathlib/sin_i.c                       0x00000000   Number         0  sin_i.o ABSOLUTE
    RTE\Device\STM32F769NIHx\startup_stm32f769xx.s 0x00000000   Number         0  startup_stm32f769xx.o ABSOLUTE
    RTE\Device\STM32F769NIHx\system_stm32f7xx.c 0x00000000   Number         0  system_stm32f7xx.o ABSOLUTE
    RTE\\Device\\STM32F769NIHx\\system_stm32f7xx.c 0x00000000   Number         0  system_stm32f7xx.o ABSOLUTE
    auxFunctions.c                           0x00000000   Number         0  auxfunctions.o ABSOLUTE
    auxFunctions.c                           0x00000000   Number         0  auxfunctions.o ABSOLUTE
    dc.s                                     0x00000000   Number         0  dc.o ABSOLUTE
    hal_EQ_techniques.c                      0x00000000   Number         0  hal_eq_techniques.o ABSOLUTE
    hal_gpio_driver.c                        0x00000000   Number         0  hal_gpio_driver.o ABSOLUTE
    hal_gpio_driver.c                        0x00000000   Number         0  hal_gpio_driver.o ABSOLUTE
    hal_spi_driver.c                         0x00000000   Number         0  hal_spi_driver.o ABSOLUTE
    hal_spi_driver.c                         0x00000000   Number         0  hal_spi_driver.o ABSOLUTE
    hal_timer6_driver.c                      0x00000000   Number         0  hal_timer6_driver.o ABSOLUTE
    hal_timer6_driver.c                      0x00000000   Number         0  hal_timer6_driver.o ABSOLUTE
    hal_usart_driver.c                       0x00000000   Number         0  hal_usart_driver.o ABSOLUTE
    hal_usart_driver.c                       0x00000000   Number         0  hal_usart_driver.o ABSOLUTE
    led.c                                    0x00000000   Number         0  led.o ABSOLUTE
    led.c                                    0x00000000   Number         0  led.o ABSOLUTE
    RESET                                    0x08000000   Section      504  startup_stm32f769xx.o(RESET)
    !!!main                                  0x080001f8   Section        8  __main.o(!!!main)
    !!!scatter                               0x08000200   Section       52  __scatter.o(!!!scatter)
    !!handler_copy                           0x08000234   Section       26  __scatter_copy.o(!!handler_copy)
    !!handler_zi                             0x08000250   Section       28  __scatter_zi.o(!!handler_zi)
    .ARM.Collect$$libinit$$00000000          0x0800026c   Section        2  libinit.o(.ARM.Collect$$libinit$$00000000)
    .ARM.Collect$$libinit$$00000001          0x0800026e   Section        4  libinit2.o(.ARM.Collect$$libinit$$00000001)
    .ARM.Collect$$libinit$$00000004          0x08000272   Section        0  libinit2.o(.ARM.Collect$$libinit$$00000004)
    .ARM.Collect$$libinit$$0000000A          0x08000272   Section        0  libinit2.o(.ARM.Collect$$libinit$$0000000A)
    .ARM.Collect$$libinit$$0000000C          0x08000272   Section        0  libinit2.o(.ARM.Collect$$libinit$$0000000C)
    .ARM.Collect$$libinit$$0000000E          0x08000272   Section        0  libinit2.o(.ARM.Collect$$libinit$$0000000E)
    .ARM.Collect$$libinit$$00000011          0x08000272   Section        0  libinit2.o(.ARM.Collect$$libinit$$00000011)
    .ARM.Collect$$libinit$$00000013          0x08000272   Section        0  libinit2.o(.ARM.Collect$$libinit$$00000013)
    .ARM.Collect$$libinit$$00000015          0x08000272   Section        0  libinit2.o(.ARM.Collect$$libinit$$00000015)
    .ARM.Collect$$libinit$$00000017          0x08000272   Section        0  libinit2.o(.ARM.Collect$$libinit$$00000017)
    .ARM.Collect$$libinit$$00000019          0x08000272   Section        0  libinit2.o(.ARM.Collect$$libinit$$00000019)
    .ARM.Collect$$libinit$$0000001B          0x08000272   Section        0  libinit2.o(.ARM.Collect$$libinit$$0000001B)
    .ARM.Collect$$libinit$$0000001D          0x08000272   Section        0  libinit2.o(.ARM.Collect$$libinit$$0000001D)
    .ARM.Collect$$libinit$$0000001F          0x08000272   Section        0  libinit2.o(.ARM.Collect$$libinit$$0000001F)
    .ARM.Collect$$libinit$$00000021          0x08000272   Section        0  libinit2.o(.ARM.Collect$$libinit$$00000021)
    .ARM.Collect$$libinit$$00000023          0x08000272   Section        0  libinit2.o(.ARM.Collect$$libinit$$00000023)
    .ARM.Collect$$libinit$$00000025          0x08000272   Section        0  libinit2.o(.ARM.Collect$$libinit$$00000025)
    .ARM.Collect$$libinit$$0000002C          0x08000272   Section        0  libinit2.o(.ARM.Collect$$libinit$$0000002C)
    .ARM.Collect$$libinit$$0000002E          0x08000272   Section        0  libinit2.o(.ARM.Collect$$libinit$$0000002E)
    .ARM.Collect$$libinit$$00000030          0x08000272   Section        0  libinit2.o(.ARM.Collect$$libinit$$00000030)
    .ARM.Collect$$libinit$$00000032          0x08000272   Section        0  libinit2.o(.ARM.Collect$$libinit$$00000032)
    .ARM.Collect$$libinit$$00000033          0x08000272   Section        2  libinit2.o(.ARM.Collect$$libinit$$00000033)
    .ARM.Collect$$libshutdown$$00000000      0x08000274   Section        2  libshutdown.o(.ARM.Collect$$libshutdown$$00000000)
    .ARM.Collect$$libshutdown$$00000002      0x08000276   Section        0  libshutdown2.o(.ARM.Collect$$libshutdown$$00000002)
    .ARM.Collect$$libshutdown$$00000004      0x08000276   Section        0  libshutdown2.o(.ARM.Collect$$libshutdown$$00000004)
    .ARM.Collect$$libshutdown$$00000007      0x08000276   Section        0  libshutdown2.o(.ARM.Collect$$libshutdown$$00000007)
    .ARM.Collect$$libshutdown$$0000000A      0x08000276   Section        0  libshutdown2.o(.ARM.Collect$$libshutdown$$0000000A)
    .ARM.Collect$$libshutdown$$0000000C      0x08000276   Section        0  libshutdown2.o(.ARM.Collect$$libshutdown$$0000000C)
    .ARM.Collect$$libshutdown$$0000000F      0x08000276   Section        0  libshutdown2.o(.ARM.Collect$$libshutdown$$0000000F)
    .ARM.Collect$$libshutdown$$00000010      0x08000276   Section        2  libshutdown2.o(.ARM.Collect$$libshutdown$$00000010)
    .ARM.Collect$$rtentry$$00000000          0x08000278   Section        0  __rtentry.o(.ARM.Collect$$rtentry$$00000000)
    .ARM.Collect$$rtentry$$00000002          0x08000278   Section        0  __rtentry2.o(.ARM.Collect$$rtentry$$00000002)
    .ARM.Collect$$rtentry$$00000004          0x08000278   Section        6  __rtentry4.o(.ARM.Collect$$rtentry$$00000004)
    .ARM.Collect$$rtentry$$00000009          0x0800027e   Section        0  __rtentry2.o(.ARM.Collect$$rtentry$$00000009)
    .ARM.Collect$$rtentry$$0000000A          0x0800027e   Section        4  __rtentry2.o(.ARM.Collect$$rtentry$$0000000A)
    .ARM.Collect$$rtentry$$0000000C          0x08000282   Section        0  __rtentry2.o(.ARM.Collect$$rtentry$$0000000C)
    .ARM.Collect$$rtentry$$0000000D          0x08000282   Section        8  __rtentry2.o(.ARM.Collect$$rtentry$$0000000D)
    .ARM.Collect$$rtexit$$00000000           0x0800028a   Section        2  rtexit.o(.ARM.Collect$$rtexit$$00000000)
    .ARM.Collect$$rtexit$$00000002           0x0800028c   Section        0  rtexit2.o(.ARM.Collect$$rtexit$$00000002)
    .ARM.Collect$$rtexit$$00000003           0x0800028c   Section        4  rtexit2.o(.ARM.Collect$$rtexit$$00000003)
    .ARM.Collect$$rtexit$$00000004           0x08000290   Section        6  rtexit2.o(.ARM.Collect$$rtexit$$00000004)
    .text                                    0x08000298   Section       64  startup_stm32f769xx.o(.text)
    $v0                                      0x08000298   Number         0  startup_stm32f769xx.o(.text)
    .text                                    0x080002d8   Section        0  heapauxi.o(.text)
    .text                                    0x080002e0   Section        8  libspace.o(.text)
    .text                                    0x080002e8   Section       74  sys_stackheap_outer.o(.text)
    .text                                    0x08000332   Section        0  exit.o(.text)
    .text                                    0x08000344   Section        0  sys_exit.o(.text)
    .text                                    0x08000350   Section        2  use_no_semi.o(.text)
    .text                                    0x08000352   Section        0  indicate_semi.o(.text)
    i.EXTI0_IRQHandler                       0x08000352   Section        0  led.o(i.EXTI0_IRQHandler)
    i.Ending                                 0x08000354   Section        0  led.o(i.Ending)
    i.Error                                  0x080003d0   Section        0  led.o(i.Error)
    i.FS_ch                                  0x080003d4   Section        0  led.o(i.FS_ch)
    i.Idle                                   0x0800044c   Section        0  led.o(i.Idle)
    i.Measuring                              0x080004a8   Section        0  led.o(i.Measuring)
    i.PrepE                                  0x080005f0   Section        0  led.o(i.PrepE)
    i.Pretreatment                           0x08000630   Section        0  led.o(i.Pretreatment)
    i.SPI2_IRQHandler                        0x080006a0   Section        0  led.o(i.SPI2_IRQHandler)
    i.SystemCoreClockUpdate                  0x080006b0   Section        0  system_stm32f7xx.o(i.SystemCoreClockUpdate)
    i.SystemInit                             0x08000770   Section        0  system_stm32f7xx.o(i.SystemInit)
    i.TIM6_DAC_IRQHandler                    0x080007d4   Section        0  led.o(i.TIM6_DAC_IRQHandler)
    i.TIM7_IRQHandler                        0x08000870   Section        0  led.o(i.TIM7_IRQHandler)
    i.USART6_IRQHandler                      0x08000874   Section        0  led.o(i.USART6_IRQHandler)
    i.__NVIC_EnableIRQ                       0x08000884   Section        0  led.o(i.__NVIC_EnableIRQ)
    __NVIC_EnableIRQ                         0x08000885   Thumb Code    26  led.o(i.__NVIC_EnableIRQ)
    i.__hardfp_ceil                          0x080008a0   Section        0  ceil.o(i.__hardfp_ceil)
    i.app_rx_cmp_callback                    0x08000990   Section        0  led.o(i.app_rx_cmp_callback)
    i.app_tx_cmp_callback                    0x080009a0   Section        0  led.o(i.app_tx_cmp_callback)
    i.bipot                                  0x080009cc   Section        0  led.o(i.bipot)
    i.calibration                            0x08000a0c   Section        0  led.o(i.calibration)
    i.conection                              0x08000a10   Section        0  led.o(i.conection)
    i.eis                                    0x08000a38   Section        0  led.o(i.eis)
    i.galv                                   0x08000a50   Section        0  led.o(i.galv)
    i.generateDPVwaveform                    0x08000a68   Section        0  hal_eq_techniques.o(i.generateDPVwaveform)
    i.generate_data                          0x08000c34   Section        0  hal_eq_techniques.o(i.generate_data)
    i.gpio_init                              0x08000c80   Section        0  led.o(i.gpio_init)
    i.hal_gpio_configure_pin_mode            0x08000dc8   Section        0  hal_gpio_driver.o(i.hal_gpio_configure_pin_mode)
    i.hal_gpio_configure_pin_otype           0x08000dd8   Section        0  hal_gpio_driver.o(i.hal_gpio_configure_pin_otype)
    i.hal_gpio_configure_pin_pupd            0x08000de6   Section        0  hal_gpio_driver.o(i.hal_gpio_configure_pin_pupd)
    i.hal_gpio_configure_pin_speed           0x08000df6   Section        0  hal_gpio_driver.o(i.hal_gpio_configure_pin_speed)
    i.hal_gpio_init                          0x08000e06   Section        0  hal_gpio_driver.o(i.hal_gpio_init)
    i.hal_gpio_read_from_pin                 0x08000e3e   Section        0  hal_gpio_driver.o(i.hal_gpio_read_from_pin)
    i.hal_gpio_set_alt_function              0x08000e4a   Section        0  hal_gpio_driver.o(i.hal_gpio_set_alt_function)
    i.hal_gpio_write_to_pin                  0x08000e7a   Section        0  hal_gpio_driver.o(i.hal_gpio_write_to_pin)
    i.hal_spi_configure_baudrate             0x08000e96   Section        0  hal_spi_driver.o(i.hal_spi_configure_baudrate)
    hal_spi_configure_baudrate               0x08000e97   Thumb Code     8  hal_spi_driver.o(i.hal_spi_configure_baudrate)
    i.hal_spi_configure_datasize             0x08000e9e   Section        0  hal_spi_driver.o(i.hal_spi_configure_datasize)
    hal_spi_configure_datasize               0x08000e9f   Thumb Code   190  hal_spi_driver.o(i.hal_spi_configure_datasize)
    i.hal_spi_configure_device_mode          0x08000f5c   Section        0  hal_spi_driver.o(i.hal_spi_configure_device_mode)
    hal_spi_configure_device_mode            0x08000f5d   Thumb Code    22  hal_spi_driver.o(i.hal_spi_configure_device_mode)
    i.hal_spi_configure_direction            0x08000f72   Section        0  hal_spi_driver.o(i.hal_spi_configure_direction)
    hal_spi_configure_direction              0x08000f73   Thumb Code    42  hal_spi_driver.o(i.hal_spi_configure_direction)
    i.hal_spi_configure_nss_master           0x08000f9c   Section        0  hal_spi_driver.o(i.hal_spi_configure_nss_master)
    hal_spi_configure_nss_master             0x08000f9d   Thumb Code    30  hal_spi_driver.o(i.hal_spi_configure_nss_master)
    i.hal_spi_configure_nss_slave            0x08000fba   Section        0  hal_spi_driver.o(i.hal_spi_configure_nss_slave)
    hal_spi_configure_nss_slave              0x08000fbb   Thumb Code    22  hal_spi_driver.o(i.hal_spi_configure_nss_slave)
    i.hal_spi_configure_phase_and_polarity   0x08000fd0   Section        0  hal_spi_driver.o(i.hal_spi_configure_phase_and_polarity)
    hal_spi_configure_phase_and_polarity     0x08000fd1   Thumb Code    42  hal_spi_driver.o(i.hal_spi_configure_phase_and_polarity)
    i.hal_spi_disable_rxne_interrupt         0x08000ffa   Section        0  hal_spi_driver.o(i.hal_spi_disable_rxne_interrupt)
    hal_spi_disable_rxne_interrupt           0x08000ffb   Thumb Code    10  hal_spi_driver.o(i.hal_spi_disable_rxne_interrupt)
    i.hal_spi_disable_txe_interrupt          0x08001004   Section        0  hal_spi_driver.o(i.hal_spi_disable_txe_interrupt)
    hal_spi_disable_txe_interrupt            0x08001005   Thumb Code    10  hal_spi_driver.o(i.hal_spi_disable_txe_interrupt)
    i.hal_spi_handle_rx_interrupt            0x0800100e   Section        0  hal_spi_driver.o(i.hal_spi_handle_rx_interrupt)
    hal_spi_handle_rx_interrupt              0x0800100f   Thumb Code    72  hal_spi_driver.o(i.hal_spi_handle_rx_interrupt)
    i.hal_spi_handle_tx_interrupt            0x08001056   Section        0  hal_spi_driver.o(i.hal_spi_handle_tx_interrupt)
    i.hal_spi_init                           0x0800109a   Section        0  hal_spi_driver.o(i.hal_spi_init)
    i.hal_spi_irq_handler                    0x080010e6   Section        0  hal_spi_driver.o(i.hal_spi_irq_handler)
    i.hal_spi_is_bus_busy                    0x0800112a   Section        0  hal_spi_driver.o(i.hal_spi_is_bus_busy)
    i.hal_spi_rx_close_interrupt             0x0800113c   Section        0  hal_spi_driver.o(i.hal_spi_rx_close_interrupt)
    hal_spi_rx_close_interrupt               0x0800113d   Thumb Code    30  hal_spi_driver.o(i.hal_spi_rx_close_interrupt)
    i.hal_spi_tx_close_interrupt             0x0800115a   Section        0  hal_spi_driver.o(i.hal_spi_tx_close_interrupt)
    hal_spi_tx_close_interrupt               0x0800115b   Thumb Code    30  hal_spi_driver.o(i.hal_spi_tx_close_interrupt)
    i.hal_tim67_clear_flag                   0x08001178   Section        0  hal_timer6_driver.o(i.hal_tim67_clear_flag)
    i.hal_tim67_disable                      0x08001186   Section        0  hal_timer6_driver.o(i.hal_tim67_disable)
    i.hal_tim67_enable                       0x08001194   Section        0  hal_timer6_driver.o(i.hal_tim67_enable)
    i.hal_tim67_handle_interrupt             0x080011a2   Section        0  hal_timer6_driver.o(i.hal_tim67_handle_interrupt)
    i.hal_tim67_int_disable                  0x080011c0   Section        0  hal_timer6_driver.o(i.hal_tim67_int_disable)
    i.hal_tim67_int_enable                   0x080011de   Section        0  hal_timer6_driver.o(i.hal_tim67_int_enable)
    i.hal_uart_clear_error_flag              0x080011fc   Section        0  hal_usart_driver.o(i.hal_uart_clear_error_flag)
    hal_uart_clear_error_flag                0x080011fd   Thumb Code    12  hal_usart_driver.o(i.hal_uart_clear_error_flag)
    i.hal_uart_configure_error_interrupt     0x08001208   Section        0  hal_usart_driver.o(i.hal_uart_configure_error_interrupt)
    hal_uart_configure_error_interrupt       0x08001209   Thumb Code    22  hal_usart_driver.o(i.hal_uart_configure_error_interrupt)
    i.hal_uart_configure_over_sampling       0x0800121e   Section        0  hal_usart_driver.o(i.hal_uart_configure_over_sampling)
    hal_uart_configure_over_sampling         0x0800121f   Thumb Code    12  hal_usart_driver.o(i.hal_uart_configure_over_sampling)
    i.hal_uart_configure_parity_error_interrupt 0x0800122a   Section        0  hal_usart_driver.o(i.hal_uart_configure_parity_error_interrupt)
    hal_uart_configure_parity_error_interrupt 0x0800122b   Thumb Code    22  hal_usart_driver.o(i.hal_uart_configure_parity_error_interrupt)
    i.hal_uart_configure_rxne_interrupt      0x08001240   Section        0  hal_usart_driver.o(i.hal_uart_configure_rxne_interrupt)
    hal_uart_configure_rxne_interrupt        0x08001241   Thumb Code    22  hal_usart_driver.o(i.hal_uart_configure_rxne_interrupt)
    i.hal_uart_configure_stop_bits           0x08001256   Section        0  hal_usart_driver.o(i.hal_uart_configure_stop_bits)
    hal_uart_configure_stop_bits             0x08001257   Thumb Code    70  hal_usart_driver.o(i.hal_uart_configure_stop_bits)
    i.hal_uart_configure_txe_interrupt       0x0800129c   Section        0  hal_usart_driver.o(i.hal_uart_configure_txe_interrupt)
    hal_uart_configure_txe_interrupt         0x0800129d   Thumb Code    22  hal_usart_driver.o(i.hal_uart_configure_txe_interrupt)
    i.hal_uart_configure_word_length         0x080012b2   Section        0  hal_usart_driver.o(i.hal_uart_configure_word_length)
    hal_uart_configure_word_length           0x080012b3   Thumb Code   104  hal_usart_driver.o(i.hal_uart_configure_word_length)
    i.hal_uart_enable                        0x0800131a   Section        0  hal_usart_driver.o(i.hal_uart_enable)
    hal_uart_enable                          0x0800131b   Thumb Code    10  hal_usart_driver.o(i.hal_uart_enable)
    i.hal_uart_enable_disable_rx             0x08001324   Section        0  hal_usart_driver.o(i.hal_uart_enable_disable_rx)
    hal_uart_enable_disable_rx               0x08001325   Thumb Code    26  hal_usart_driver.o(i.hal_uart_enable_disable_rx)
    i.hal_uart_enable_disable_tx             0x0800133e   Section        0  hal_usart_driver.o(i.hal_uart_enable_disable_tx)
    hal_uart_enable_disable_tx               0x0800133f   Thumb Code    26  hal_usart_driver.o(i.hal_uart_enable_disable_tx)
    i.hal_uart_handle_RXNE_interrupt         0x08001358   Section        0  hal_usart_driver.o(i.hal_uart_handle_RXNE_interrupt)
    hal_uart_handle_RXNE_interrupt           0x08001359   Thumb Code   116  hal_usart_driver.o(i.hal_uart_handle_RXNE_interrupt)
    i.hal_uart_handle_TC_interrupt           0x080013cc   Section        0  hal_usart_driver.o(i.hal_uart_handle_TC_interrupt)
    hal_uart_handle_TC_interrupt             0x080013cd   Thumb Code    36  hal_usart_driver.o(i.hal_uart_handle_TC_interrupt)
    i.hal_uart_handle_TXE_interrupt          0x080013f0   Section        0  hal_usart_driver.o(i.hal_uart_handle_TXE_interrupt)
    hal_uart_handle_TXE_interrupt            0x080013f1   Thumb Code    60  hal_usart_driver.o(i.hal_uart_handle_TXE_interrupt)
    i.hal_uart_handle_interrupt              0x0800142c   Section        0  hal_usart_driver.o(i.hal_uart_handle_interrupt)
    i.hal_uart_init                          0x0800150c   Section        0  hal_usart_driver.o(i.hal_uart_init)
    i.hal_uart_rx                            0x08001556   Section        0  hal_usart_driver.o(i.hal_uart_rx)
    i.hal_uart_set_baud_rate                 0x0800158c   Section        0  hal_usart_driver.o(i.hal_uart_set_baud_rate)
    hal_uart_set_baud_rate                   0x0800158d   Thumb Code    32  hal_usart_driver.o(i.hal_uart_set_baud_rate)
    i.hal_uart_tx                            0x080015ac   Section        0  hal_usart_driver.o(i.hal_uart_tx)
    i.initClock                              0x080015d0   Section        0  led.o(i.initClock)
    i.led_init                               0x0800161c   Section        0  led.o(i.led_init)
    i.led_toggle                             0x08001660   Section        0  auxfunctions.o(i.led_toggle)
    i.led_turn_off                           0x08001688   Section        0  auxfunctions.o(i.led_turn_off)
    i.led_turn_on                            0x0800169a   Section        0  auxfunctions.o(i.led_turn_on)
    i.load_ACV_data                          0x080016ac   Section        0  hal_eq_techniques.o(i.load_ACV_data)
    i.load_CV_data                           0x08001880   Section        0  hal_eq_techniques.o(i.load_CV_data)
    i.load_DNPV_data                         0x08001a14   Section        0  hal_eq_techniques.o(i.load_DNPV_data)
    i.load_DPV_data                          0x08001be8   Section        0  hal_eq_techniques.o(i.load_DPV_data)
    i.load_LSV_data                          0x08001c30   Section        0  hal_eq_techniques.o(i.load_LSV_data)
    i.load_NPV_data                          0x08001d6c   Section        0  hal_eq_techniques.o(i.load_NPV_data)
    i.load_SCV_data                          0x08001ef0   Section        0  hal_eq_techniques.o(i.load_SCV_data)
    i.load_SWV_data                          0x08002084   Section        0  hal_eq_techniques.o(i.load_SWV_data)
    i.load_data                              0x08002208   Section        0  hal_eq_techniques.o(i.load_data)
    i.main                                   0x080022cc   Section        0  led.o(i.main)
    i.parse_cmd                              0x080024bc   Section        0  auxfunctions.o(i.parse_cmd)
    i.pot                                    0x08002694   Section        0  led.o(i.pot)
    i.spi_gpio_init                          0x08002734   Section        0  led.o(i.spi_gpio_init)
    i.start                                  0x080027b4   Section        0  led.o(i.start)
    i.uart_gpio_init                         0x08002824   Section        0  led.o(i.uart_gpio_init)
    x$fpl$fpinit                             0x0800287c   Section       10  fpinit.o(x$fpl$fpinit)
    $v0                                      0x0800287c   Number         0  fpinit.o(x$fpl$fpinit)
    .constdata                               0x08002886   Section       24  system_stm32f7xx.o(.constdata)
    x$fpl$usenofp                            0x08002886   Section        0  usenofp.o(x$fpl$usenofp)
    .data                                    0x20020000   Section      172  led.o(.data)
    .data                                    0x200200ac   Section        4  system_stm32f7xx.o(.data)
    .bss                                     0x200200b0   Section    280566  led.o(.bss)
    .bss                                     0x200648a8   Section       96  libspace.o(.bss)
    HEAP                                     0x20064908   Section      512  startup_stm32f769xx.o(HEAP)
    Heap_Mem                                 0x20064908   Data         512  startup_stm32f769xx.o(HEAP)
    STACK                                    0x20064b08   Section     1024  startup_stm32f769xx.o(STACK)
    Stack_Mem                                0x20064b08   Data        1024  startup_stm32f769xx.o(STACK)
    __initial_sp                             0x20064f08   Data           0  startup_stm32f769xx.o(STACK)

    Global Symbols

    Symbol Name                              Value     Ov Type        Size  Object(Section)

    BuildAttributes$$THM_ISAv4$E$P$D$K$B$S$7EM$VFPv5_D16$PE$PLD8$A:L22UL41UL21$X:L11$S22US41US21$IEEE1$IW$USESV6$~STKCKD$USESV7$~SHL$OTIME$ROPI$IEEEX$EBA8$UX$STANDARDLIB$REQ8$PRES8$EABIv2 0x00000000   Number         0  anon$$obj.o ABSOLUTE
    __ARM_use_no_argv                        0x00000000   Number         0  led.o ABSOLUTE
    __ARM_exceptions_init                     - Undefined Weak Reference
    __alloca_initialize                       - Undefined Weak Reference
    __arm_preinit_                            - Undefined Weak Reference
    __cpp_initialize__aeabi_                  - Undefined Weak Reference
    __cxa_finalize                            - Undefined Weak Reference
    __rt_locale                               - Undefined Weak Reference
    __sigvec_lookup                           - Undefined Weak Reference
    _atexit_init                              - Undefined Weak Reference
    _call_atexit_fns                          - Undefined Weak Reference
    _clock_init                               - Undefined Weak Reference
    _fp_trap_init                             - Undefined Weak Reference
    _fp_trap_shutdown                         - Undefined Weak Reference
    _get_lc_collate                           - Undefined Weak Reference
    _get_lc_ctype                             - Undefined Weak Reference
    _get_lc_monetary                          - Undefined Weak Reference
    _get_lc_numeric                           - Undefined Weak Reference
    _get_lc_time                              - Undefined Weak Reference
    _getenv_init                              - Undefined Weak Reference
    _handle_redirection                       - Undefined Weak Reference
    _init_alloc                               - Undefined Weak Reference
    _init_user_alloc                          - Undefined Weak Reference
    _initio                                   - Undefined Weak Reference
    _rand_init                                - Undefined Weak Reference
    _signal_finish                            - Undefined Weak Reference
    _signal_init                              - Undefined Weak Reference
    _terminate_alloc                          - Undefined Weak Reference
    _terminate_user_alloc                     - Undefined Weak Reference
    _terminateio                              - Undefined Weak Reference
    __Vectors_Size                           0x000001f8   Number         0  startup_stm32f769xx.o ABSOLUTE
    __Vectors                                0x08000000   Data           4  startup_stm32f769xx.o(RESET)
    __Vectors_End                            0x080001f8   Data           0  startup_stm32f769xx.o(RESET)
    __main                                   0x080001f9   Thumb Code     8  __main.o(!!!main)
    __scatterload                            0x08000201   Thumb Code     0  __scatter.o(!!!scatter)
    __scatterload_rt2                        0x08000201   Thumb Code    44  __scatter.o(!!!scatter)
    __scatterload_rt2_thumb_only             0x08000201   Thumb Code     0  __scatter.o(!!!scatter)
    __scatterload_null                       0x0800020f   Thumb Code     0  __scatter.o(!!!scatter)
    __scatterload_copy                       0x08000235   Thumb Code    26  __scatter_copy.o(!!handler_copy)
    __scatterload_zeroinit                   0x08000251   Thumb Code    28  __scatter_zi.o(!!handler_zi)
    __rt_lib_init                            0x0800026d   Thumb Code     0  libinit.o(.ARM.Collect$$libinit$$00000000)
    __rt_lib_init_fp_1                       0x0800026f   Thumb Code     0  libinit2.o(.ARM.Collect$$libinit$$00000001)
    __rt_lib_init_alloca_1                   0x08000273   Thumb Code     0  libinit2.o(.ARM.Collect$$libinit$$0000002E)
    __rt_lib_init_argv_1                     0x08000273   Thumb Code     0  libinit2.o(.ARM.Collect$$libinit$$0000002C)
    __rt_lib_init_atexit_1                   0x08000273   Thumb Code     0  libinit2.o(.ARM.Collect$$libinit$$0000001B)
    __rt_lib_init_clock_1                    0x08000273   Thumb Code     0  libinit2.o(.ARM.Collect$$libinit$$00000021)
    __rt_lib_init_cpp_1                      0x08000273   Thumb Code     0  libinit2.o(.ARM.Collect$$libinit$$00000032)
    __rt_lib_init_exceptions_1               0x08000273   Thumb Code     0  libinit2.o(.ARM.Collect$$libinit$$00000030)
    __rt_lib_init_fp_trap_1                  0x08000273   Thumb Code     0  libinit2.o(.ARM.Collect$$libinit$$0000001F)
    __rt_lib_init_getenv_1                   0x08000273   Thumb Code     0  libinit2.o(.ARM.Collect$$libinit$$00000023)
    __rt_lib_init_heap_1                     0x08000273   Thumb Code     0  libinit2.o(.ARM.Collect$$libinit$$0000000A)
    __rt_lib_init_lc_collate_1               0x08000273   Thumb Code     0  libinit2.o(.ARM.Collect$$libinit$$00000011)
    __rt_lib_init_lc_ctype_1                 0x08000273   Thumb Code     0  libinit2.o(.ARM.Collect$$libinit$$00000013)
    __rt_lib_init_lc_monetary_1              0x08000273   Thumb Code     0  libinit2.o(.ARM.Collect$$libinit$$00000015)
    __rt_lib_init_lc_numeric_1               0x08000273   Thumb Code     0  libinit2.o(.ARM.Collect$$libinit$$00000017)
    __rt_lib_init_lc_time_1                  0x08000273   Thumb Code     0  libinit2.o(.ARM.Collect$$libinit$$00000019)
    __rt_lib_init_preinit_1                  0x08000273   Thumb Code     0  libinit2.o(.ARM.Collect$$libinit$$00000004)
    __rt_lib_init_rand_1                     0x08000273   Thumb Code     0  libinit2.o(.ARM.Collect$$libinit$$0000000E)
    __rt_lib_init_return                     0x08000273   Thumb Code     0  libinit2.o(.ARM.Collect$$libinit$$00000033)
    __rt_lib_init_signal_1                   0x08000273   Thumb Code     0  libinit2.o(.ARM.Collect$$libinit$$0000001D)
    __rt_lib_init_stdio_1                    0x08000273   Thumb Code     0  libinit2.o(.ARM.Collect$$libinit$$00000025)
    __rt_lib_init_user_alloc_1               0x08000273   Thumb Code     0  libinit2.o(.ARM.Collect$$libinit$$0000000C)
    __rt_lib_shutdown                        0x08000275   Thumb Code     0  libshutdown.o(.ARM.Collect$$libshutdown$$00000000)
    __rt_lib_shutdown_cpp_1                  0x08000277   Thumb Code     0  libshutdown2.o(.ARM.Collect$$libshutdown$$00000002)
    __rt_lib_shutdown_fp_trap_1              0x08000277   Thumb Code     0  libshutdown2.o(.ARM.Collect$$libshutdown$$00000007)
    __rt_lib_shutdown_heap_1                 0x08000277   Thumb Code     0  libshutdown2.o(.ARM.Collect$$libshutdown$$0000000F)
    __rt_lib_shutdown_return                 0x08000277   Thumb Code     0  libshutdown2.o(.ARM.Collect$$libshutdown$$00000010)
    __rt_lib_shutdown_signal_1               0x08000277   Thumb Code     0  libshutdown2.o(.ARM.Collect$$libshutdown$$0000000A)
    __rt_lib_shutdown_stdio_1                0x08000277   Thumb Code     0  libshutdown2.o(.ARM.Collect$$libshutdown$$00000004)
    __rt_lib_shutdown_user_alloc_1           0x08000277   Thumb Code     0  libshutdown2.o(.ARM.Collect$$libshutdown$$0000000C)
    __rt_entry                               0x08000279   Thumb Code     0  __rtentry.o(.ARM.Collect$$rtentry$$00000000)
    __rt_entry_presh_1                       0x08000279   Thumb Code     0  __rtentry2.o(.ARM.Collect$$rtentry$$00000002)
    __rt_entry_sh                            0x08000279   Thumb Code     0  __rtentry4.o(.ARM.Collect$$rtentry$$00000004)
    __rt_entry_li                            0x0800027f   Thumb Code     0  __rtentry2.o(.ARM.Collect$$rtentry$$0000000A)
    __rt_entry_postsh_1                      0x0800027f   Thumb Code     0  __rtentry2.o(.ARM.Collect$$rtentry$$00000009)
    __rt_entry_main                          0x08000283   Thumb Code     0  __rtentry2.o(.ARM.Collect$$rtentry$$0000000D)
    __rt_entry_postli_1                      0x08000283   Thumb Code     0  __rtentry2.o(.ARM.Collect$$rtentry$$0000000C)
    __rt_exit                                0x0800028b   Thumb Code     0  rtexit.o(.ARM.Collect$$rtexit$$00000000)
    __rt_exit_ls                             0x0800028d   Thumb Code     0  rtexit2.o(.ARM.Collect$$rtexit$$00000003)
    __rt_exit_prels_1                        0x0800028d   Thumb Code     0  rtexit2.o(.ARM.Collect$$rtexit$$00000002)
    __rt_exit_exit                           0x08000291   Thumb Code     0  rtexit2.o(.ARM.Collect$$rtexit$$00000004)
    Reset_Handler                            0x08000299   Thumb Code     8  startup_stm32f769xx.o(.text)
    NMI_Handler                              0x080002a1   Thumb Code     2  startup_stm32f769xx.o(.text)
    HardFault_Handler                        0x080002a3   Thumb Code     2  startup_stm32f769xx.o(.text)
    MemManage_Handler                        0x080002a5   Thumb Code     2  startup_stm32f769xx.o(.text)
    BusFault_Handler                         0x080002a7   Thumb Code     2  startup_stm32f769xx.o(.text)
    UsageFault_Handler                       0x080002a9   Thumb Code     2  startup_stm32f769xx.o(.text)
    SVC_Handler                              0x080002ab   Thumb Code     2  startup_stm32f769xx.o(.text)
    DebugMon_Handler                         0x080002ad   Thumb Code     2  startup_stm32f769xx.o(.text)
    PendSV_Handler                           0x080002af   Thumb Code     2  startup_stm32f769xx.o(.text)
    SysTick_Handler                          0x080002b1   Thumb Code     2  startup_stm32f769xx.o(.text)
    ADC_IRQHandler                           0x080002b3   Thumb Code     0  startup_stm32f769xx.o(.text)
    CAN1_RX0_IRQHandler                      0x080002b3   Thumb Code     0  startup_stm32f769xx.o(.text)
    CAN1_RX1_IRQHandler                      0x080002b3   Thumb Code     0  startup_stm32f769xx.o(.text)
    CAN1_SCE_IRQHandler                      0x080002b3   Thumb Code     0  startup_stm32f769xx.o(.text)
    CAN1_TX_IRQHandler                       0x080002b3   Thumb Code     0  startup_stm32f769xx.o(.text)
    CAN2_RX0_IRQHandler                      0x080002b3   Thumb Code     0  startup_stm32f769xx.o(.text)
    CAN2_RX1_IRQHandler                      0x080002b3   Thumb Code     0  startup_stm32f769xx.o(.text)
    CAN2_SCE_IRQHandler                      0x080002b3   Thumb Code     0  startup_stm32f769xx.o(.text)
    CAN2_TX_IRQHandler                       0x080002b3   Thumb Code     0  startup_stm32f769xx.o(.text)
    CAN3_RX0_IRQHandler                      0x080002b3   Thumb Code     0  startup_stm32f769xx.o(.text)
    CAN3_RX1_IRQHandler                      0x080002b3   Thumb Code     0  startup_stm32f769xx.o(.text)
    CAN3_SCE_IRQHandler                      0x080002b3   Thumb Code     0  startup_stm32f769xx.o(.text)
    CAN3_TX_IRQHandler                       0x080002b3   Thumb Code     0  startup_stm32f769xx.o(.text)
    CEC_IRQHandler                           0x080002b3   Thumb Code     0  startup_stm32f769xx.o(.text)
    DCMI_IRQHandler                          0x080002b3   Thumb Code     0  startup_stm32f769xx.o(.text)
    DFSDM1_FLT0_IRQHandler                   0x080002b3   Thumb Code     0  startup_stm32f769xx.o(.text)
    DFSDM1_FLT1_IRQHandler                   0x080002b3   Thumb Code     0  startup_stm32f769xx.o(.text)
    DFSDM1_FLT2_IRQHandler                   0x080002b3   Thumb Code     0  startup_stm32f769xx.o(.text)
    DFSDM1_FLT3_IRQHandler                   0x080002b3   Thumb Code     0  startup_stm32f769xx.o(.text)
    DMA1_Stream0_IRQHandler                  0x080002b3   Thumb Code     0  startup_stm32f769xx.o(.text)
    DMA1_Stream1_IRQHandler                  0x080002b3   Thumb Code     0  startup_stm32f769xx.o(.text)
    DMA1_Stream2_IRQHandler                  0x080002b3   Thumb Code     0  startup_stm32f769xx.o(.text)
    DMA1_Stream3_IRQHandler                  0x080002b3   Thumb Code     0  startup_stm32f769xx.o(.text)
    DMA1_Stream4_IRQHandler                  0x080002b3   Thumb Code     0  startup_stm32f769xx.o(.text)
    DMA1_Stream5_IRQHandler                  0x080002b3   Thumb Code     0  startup_stm32f769xx.o(.text)
    DMA1_Stream6_IRQHandler                  0x080002b3   Thumb Code     0  startup_stm32f769xx.o(.text)
    DMA1_Stream7_IRQHandler                  0x080002b3   Thumb Code     0  startup_stm32f769xx.o(.text)
    DMA2D_IRQHandler                         0x080002b3   Thumb Code     0  startup_stm32f769xx.o(.text)
    DMA2_Stream0_IRQHandler                  0x080002b3   Thumb Code     0  startup_stm32f769xx.o(.text)
    DMA2_Stream1_IRQHandler                  0x080002b3   Thumb Code     0  startup_stm32f769xx.o(.text)
    DMA2_Stream2_IRQHandler                  0x080002b3   Thumb Code     0  startup_stm32f769xx.o(.text)
    DMA2_Stream3_IRQHandler                  0x080002b3   Thumb Code     0  startup_stm32f769xx.o(.text)
    DMA2_Stream4_IRQHandler                  0x080002b3   Thumb Code     0  startup_stm32f769xx.o(.text)
    DMA2_Stream5_IRQHandler                  0x080002b3   Thumb Code     0  startup_stm32f769xx.o(.text)
    DMA2_Stream6_IRQHandler                  0x080002b3   Thumb Code     0  startup_stm32f769xx.o(.text)
    DMA2_Stream7_IRQHandler                  0x080002b3   Thumb Code     0  startup_stm32f769xx.o(.text)
    DSI_IRQHandler                           0x080002b3   Thumb Code     0  startup_stm32f769xx.o(.text)
    ETH_IRQHandler                           0x080002b3   Thumb Code     0  startup_stm32f769xx.o(.text)
    ETH_WKUP_IRQHandler                      0x080002b3   Thumb Code     0  startup_stm32f769xx.o(.text)
    EXTI15_10_IRQHandler                     0x080002b3   Thumb Code     0  startup_stm32f769xx.o(.text)
    EXTI1_IRQHandler                         0x080002b3   Thumb Code     0  startup_stm32f769xx.o(.text)
    EXTI2_IRQHandler                         0x080002b3   Thumb Code     0  startup_stm32f769xx.o(.text)
    EXTI3_IRQHandler                         0x080002b3   Thumb Code     0  startup_stm32f769xx.o(.text)
    EXTI4_IRQHandler                         0x080002b3   Thumb Code     0  startup_stm32f769xx.o(.text)
    EXTI9_5_IRQHandler                       0x080002b3   Thumb Code     0  startup_stm32f769xx.o(.text)
    FLASH_IRQHandler                         0x080002b3   Thumb Code     0  startup_stm32f769xx.o(.text)
    FMC_IRQHandler                           0x080002b3   Thumb Code     0  startup_stm32f769xx.o(.text)
    FPU_IRQHandler                           0x080002b3   Thumb Code     0  startup_stm32f769xx.o(.text)
    I2C1_ER_IRQHandler                       0x080002b3   Thumb Code     0  startup_stm32f769xx.o(.text)
    I2C1_EV_IRQHandler                       0x080002b3   Thumb Code     0  startup_stm32f769xx.o(.text)
    I2C2_ER_IRQHandler                       0x080002b3   Thumb Code     0  startup_stm32f769xx.o(.text)
    I2C2_EV_IRQHandler                       0x080002b3   Thumb Code     0  startup_stm32f769xx.o(.text)
    I2C3_ER_IRQHandler                       0x080002b3   Thumb Code     0  startup_stm32f769xx.o(.text)
    I2C3_EV_IRQHandler                       0x080002b3   Thumb Code     0  startup_stm32f769xx.o(.text)
    I2C4_ER_IRQHandler                       0x080002b3   Thumb Code     0  startup_stm32f769xx.o(.text)
    I2C4_EV_IRQHandler                       0x080002b3   Thumb Code     0  startup_stm32f769xx.o(.text)
    JPEG_IRQHandler                          0x080002b3   Thumb Code     0  startup_stm32f769xx.o(.text)
    LPTIM1_IRQHandler                        0x080002b3   Thumb Code     0  startup_stm32f769xx.o(.text)
    LTDC_ER_IRQHandler                       0x080002b3   Thumb Code     0  startup_stm32f769xx.o(.text)
    LTDC_IRQHandler                          0x080002b3   Thumb Code     0  startup_stm32f769xx.o(.text)
    MDIOS_IRQHandler                         0x080002b3   Thumb Code     0  startup_stm32f769xx.o(.text)
    OTG_FS_IRQHandler                        0x080002b3   Thumb Code     0  startup_stm32f769xx.o(.text)
    OTG_FS_WKUP_IRQHandler                   0x080002b3   Thumb Code     0  startup_stm32f769xx.o(.text)
    OTG_HS_EP1_IN_IRQHandler                 0x080002b3   Thumb Code     0  startup_stm32f769xx.o(.text)
    OTG_HS_EP1_OUT_IRQHandler                0x080002b3   Thumb Code     0  startup_stm32f769xx.o(.text)
    OTG_HS_IRQHandler                        0x080002b3   Thumb Code     0  startup_stm32f769xx.o(.text)
    OTG_HS_WKUP_IRQHandler                   0x080002b3   Thumb Code     0  startup_stm32f769xx.o(.text)
    PVD_IRQHandler                           0x080002b3   Thumb Code     0  startup_stm32f769xx.o(.text)
    QUADSPI_IRQHandler                       0x080002b3   Thumb Code     0  startup_stm32f769xx.o(.text)
    RCC_IRQHandler                           0x080002b3   Thumb Code     0  startup_stm32f769xx.o(.text)
    RNG_IRQHandler                           0x080002b3   Thumb Code     0  startup_stm32f769xx.o(.text)
    RTC_Alarm_IRQHandler                     0x080002b3   Thumb Code     0  startup_stm32f769xx.o(.text)
    RTC_WKUP_IRQHandler                      0x080002b3   Thumb Code     0  startup_stm32f769xx.o(.text)
    SAI1_IRQHandler                          0x080002b3   Thumb Code     0  startup_stm32f769xx.o(.text)
    SAI2_IRQHandler                          0x080002b3   Thumb Code     0  startup_stm32f769xx.o(.text)
    SDMMC1_IRQHandler                        0x080002b3   Thumb Code     0  startup_stm32f769xx.o(.text)
    SDMMC2_IRQHandler                        0x080002b3   Thumb Code     0  startup_stm32f769xx.o(.text)
    SPDIF_RX_IRQHandler                      0x080002b3   Thumb Code     0  startup_stm32f769xx.o(.text)
    SPI1_IRQHandler                          0x080002b3   Thumb Code     0  startup_stm32f769xx.o(.text)
    SPI3_IRQHandler                          0x080002b3   Thumb Code     0  startup_stm32f769xx.o(.text)
    SPI4_IRQHandler                          0x080002b3   Thumb Code     0  startup_stm32f769xx.o(.text)
    SPI5_IRQHandler                          0x080002b3   Thumb Code     0  startup_stm32f769xx.o(.text)
    SPI6_IRQHandler                          0x080002b3   Thumb Code     0  startup_stm32f769xx.o(.text)
    TAMP_STAMP_IRQHandler                    0x080002b3   Thumb Code     0  startup_stm32f769xx.o(.text)
    TIM1_BRK_TIM9_IRQHandler                 0x080002b3   Thumb Code     0  startup_stm32f769xx.o(.text)
    TIM1_CC_IRQHandler                       0x080002b3   Thumb Code     0  startup_stm32f769xx.o(.text)
    TIM1_TRG_COM_TIM11_IRQHandler            0x080002b3   Thumb Code     0  startup_stm32f769xx.o(.text)
    TIM1_UP_TIM10_IRQHandler                 0x080002b3   Thumb Code     0  startup_stm32f769xx.o(.text)
    TIM2_IRQHandler                          0x080002b3   Thumb Code     0  startup_stm32f769xx.o(.text)
    TIM3_IRQHandler                          0x080002b3   Thumb Code     0  startup_stm32f769xx.o(.text)
    TIM4_IRQHandler                          0x080002b3   Thumb Code     0  startup_stm32f769xx.o(.text)
    TIM5_IRQHandler                          0x080002b3   Thumb Code     0  startup_stm32f769xx.o(.text)
    TIM8_BRK_TIM12_IRQHandler                0x080002b3   Thumb Code     0  startup_stm32f769xx.o(.text)
    TIM8_CC_IRQHandler                       0x080002b3   Thumb Code     0  startup_stm32f769xx.o(.text)
    TIM8_TRG_COM_TIM14_IRQHandler            0x080002b3   Thumb Code     0  startup_stm32f769xx.o(.text)
    TIM8_UP_TIM13_IRQHandler                 0x080002b3   Thumb Code     0  startup_stm32f769xx.o(.text)
    UART4_IRQHandler                         0x080002b3   Thumb Code     0  startup_stm32f769xx.o(.text)
    UART5_IRQHandler                         0x080002b3   Thumb Code     0  startup_stm32f769xx.o(.text)
    UART7_IRQHandler                         0x080002b3   Thumb Code     0  startup_stm32f769xx.o(.text)
    UART8_IRQHandler                         0x080002b3   Thumb Code     0  startup_stm32f769xx.o(.text)
    USART1_IRQHandler                        0x080002b3   Thumb Code     0  startup_stm32f769xx.o(.text)
    USART2_IRQHandler                        0x080002b3   Thumb Code     0  startup_stm32f769xx.o(.text)
    USART3_IRQHandler                        0x080002b3   Thumb Code     0  startup_stm32f769xx.o(.text)
    WWDG_IRQHandler                          0x080002b3   Thumb Code     0  startup_stm32f769xx.o(.text)
    __user_initial_stackheap                 0x080002b5   Thumb Code     0  startup_stm32f769xx.o(.text)
    __use_two_region_memory                  0x080002d9   Thumb Code     2  heapauxi.o(.text)
    __rt_heap_escrow$2region                 0x080002db   Thumb Code     2  heapauxi.o(.text)
    __rt_heap_expand$2region                 0x080002dd   Thumb Code     2  heapauxi.o(.text)
    __user_libspace                          0x080002e1   Thumb Code     8  libspace.o(.text)
    __user_perproc_libspace                  0x080002e1   Thumb Code     0  libspace.o(.text)
    __user_perthread_libspace                0x080002e1   Thumb Code     0  libspace.o(.text)
    __user_setup_stackheap                   0x080002e9   Thumb Code    74  sys_stackheap_outer.o(.text)
    exit                                     0x08000333   Thumb Code    18  exit.o(.text)
    _sys_exit                                0x08000345   Thumb Code     8  sys_exit.o(.text)
    __I$use$semihosting                      0x08000351   Thumb Code     0  use_no_semi.o(.text)
    __use_no_semihosting_swi                 0x08000351   Thumb Code     2  use_no_semi.o(.text)
    EXTI0_IRQHandler                         0x08000353   Thumb Code     2  led.o(i.EXTI0_IRQHandler)
    __semihosting_library_function           0x08000353   Thumb Code     0  indicate_semi.o(.text)
    Ending                                   0x08000355   Thumb Code    74  led.o(i.Ending)
    Error                                    0x080003d1   Thumb Code     2  led.o(i.Error)
    FS_ch                                    0x080003d5   Thumb Code   102  led.o(i.FS_ch)
    Idle                                     0x0800044d   Thumb Code    78  led.o(i.Idle)
    Measuring                                0x080004a9   Thumb Code   290  led.o(i.Measuring)
    PrepE                                    0x080005f1   Thumb Code    46  led.o(i.PrepE)
    Pretreatment                             0x08000631   Thumb Code    98  led.o(i.Pretreatment)
    SPI2_IRQHandler                          0x080006a1   Thumb Code    10  led.o(i.SPI2_IRQHandler)
    SystemCoreClockUpdate                    0x080006b1   Thumb Code   170  system_stm32f7xx.o(i.SystemCoreClockUpdate)
    SystemInit                               0x08000771   Thumb Code    82  system_stm32f7xx.o(i.SystemInit)
    TIM6_DAC_IRQHandler                      0x080007d5   Thumb Code   134  led.o(i.TIM6_DAC_IRQHandler)
    TIM7_IRQHandler                          0x08000871   Thumb Code     2  led.o(i.TIM7_IRQHandler)
    USART6_IRQHandler                        0x08000875   Thumb Code    10  led.o(i.USART6_IRQHandler)
    __hardfp_ceil                            0x080008a1   Thumb Code   214  ceil.o(i.__hardfp_ceil)
    app_rx_cmp_callback                      0x08000991   Thumb Code    12  led.o(i.app_rx_cmp_callback)
    app_tx_cmp_callback                      0x080009a1   Thumb Code    34  led.o(i.app_tx_cmp_callback)
    bipot                                    0x080009cd   Thumb Code    48  led.o(i.bipot)
    calibration                              0x08000a0d   Thumb Code     2  led.o(i.calibration)
    conection                                0x08000a11   Thumb Code    30  led.o(i.conection)
    eis                                      0x08000a39   Thumb Code    14  led.o(i.eis)
    galv                                     0x08000a51   Thumb Code    14  led.o(i.galv)
    generateDPVwaveform                      0x08000a69   Thumb Code   444  hal_eq_techniques.o(i.generateDPVwaveform)
    generate_data                            0x08000c35   Thumb Code    74  hal_eq_techniques.o(i.generate_data)
    gpio_init                                0x08000c81   Thumb Code   294  led.o(i.gpio_init)
    hal_gpio_configure_pin_mode              0x08000dc9   Thumb Code    16  hal_gpio_driver.o(i.hal_gpio_configure_pin_mode)
    hal_gpio_configure_pin_otype             0x08000dd9   Thumb Code    14  hal_gpio_driver.o(i.hal_gpio_configure_pin_otype)
    hal_gpio_configure_pin_pupd              0x08000de7   Thumb Code    16  hal_gpio_driver.o(i.hal_gpio_configure_pin_pupd)
    hal_gpio_configure_pin_speed             0x08000df7   Thumb Code    16  hal_gpio_driver.o(i.hal_gpio_configure_pin_speed)
    hal_gpio_init                            0x08000e07   Thumb Code    56  hal_gpio_driver.o(i.hal_gpio_init)
    hal_gpio_read_from_pin                   0x08000e3f   Thumb Code    12  hal_gpio_driver.o(i.hal_gpio_read_from_pin)
    hal_gpio_set_alt_function                0x08000e4b   Thumb Code    48  hal_gpio_driver.o(i.hal_gpio_set_alt_function)
    hal_gpio_write_to_pin                    0x08000e7b   Thumb Code    28  hal_gpio_driver.o(i.hal_gpio_write_to_pin)
    hal_spi_handle_tx_interrupt              0x08001057   Thumb Code    68  hal_spi_driver.o(i.hal_spi_handle_tx_interrupt)
    hal_spi_init                             0x0800109b   Thumb Code    76  hal_spi_driver.o(i.hal_spi_init)
    hal_spi_irq_handler                      0x080010e7   Thumb Code    68  hal_spi_driver.o(i.hal_spi_irq_handler)
    hal_spi_is_bus_busy                      0x0800112b   Thumb Code    18  hal_spi_driver.o(i.hal_spi_is_bus_busy)
    hal_tim67_clear_flag                     0x08001179   Thumb Code    14  hal_timer6_driver.o(i.hal_tim67_clear_flag)
    hal_tim67_disable                        0x08001187   Thumb Code    14  hal_timer6_driver.o(i.hal_tim67_disable)
    hal_tim67_enable                         0x08001195   Thumb Code    14  hal_timer6_driver.o(i.hal_tim67_enable)
    hal_tim67_handle_interrupt               0x080011a3   Thumb Code    30  hal_timer6_driver.o(i.hal_tim67_handle_interrupt)
    hal_tim67_int_disable                    0x080011c1   Thumb Code    30  hal_timer6_driver.o(i.hal_tim67_int_disable)
    hal_tim67_int_enable                     0x080011df   Thumb Code    30  hal_timer6_driver.o(i.hal_tim67_int_enable)
    hal_uart_handle_interrupt                0x0800142d   Thumb Code   224  hal_usart_driver.o(i.hal_uart_handle_interrupt)
    hal_uart_init                            0x0800150d   Thumb Code    74  hal_usart_driver.o(i.hal_uart_init)
    hal_uart_rx                              0x08001557   Thumb Code    54  hal_usart_driver.o(i.hal_uart_rx)
    hal_uart_tx                              0x080015ad   Thumb Code    36  hal_usart_driver.o(i.hal_uart_tx)
    initClock                                0x080015d1   Thumb Code    72  led.o(i.initClock)
    led_init                                 0x0800161d   Thumb Code    60  led.o(i.led_init)
    led_toggle                               0x08001661   Thumb Code    40  auxfunctions.o(i.led_toggle)
    led_turn_off                             0x08001689   Thumb Code    18  auxfunctions.o(i.led_turn_off)
    led_turn_on                              0x0800169b   Thumb Code    18  auxfunctions.o(i.led_turn_on)
    load_ACV_data                            0x080016ad   Thumb Code   450  hal_eq_techniques.o(i.load_ACV_data)
    load_CV_data                             0x08001881   Thumb Code   386  hal_eq_techniques.o(i.load_CV_data)
    load_DNPV_data                           0x08001a15   Thumb Code   450  hal_eq_techniques.o(i.load_DNPV_data)
    load_DPV_data                            0x08001be9   Thumb Code    70  hal_eq_techniques.o(i.load_DPV_data)
    load_LSV_data                            0x08001c31   Thumb Code   298  hal_eq_techniques.o(i.load_LSV_data)
    load_NPV_data                            0x08001d6d   Thumb Code   372  hal_eq_techniques.o(i.load_NPV_data)
    load_SCV_data                            0x08001ef1   Thumb Code   386  hal_eq_techniques.o(i.load_SCV_data)
    load_SWV_data                            0x08002085   Thumb Code   372  hal_eq_techniques.o(i.load_SWV_data)
    load_data                                0x08002209   Thumb Code   196  hal_eq_techniques.o(i.load_data)
    main                                     0x080022cd   Thumb Code   414  led.o(i.main)
    parse_cmd                                0x080024bd   Thumb Code   434  auxfunctions.o(i.parse_cmd)
    pot                                      0x08002695   Thumb Code   100  led.o(i.pot)
    spi_gpio_init                            0x08002735   Thumb Code   114  led.o(i.spi_gpio_init)
    start                                    0x080027b5   Thumb Code    60  led.o(i.start)
    uart_gpio_init                           0x08002825   Thumb Code    80  led.o(i.uart_gpio_init)
    _fp_init                                 0x0800287d   Thumb Code    10  fpinit.o(x$fpl$fpinit)
    __fplib_config_fpu_vfp                   0x08002885   Thumb Code     0  fpinit.o(x$fpl$fpinit)
    __fplib_config_pureend_doubles           0x08002885   Thumb Code     0  fpinit.o(x$fpl$fpinit)
    AHBPrescTable                            0x08002886   Data          16  system_stm32f7xx.o(.constdata)
    __I$use$fp                               0x08002886   Number         0  usenofp.o(x$fpl$usenofp)
    APBPrescTable                            0x08002896   Data           8  system_stm32f7xx.o(.constdata)
    Region$$Table$$Base                      0x080028a0   Number         0  anon$$obj.o(Region$$Table)
    Region$$Table$$Limit                     0x080028c0   Number         0  anon$$obj.o(Region$$Table)
    master_write_data                        0x20020000   Data          42  led.o(.data)
    addrcmd                                  0x2002002a   Data           2  led.o(.data)
    dataADC                                  0x2002002c   Data           2  led.o(.data)
    cont                                     0x20020030   Data           4  led.o(.data)
    message1                                 0x20020034   Data          15  led.o(.data)
    ack                                      0x20020043   Data           4  led.o(.data)
    cont_bipot                               0x20020047   Data           1  led.o(.data)
    DF_LSV_we1                               0x20020048   Data           8  led.o(.data)
    DF_LSV_we2                               0x20020050   Data           8  led.o(.data)
    exp_config_we1                           0x20020058   Data           8  led.o(.data)
    exp_config_we2                           0x20020060   Data           8  led.o(.data)
    next_state                               0x20020068   Data           1  led.o(.data)
    status_I_we1                             0x20020069   Data           1  led.o(.data)
    status_I_we2                             0x2002006a   Data           1  led.o(.data)
    communication_mode                       0x2002006b   Data           1  led.o(.data)
    experiment                               0x2002006c   Data           1  led.o(.data)
    lutwe1A_state                            0x2002006d   Data           1  led.o(.data)
    lutwe1B_state                            0x2002006e   Data           1  led.o(.data)
    lutwe2A_state                            0x2002006f   Data           1  led.o(.data)
    lutwe2B_state                            0x20020070   Data           1  led.o(.data)
    df_mode                                  0x20020071   Data           1  led.o(.data)
    mode_working                             0x20020072   Data           1  led.o(.data)
    pretreatment                             0x20020073   Data           1  led.o(.data)
    state_equipment                          0x20020074   Data           1  led.o(.data)
    state_table                              0x20020078   Data          52  led.o(.data)
    SystemCoreClock                          0x200200ac   Data           4  system_stm32f7xx.o(.data)
    SpiHandle                                0x200200b0   Data          60  led.o(.bss)
    uartHandle                               0x200200ec   Data          60  led.o(.bss)
    tim6Handle                               0x20020128   Data          24  led.o(.bss)
    tim7Handle                               0x20020140   Data          24  led.o(.bss)
    UART_rxBuff                              0x20020158   Data         100  led.o(.bss)
    UART_txBuff                              0x200201bc   Data         100  led.o(.bss)
    LUTWE1A                                  0x20020220   Data       40000  led.o(.bss)
    LUTWE1B                                  0x20029e60   Data       40000  led.o(.bss)
    LUTWE2A                                  0x20033aa0   Data       40000  led.o(.bss)
    LUTWE2B                                  0x2003d6e0   Data       40000  led.o(.bss)
    LUTeCond                                 0x20047320   Data       40000  led.o(.bss)
    LUTeDep                                  0x20050f60   Data       40000  led.o(.bss)
    LUTeEq                                   0x2005aba0   Data       40000  led.o(.bss)
    DF_CV_we1                                0x200647e0   Data          12  led.o(.bss)
    DF_SCV_we1                               0x200647ec   Data          12  led.o(.bss)
    DF_DPV_we1                               0x200647f8   Data          16  led.o(.bss)
    DF_NPV_we1                               0x20064808   Data          10  led.o(.bss)
    DF_DNPV_we1                              0x20064812   Data          14  led.o(.bss)
    DF_SWV_we1                               0x20064820   Data          10  led.o(.bss)
    DF_ACV_we1                               0x2006482a   Data          12  led.o(.bss)
    DF_CV_we2                                0x20064836   Data          12  led.o(.bss)
    DF_SCV_we2                               0x20064842   Data          12  led.o(.bss)
    DF_DPV_we2                               0x20064850   Data          16  led.o(.bss)
    DF_NPV_we2                               0x20064860   Data          10  led.o(.bss)
    DF_DNPV_we2                              0x2006486a   Data          14  led.o(.bss)
    DF_SWV_we2                               0x20064878   Data          10  led.o(.bss)
    DF_ACV_we2                               0x20064882   Data          12  led.o(.bss)
    pretreat_we1                             0x2006488e   Data          12  led.o(.bss)
    pretreat_we2                             0x2006489a   Data          12  led.o(.bss)
    __libspace_start                         0x200648a8   Data          96  libspace.o(.bss)
    __temporary_stack_top$libspace           0x20064908   Data           0  libspace.o(.bss)



==============================================================================

Memory Map of the image

  Image Entry point : 0x08000299

  Load Region LR_1 (Base: 0x08000000, Size: 0x00002970, Max: 0xffffffff, ABSOLUTE)

    Execution Region ER_RO (Base: 0x08000000, Size: 0x000028c0, Max: 0xffffffff, ABSOLUTE)

    Base Addr    Size         Type   Attr      Idx    E Section Name        Object

    0x08000000   0x000001f8   Data   RO          905    RESET               startup_stm32f769xx.o
    0x080001f8   0x00000008   Code   RO          951  * !!!main             c_w.l(__main.o)
    0x08000200   0x00000034   Code   RO         1172    !!!scatter          c_w.l(__scatter.o)
    0x08000234   0x0000001a   Code   RO         1174    !!handler_copy      c_w.l(__scatter_copy.o)
    0x0800024e   0x00000002   PAD
    0x08000250   0x0000001c   Code   RO         1176    !!handler_zi        c_w.l(__scatter_zi.o)
    0x0800026c   0x00000002   Code   RO         1045    .ARM.Collect$$libinit$$00000000  c_w.l(libinit.o)
    0x0800026e   0x00000004   Code   RO         1048    .ARM.Collect$$libinit$$00000001  c_w.l(libinit2.o)
    0x08000272   0x00000000   Code   RO         1051    .ARM.Collect$$libinit$$00000004  c_w.l(libinit2.o)
    0x08000272   0x00000000   Code   RO         1054    .ARM.Collect$$libinit$$0000000A  c_w.l(libinit2.o)
    0x08000272   0x00000000   Code   RO         1056    .ARM.Collect$$libinit$$0000000C  c_w.l(libinit2.o)
    0x08000272   0x00000000   Code   RO         1058    .ARM.Collect$$libinit$$0000000E  c_w.l(libinit2.o)
    0x08000272   0x00000000   Code   RO         1061    .ARM.Collect$$libinit$$00000011  c_w.l(libinit2.o)
    0x08000272   0x00000000   Code   RO         1063    .ARM.Collect$$libinit$$00000013  c_w.l(libinit2.o)
    0x08000272   0x00000000   Code   RO         1065    .ARM.Collect$$libinit$$00000015  c_w.l(libinit2.o)
    0x08000272   0x00000000   Code   RO         1067    .ARM.Collect$$libinit$$00000017  c_w.l(libinit2.o)
    0x08000272   0x00000000   Code   RO         1069    .ARM.Collect$$libinit$$00000019  c_w.l(libinit2.o)
    0x08000272   0x00000000   Code   RO         1071    .ARM.Collect$$libinit$$0000001B  c_w.l(libinit2.o)
    0x08000272   0x00000000   Code   RO         1073    .ARM.Collect$$libinit$$0000001D  c_w.l(libinit2.o)
    0x08000272   0x00000000   Code   RO         1075    .ARM.Collect$$libinit$$0000001F  c_w.l(libinit2.o)
    0x08000272   0x00000000   Code   RO         1077    .ARM.Collect$$libinit$$00000021  c_w.l(libinit2.o)
    0x08000272   0x00000000   Code   RO         1079    .ARM.Collect$$libinit$$00000023  c_w.l(libinit2.o)
    0x08000272   0x00000000   Code   RO         1081    .ARM.Collect$$libinit$$00000025  c_w.l(libinit2.o)
    0x08000272   0x00000000   Code   RO         1085    .ARM.Collect$$libinit$$0000002C  c_w.l(libinit2.o)
    0x08000272   0x00000000   Code   RO         1087    .ARM.Collect$$libinit$$0000002E  c_w.l(libinit2.o)
    0x08000272   0x00000000   Code   RO         1089    .ARM.Collect$$libinit$$00000030  c_w.l(libinit2.o)
    0x08000272   0x00000000   Code   RO         1091    .ARM.Collect$$libinit$$00000032  c_w.l(libinit2.o)
    0x08000272   0x00000002   Code   RO         1092    .ARM.Collect$$libinit$$00000033  c_w.l(libinit2.o)
    0x08000274   0x00000002   Code   RO         1112    .ARM.Collect$$libshutdown$$00000000  c_w.l(libshutdown.o)
    0x08000276   0x00000000   Code   RO         1125    .ARM.Collect$$libshutdown$$00000002  c_w.l(libshutdown2.o)
    0x08000276   0x00000000   Code   RO         1127    .ARM.Collect$$libshutdown$$00000004  c_w.l(libshutdown2.o)
    0x08000276   0x00000000   Code   RO         1130    .ARM.Collect$$libshutdown$$00000007  c_w.l(libshutdown2.o)
    0x08000276   0x00000000   Code   RO         1133    .ARM.Collect$$libshutdown$$0000000A  c_w.l(libshutdown2.o)
    0x08000276   0x00000000   Code   RO         1135    .ARM.Collect$$libshutdown$$0000000C  c_w.l(libshutdown2.o)
    0x08000276   0x00000000   Code   RO         1138    .ARM.Collect$$libshutdown$$0000000F  c_w.l(libshutdown2.o)
    0x08000276   0x00000002   Code   RO         1139    .ARM.Collect$$libshutdown$$00000010  c_w.l(libshutdown2.o)
    0x08000278   0x00000000   Code   RO          971    .ARM.Collect$$rtentry$$00000000  c_w.l(__rtentry.o)
    0x08000278   0x00000000   Code   RO         1004    .ARM.Collect$$rtentry$$00000002  c_w.l(__rtentry2.o)
    0x08000278   0x00000006   Code   RO         1016    .ARM.Collect$$rtentry$$00000004  c_w.l(__rtentry4.o)
    0x0800027e   0x00000000   Code   RO         1006    .ARM.Collect$$rtentry$$00000009  c_w.l(__rtentry2.o)
    0x0800027e   0x00000004   Code   RO         1007    .ARM.Collect$$rtentry$$0000000A  c_w.l(__rtentry2.o)
    0x08000282   0x00000000   Code   RO         1009    .ARM.Collect$$rtentry$$0000000C  c_w.l(__rtentry2.o)
    0x08000282   0x00000008   Code   RO         1010    .ARM.Collect$$rtentry$$0000000D  c_w.l(__rtentry2.o)
    0x0800028a   0x00000002   Code   RO         1046    .ARM.Collect$$rtexit$$00000000  c_w.l(rtexit.o)
    0x0800028c   0x00000000   Code   RO         1094    .ARM.Collect$$rtexit$$00000002  c_w.l(rtexit2.o)
    0x0800028c   0x00000004   Code   RO         1095    .ARM.Collect$$rtexit$$00000003  c_w.l(rtexit2.o)
    0x08000290   0x00000006   Code   RO         1096    .ARM.Collect$$rtexit$$00000004  c_w.l(rtexit2.o)
    0x08000296   0x00000002   PAD
    0x08000298   0x00000040   Code   RO          906  * .text               startup_stm32f769xx.o
    0x080002d8   0x00000006   Code   RO          949    .text               c_w.l(heapauxi.o)
    0x080002de   0x00000002   PAD
    0x080002e0   0x00000008   Code   RO         1033    .text               c_w.l(libspace.o)
    0x080002e8   0x0000004a   Code   RO         1036    .text               c_w.l(sys_stackheap_outer.o)
    0x08000332   0x00000012   Code   RO         1038    .text               c_w.l(exit.o)
    0x08000344   0x0000000c   Code   RO         1104    .text               c_w.l(sys_exit.o)
    0x08000350   0x00000002   Code   RO         1115    .text               c_w.l(use_no_semi.o)
    0x08000352   0x00000000   Code   RO         1117    .text               c_w.l(indicate_semi.o)
    0x08000352   0x00000002   Code   RO            4    i.EXTI0_IRQHandler  led.o
    0x08000354   0x0000007c   Code   RO            5    i.Ending            led.o
    0x080003d0   0x00000002   Code   RO            6    i.Error             led.o
    0x080003d2   0x00000002   PAD
    0x080003d4   0x00000078   Code   RO            7    i.FS_ch             led.o
    0x0800044c   0x0000005c   Code   RO            8    i.Idle              led.o
    0x080004a8   0x00000148   Code   RO            9    i.Measuring         led.o
    0x080005f0   0x00000040   Code   RO           10    i.PrepE             led.o
    0x08000630   0x00000070   Code   RO           11    i.Pretreatment      led.o
    0x080006a0   0x00000010   Code   RO           12    i.SPI2_IRQHandler   led.o
    0x080006b0   0x000000c0   Code   RO          913    i.SystemCoreClockUpdate  system_stm32f7xx.o
    0x08000770   0x00000064   Code   RO          914    i.SystemInit        system_stm32f7xx.o
    0x080007d4   0x0000009c   Code   RO           13    i.TIM6_DAC_IRQHandler  led.o
    0x08000870   0x00000002   Code   RO           14    i.TIM7_IRQHandler   led.o
    0x08000872   0x00000002   PAD
    0x08000874   0x00000010   Code   RO           15    i.USART6_IRQHandler  led.o
    0x08000884   0x0000001a   Code   RO           16    i.__NVIC_EnableIRQ  led.o
    0x0800089e   0x00000002   PAD
    0x080008a0   0x000000f0   Code   RO          953    i.__hardfp_ceil     m_wv.l(ceil.o)
    0x08000990   0x00000010   Code   RO           17    i.app_rx_cmp_callback  led.o
    0x080009a0   0x0000002c   Code   RO           18    i.app_tx_cmp_callback  led.o
    0x080009cc   0x00000040   Code   RO           19    i.bipot             led.o
    0x08000a0c   0x00000002   Code   RO           20    i.calibration       led.o
    0x08000a0e   0x00000002   PAD
    0x08000a10   0x00000028   Code   RO           21    i.conection         led.o
    0x08000a38   0x00000018   Code   RO           22    i.eis               led.o
    0x08000a50   0x00000018   Code   RO           23    i.galv              led.o
    0x08000a68   0x000001cc   Code   RO          715    i.generateDPVwaveform  hal_eq_techniques.o
    0x08000c34   0x0000004a   Code   RO          721    i.generate_data     hal_eq_techniques.o
    0x08000c7e   0x00000002   PAD
    0x08000c80   0x00000148   Code   RO           24    i.gpio_init         led.o
    0x08000dc8   0x00000010   Code   RO          270    i.hal_gpio_configure_pin_mode  hal_gpio_driver.o
    0x08000dd8   0x0000000e   Code   RO          271    i.hal_gpio_configure_pin_otype  hal_gpio_driver.o
    0x08000de6   0x00000010   Code   RO          272    i.hal_gpio_configure_pin_pupd  hal_gpio_driver.o
    0x08000df6   0x00000010   Code   RO          273    i.hal_gpio_configure_pin_speed  hal_gpio_driver.o
    0x08000e06   0x00000038   Code   RO          275    i.hal_gpio_init     hal_gpio_driver.o
    0x08000e3e   0x0000000c   Code   RO          276    i.hal_gpio_read_from_pin  hal_gpio_driver.o
    0x08000e4a   0x00000030   Code   RO          277    i.hal_gpio_set_alt_function  hal_gpio_driver.o
    0x08000e7a   0x0000001c   Code   RO          278    i.hal_gpio_write_to_pin  hal_gpio_driver.o
    0x08000e96   0x00000008   Code   RO          436    i.hal_spi_configure_baudrate  hal_spi_driver.o
    0x08000e9e   0x000000be   Code   RO          437    i.hal_spi_configure_datasize  hal_spi_driver.o
    0x08000f5c   0x00000016   Code   RO          438    i.hal_spi_configure_device_mode  hal_spi_driver.o
    0x08000f72   0x0000002a   Code   RO          439    i.hal_spi_configure_direction  hal_spi_driver.o
    0x08000f9c   0x0000001e   Code   RO          440    i.hal_spi_configure_nss_master  hal_spi_driver.o
    0x08000fba   0x00000016   Code   RO          441    i.hal_spi_configure_nss_slave  hal_spi_driver.o
    0x08000fd0   0x0000002a   Code   RO          442    i.hal_spi_configure_phase_and_polarity  hal_spi_driver.o
    0x08000ffa   0x0000000a   Code   RO          444    i.hal_spi_disable_rxne_interrupt  hal_spi_driver.o
    0x08001004   0x0000000a   Code   RO          445    i.hal_spi_disable_txe_interrupt  hal_spi_driver.o
    0x0800100e   0x00000048   Code   RO          449    i.hal_spi_handle_rx_interrupt  hal_spi_driver.o
    0x08001056   0x00000044   Code   RO          450    i.hal_spi_handle_tx_interrupt  hal_spi_driver.o
    0x0800109a   0x0000004c   Code   RO          451    i.hal_spi_init      hal_spi_driver.o
    0x080010e6   0x00000044   Code   RO          452    i.hal_spi_irq_handler  hal_spi_driver.o
    0x0800112a   0x00000012   Code   RO          453    i.hal_spi_is_bus_busy  hal_spi_driver.o
    0x0800113c   0x0000001e   Code   RO          456    i.hal_spi_rx_close_interrupt  hal_spi_driver.o
    0x0800115a   0x0000001e   Code   RO          459    i.hal_spi_tx_close_interrupt  hal_spi_driver.o
    0x08001178   0x0000000e   Code   RO          352    i.hal_tim67_clear_flag  hal_timer6_driver.o
    0x08001186   0x0000000e   Code   RO          357    i.hal_tim67_disable  hal_timer6_driver.o
    0x08001194   0x0000000e   Code   RO          358    i.hal_tim67_enable  hal_timer6_driver.o
    0x080011a2   0x0000001e   Code   RO          359    i.hal_tim67_handle_interrupt  hal_timer6_driver.o
    0x080011c0   0x0000001e   Code   RO          361    i.hal_tim67_int_disable  hal_timer6_driver.o
    0x080011de   0x0000001e   Code   RO          362    i.hal_tim67_int_enable  hal_timer6_driver.o
    0x080011fc   0x0000000c   Code   RO          582    i.hal_uart_clear_error_flag  hal_usart_driver.o
    0x08001208   0x00000016   Code   RO          583    i.hal_uart_configure_error_interrupt  hal_usart_driver.o
    0x0800121e   0x0000000c   Code   RO          584    i.hal_uart_configure_over_sampling  hal_usart_driver.o
    0x0800122a   0x00000016   Code   RO          585    i.hal_uart_configure_parity_error_interrupt  hal_usart_driver.o
    0x08001240   0x00000016   Code   RO          586    i.hal_uart_configure_rxne_interrupt  hal_usart_driver.o
    0x08001256   0x00000046   Code   RO          587    i.hal_uart_configure_stop_bits  hal_usart_driver.o
    0x0800129c   0x00000016   Code   RO          588    i.hal_uart_configure_txe_interrupt  hal_usart_driver.o
    0x080012b2   0x00000068   Code   RO          589    i.hal_uart_configure_word_length  hal_usart_driver.o
    0x0800131a   0x0000000a   Code   RO          590    i.hal_uart_enable   hal_usart_driver.o
    0x08001324   0x0000001a   Code   RO          591    i.hal_uart_enable_disable_rx  hal_usart_driver.o
    0x0800133e   0x0000001a   Code   RO          592    i.hal_uart_enable_disable_tx  hal_usart_driver.o
    0x08001358   0x00000074   Code   RO          594    i.hal_uart_handle_RXNE_interrupt  hal_usart_driver.o
    0x080013cc   0x00000024   Code   RO          595    i.hal_uart_handle_TC_interrupt  hal_usart_driver.o
    0x080013f0   0x0000003c   Code   RO          596    i.hal_uart_handle_TXE_interrupt  hal_usart_driver.o
    0x0800142c   0x000000e0   Code   RO          597    i.hal_uart_handle_interrupt  hal_usart_driver.o
    0x0800150c   0x0000004a   Code   RO          598    i.hal_uart_init     hal_usart_driver.o
    0x08001556   0x00000036   Code   RO          599    i.hal_uart_rx       hal_usart_driver.o
    0x0800158c   0x00000020   Code   RO          600    i.hal_uart_set_baud_rate  hal_usart_driver.o
    0x080015ac   0x00000024   Code   RO          601    i.hal_uart_tx       hal_usart_driver.o
    0x080015d0   0x0000004c   Code   RO           25    i.initClock         led.o
    0x0800161c   0x00000044   Code   RO           26    i.led_init          led.o
    0x08001660   0x00000028   Code   RO          858    i.led_toggle        auxfunctions.o
    0x08001688   0x00000012   Code   RO          859    i.led_turn_off      auxfunctions.o
    0x0800169a   0x00000012   Code   RO          860    i.led_turn_on       auxfunctions.o
    0x080016ac   0x000001d4   Code   RO          722    i.load_ACV_data     hal_eq_techniques.o
    0x08001880   0x00000194   Code   RO          723    i.load_CV_data      hal_eq_techniques.o
    0x08001a14   0x000001d4   Code   RO          724    i.load_DNPV_data    hal_eq_techniques.o
    0x08001be8   0x00000046   Code   RO          725    i.load_DPV_data     hal_eq_techniques.o
    0x08001c2e   0x00000002   PAD
    0x08001c30   0x0000013c   Code   RO          726    i.load_LSV_data     hal_eq_techniques.o
    0x08001d6c   0x00000184   Code   RO          727    i.load_NPV_data     hal_eq_techniques.o
    0x08001ef0   0x00000194   Code   RO          728    i.load_SCV_data     hal_eq_techniques.o
    0x08002084   0x00000184   Code   RO          729    i.load_SWV_data     hal_eq_techniques.o
    0x08002208   0x000000c4   Code   RO          730    i.load_data         hal_eq_techniques.o
    0x080022cc   0x000001f0   Code   RO           27    i.main              led.o
    0x080024bc   0x000001d8   Code   RO          861    i.parse_cmd         auxfunctions.o
    0x08002694   0x000000a0   Code   RO           28    i.pot               led.o
    0x08002734   0x00000080   Code   RO           33    i.spi_gpio_init     led.o
    0x080027b4   0x00000070   Code   RO           34    i.start             led.o
    0x08002824   0x00000058   Code   RO           35    i.uart_gpio_init    led.o
    0x0800287c   0x0000000a   Code   RO         1102    x$fpl$fpinit        fz_wv.l(fpinit.o)
    0x08002886   0x00000000   Code   RO          974    x$fpl$usenofp       fz_wv.l(usenofp.o)
    0x08002886   0x00000018   Data   RO          915    .constdata          system_stm32f7xx.o
    0x0800289e   0x00000002   PAD
    0x080028a0   0x00000020   Data   RO         1170    Region$$Table       anon$$obj.o


    Execution Region ER_RW (Base: 0x20020000, Size: 0x000000b0, Max: 0xffffffff, ABSOLUTE)

    Base Addr    Size         Type   Attr      Idx    E Section Name        Object

    0x20020000   0x000000ac   Data   RW           37    .data               led.o
    0x200200ac   0x00000004   Data   RW          916    .data               system_stm32f7xx.o


    Execution Region ER_ZI (Base: 0x200200b0, Size: 0x00044e58, Max: 0xffffffff, ABSOLUTE)

    Base Addr    Size         Type   Attr      Idx    E Section Name        Object

    0x200200b0   0x000447f6   Zero   RW           36    .bss                led.o
    0x200648a6   0x00000002   PAD
    0x200648a8   0x00000060   Zero   RW         1034    .bss                c_w.l(libspace.o)
    0x20064908   0x00000200   Zero   RW          904    HEAP                startup_stm32f769xx.o
    0x20064b08   0x00000400   Zero   RW          903    STACK               startup_stm32f769xx.o


==============================================================================

Image component sizes


      Code (inc. data)   RO Data    RW Data    ZI Data      Debug   Object Name

       548         38          0          0          0       3094   auxfunctions.o
      3636        154          0          0          0      10122   hal_eq_techniques.o
       206          0          0          0          0       5439   hal_gpio_driver.o
       738         14          0          0          0       9461   hal_spi_driver.o
       132          0          0          0          0       3614   hal_timer6_driver.o
       980          0          0          0          0      11588   hal_usart_driver.o
      2730        508          0        172     280566     859240   led.o
        64         26        504          0       1536        896   startup_stm32f769xx.o
       292         40         24          4          0       2187   system_stm32f7xx.o

    ----------------------------------------------------------------------
      9338        780        562        176     282104     905641   Object Totals
         0          0         32          0          0          0   (incl. Generated)
        12          0          2          0          2          0   (incl. Padding)

    ----------------------------------------------------------------------

      Code (inc. data)   RO Data    RW Data    ZI Data      Debug   Library Member Name

         8          0          0          0          0         68   __main.o
         0          0          0          0          0          0   __rtentry.o
        12          0          0          0          0          0   __rtentry2.o
         6          0          0          0          0          0   __rtentry4.o
        52          8          0          0          0          0   __scatter.o
        26          0          0          0          0          0   __scatter_copy.o
        28          0          0          0          0          0   __scatter_zi.o
        18          0          0          0          0         80   exit.o
         6          0          0          0          0        152   heapauxi.o
         0          0          0          0          0          0   indicate_semi.o
         2          0          0          0          0          0   libinit.o
         6          0          0          0          0          0   libinit2.o
         2          0          0          0          0          0   libshutdown.o
         2          0          0          0          0          0   libshutdown2.o
         8          4          0          0         96         68   libspace.o
         2          0          0          0          0          0   rtexit.o
        10          0          0          0          0          0   rtexit2.o
        12          4          0          0          0         68   sys_exit.o
        74          0          0          0          0         80   sys_stackheap_outer.o
         2          0          0          0          0         68   use_no_semi.o
        10          0          0          0          0        116   fpinit.o
         0          0          0          0          0          0   usenofp.o
       240         26          0          0          0        132   ceil.o

    ----------------------------------------------------------------------
       532         42          0          0         96        832   Library Totals
         6          0          0          0          0          0   (incl. Padding)

    ----------------------------------------------------------------------

      Code (inc. data)   RO Data    RW Data    ZI Data      Debug   Library Name

       276         16          0          0         96        584   c_w.l
        10          0          0          0          0        116   fz_wv.l
       240         26          0          0          0        132   m_wv.l

    ----------------------------------------------------------------------
       532         42          0          0         96        832   Library Totals

    ----------------------------------------------------------------------

==============================================================================


      Code (inc. data)   RO Data    RW Data    ZI Data      Debug   

      9870        822        562        176     282200     897417   Grand Totals
      9870        822        562        176     282200     897417   ELF Image Totals
      9870        822        562        176          0          0   ROM Totals

==============================================================================

    Total RO  Size (Code + RO Data)                10432 (  10.19kB)
    Total RW  Size (RW Data + ZI Data)            282376 ( 275.76kB)
    Total ROM Size (Code + RO Data + RW Data)      10608 (  10.36kB)

==============================================================================

