Component: ARM Compiler 5.06 update 1 (build 61) Tool: armlink [4d35a8]

==============================================================================

Section Cross References

    led.o(i.Ending) refers to led.o(.data) for mode_working
    led.o(i.Experiment) refers to led.o(i.subStateMachineWE1) for subStateMachineWE1
    led.o(i.Experiment) refers to hal_usart_driver.o(i.hal_uart_tx) for hal_uart_tx
    led.o(i.Experiment) refers to hal_timer6_driver.o(i.hal_tim67_int_disable) for hal_tim67_int_disable
    led.o(i.Experiment) refers to hal_timer6_driver.o(i.hal_tim67_disable) for hal_tim67_disable
    led.o(i.Experiment) refers to hal_timer6_driver.o(i.hal_tim67_clear_flag) for hal_tim67_clear_flag
    led.o(i.Experiment) refers to hal_usart_driver.o(i.hal_uart_rx) for hal_uart_rx
    led.o(i.Experiment) refers to led.o(i.subStateMachineWE2) for subStateMachineWE2
    led.o(i.Experiment) refers to led.o(.data) for df_mode
    led.o(i.Experiment) refers to led.o(.bss) for data_out_we1
    led.o(i.FS_change_we1) refers to led.o(.data) for status_I_we1
    led.o(i.FS_change_we2) refers to led.o(.data) for status_I_we2
    led.o(i.Idle) refers to hal_usart_driver.o(i.hal_uart_rx) for hal_uart_rx
    led.o(i.Idle) refers to hal_usart_driver.o(i.hal_uart_tx) for hal_uart_tx
    led.o(i.Idle) refers to led.o(.data) for df_mode
    led.o(i.Idle) refers to led.o(.bss) for uartHandle
    led.o(i.PrepE) refers to hal_eq_techniques.o(i.generate_data) for generate_data
    led.o(i.PrepE) refers to hal_usart_driver.o(i.hal_uart_rx) for hal_uart_rx
    led.o(i.PrepE) refers to led.o(.data) for pc_ready_to_receive
    led.o(i.PrepE) refers to led.o(.bss) for LUTWE1A
    led.o(i.SPI2_IRQHandler) refers to hal_spi_driver.o(i.hal_spi_irq_handler) for hal_spi_irq_handler
    led.o(i.SPI2_IRQHandler) refers to led.o(.bss) for SpiHandle
    led.o(i.TIM6_DAC_IRQHandler) refers to hal_timer6_driver.o(i.hal_tim67_int_disable) for hal_tim67_int_disable
    led.o(i.TIM6_DAC_IRQHandler) refers to hal_timer6_driver.o(i.hal_tim67_disable) for hal_tim67_disable
    led.o(i.TIM6_DAC_IRQHandler) refers to hal_timer6_driver.o(i.hal_tim67_handle_interrupt) for hal_tim67_handle_interrupt
    led.o(i.TIM6_DAC_IRQHandler) refers to hal_timer6_driver.o(i.hal_tim67_clear_flag) for hal_tim67_clear_flag
    led.o(i.TIM6_DAC_IRQHandler) refers to hal_timer6_driver.o(i.hal_tim67_int_enable) for hal_tim67_int_enable
    led.o(i.TIM6_DAC_IRQHandler) refers to hal_timer6_driver.o(i.hal_tim67_enable) for hal_tim67_enable
    led.o(i.TIM6_DAC_IRQHandler) refers to led.o(.bss) for tim6Handle
    led.o(i.TIM6_DAC_IRQHandler) refers to led.o(.data) for next_state_exp_WE1
    led.o(i.TIM7_IRQHandler) refers to hal_timer6_driver.o(i.hal_tim67_int_disable) for hal_tim67_int_disable
    led.o(i.TIM7_IRQHandler) refers to hal_timer6_driver.o(i.hal_tim67_disable) for hal_tim67_disable
    led.o(i.TIM7_IRQHandler) refers to hal_timer6_driver.o(i.hal_tim67_handle_interrupt) for hal_tim67_handle_interrupt
    led.o(i.TIM7_IRQHandler) refers to hal_timer6_driver.o(i.hal_tim67_clear_flag) for hal_tim67_clear_flag
    led.o(i.TIM7_IRQHandler) refers to hal_timer6_driver.o(i.hal_tim67_int_enable) for hal_tim67_int_enable
    led.o(i.TIM7_IRQHandler) refers to hal_timer6_driver.o(i.hal_tim67_enable) for hal_tim67_enable
    led.o(i.TIM7_IRQHandler) refers to led.o(.bss) for tim7Handle
    led.o(i.TIM7_IRQHandler) refers to led.o(.data) for next_state_exp_WE2
    led.o(i.USART6_IRQHandler) refers to hal_usart_driver.o(i.hal_uart_handle_interrupt) for hal_uart_handle_interrupt
    led.o(i.USART6_IRQHandler) refers to led.o(.bss) for uartHandle
    led.o(i.app_rx_cmp_callback) refers to auxfunctions.o(i.parse_cmd) for parse_cmd
    led.o(i.app_rx_cmp_callback) refers to led.o(.bss) for UART_rxBuff
    led.o(i.bipot) refers to hal_eq_techniques.o(i.load_data) for load_data
    led.o(i.bipot) refers to hal_usart_driver.o(i.hal_uart_rx) for hal_uart_rx
    led.o(i.bipot) refers to hal_usart_driver.o(i.hal_uart_tx) for hal_uart_tx
    led.o(i.bipot) refers to led.o(.data) for cont_bipot
    led.o(i.bipot) refers to led.o(.bss) for pretreat_we2
    led.o(i.connection) refers to hal_usart_driver.o(i.hal_uart_rx) for hal_uart_rx
    led.o(i.connection) refers to hal_usart_driver.o(i.hal_uart_tx) for hal_uart_tx
    led.o(i.connection) refers to led.o(.data) for communication_mode
    led.o(i.connection) refers to led.o(.bss) for uartHandle
    led.o(i.eis) refers to led.o(.data) for mode_working
    led.o(i.galv) refers to led.o(.data) for mode_working
    led.o(i.gpio_init) refers to hal_gpio_driver.o(i.hal_gpio_init) for hal_gpio_init
    led.o(i.initClock) refers to system_stm32f7xx.o(i.SystemCoreClockUpdate) for SystemCoreClockUpdate
    led.o(i.led_init) refers to hal_gpio_driver.o(i.hal_gpio_init) for hal_gpio_init
    led.o(i.main) refers to led.o(i.initClock) for initClock
    led.o(i.main) refers to led.o(i.led_init) for led_init
[...]
    ../clib/armsys.c                         0x00000000   Number         0  no_argv.o ABSOLUTE
    ../clib/armsys.c                         0x00000000   Number         0  argv_veneer.o ABSOLUTE
    ../clib/armsys.c                         0x00000000   Number         0  _get_argv_nomalloc.o ABSOLUTE
    ../clib/armsys.c                         0x00000000   Number         0  argv_veneer.o ABSOLUTE
    ../clib/fenv.c                           0x00000000   Number         0  _rserrno.o ABSOLUTE
    ../clib/heapalloc.c                      0x00000000   Number         0  hrguard.o ABSOLUTE
    ../clib/heapaux.c                        0x00000000   Number         0  heapauxi.o ABSOLUTE
    ../clib/libinit.s                        0x00000000   Number         0  libinit2.o ABSOLUTE
    ../clib/libinit.s                        0x00000000   Number         0  libshutdown.o ABSOLUTE
    ../clib/libinit.s                        0x00000000   Number         0  libinit.o ABSOLUTE
    ../clib/libinit.s                        0x00000000   Number         0  libshutdown2.o ABSOLUTE
    ../clib/signal.c                         0x00000000   Number         0  defsig_cppl_inner.o ABSOLUTE
    ../clib/signal.c                         0x00000000   Number         0  defsig_pvfn_inner.o ABSOLUTE
    ../clib/signal.c                         0x00000000   Number         0  defsig_stak_inner.o ABSOLUTE
    ../clib/signal.c                         0x00000000   Number         0  defsig_rtred_inner.o ABSOLUTE
    ../clib/signal.c                         0x00000000   Number         0  defsig_abrt_inner.o ABSOLUTE
    ../clib/signal.c                         0x00000000   Number         0  defsig_general.o ABSOLUTE
    ../clib/signal.c                         0x00000000   Number         0  __raise.o ABSOLUTE
    ../clib/signal.c                         0x00000000   Number         0  defsig_rtmem_inner.o ABSOLUTE
    ../clib/signal.c                         0x00000000   Number         0  defsig_fpe_inner.o ABSOLUTE
    ../clib/signal.c                         0x00000000   Number         0  defsig_rtmem_formal.o ABSOLUTE
    ../clib/signal.c                         0x00000000   Number         0  defsig_rtmem_outer.o ABSOLUTE
    ../clib/signal.c                         0x00000000   Number         0  defsig_exit.o ABSOLUTE
    ../clib/signal.c                         0x00000000   Number         0  defsig_other.o ABSOLUTE
    ../clib/signal.c                         0x00000000   Number         0  defsig_segv_inner.o ABSOLUTE
    ../clib/signal.s                         0x00000000   Number         0  defsig.o ABSOLUTE
    ../clib/stdlib.c                         0x00000000   Number         0  exit.o ABSOLUTE
    ../fplib/fpinit.s                        0x00000000   Number         0  fpinit.o ABSOLUTE
    ../fplib/usenofp.s                       0x00000000   Number         0  usenofp.o ABSOLUTE
    ../mathlib/ceil.c                        0x00000000   Number         0  ceil.o ABSOLUTE
    ../mathlib/cos_i.c                       0x00000000   Number         0  cos_i.o ABSOLUTE
    ../mathlib/dunder.c                      0x00000000   Number         0  dunder.o ABSOLUTE
    ../mathlib/fabs.c                        0x00000000   Number         0  fabs.o ABSOLUTE
    ../mathlib/fpclassify.c                  0x00000000   Number         0  fpclassify.o ABSOLUTE
    ../mathlib/poly.c                        0x00000000   Number         0  poly.o ABSOLUTE
    ../mathlib/rred.c                        0x00000000   Number         0  rred.o ABSOLUTE
    ../mathlib/sin.c                         0x00000000   Number         0  sin.o ABSOLUTE
    ../mathlib/sin.c                         0x00000000   Number         0  sin_x.o ABSOLUTE
    ../mathlib/sin_i.c                       0x00000000   Number         0  sin_i.o ABSOLUTE
    ../mathlib/sin_i.c                       0x00000000   Number         0  sin_i_x.o ABSOLUTE
    RTE\Device\STM32F769NIHx\startup_stm32f769xx.s 0x00000000   Number         0  startup_stm32f769xx.o ABSOLUTE
    RTE\Device\STM32F769NIHx\system_stm32f7xx.c 0x00000000   Number         0  system_stm32f7xx.o ABSOLUTE
    RTE\\Device\\STM32F769NIHx\\system_stm32f7xx.c 0x00000000   Number         0  system_stm32f7xx.o ABSOLUTE
    auxFunctions.c                           0x00000000   Number         0  auxfunctions.o ABSOLUTE
    auxFunctions.c                           0x00000000   Number         0  auxfunctions.o ABSOLUTE
    dc.s                                     0x00000000   Number         0  dc.o ABSOLUTE
    hal_EQ_techniques.c                      0x00000000   Number         0  hal_eq_techniques.o ABSOLUTE
    hal_EQ_techniques.c                      0x00000000   Number         0  hal_eq_techniques.o ABSOLUTE
    hal_gpio_driver.c                        0x00000000   Number         0  hal_gpio_driver.o ABSOLUTE
    hal_gpio_driver.c                        0x00000000   Number         0  hal_gpio_driver.o ABSOLUTE
    hal_spi_driver.c                         0x00000000   Number         0  hal_spi_driver.o ABSOLUTE
    hal_spi_driver.c                         0x00000000   Number         0  hal_spi_driver.o ABSOLUTE
    hal_timer6_driver.c                      0x00000000   Number         0  hal_timer6_driver.o ABSOLUTE
    hal_timer6_driver.c                      0x00000000   Number         0  hal_timer6_driver.o ABSOLUTE
    hal_usart_driver.c                       0x00000000   Number         0  hal_usart_driver.o ABSOLUTE
    hal_usart_driver.c                       0x00000000   Number         0  hal_usart_driver.o ABSOLUTE
    led.c                                    0x00000000   Number         0  led.o ABSOLUTE
    led.c                                    0x00000000   Number         0  led.o ABSOLUTE
    RESET                                    0x08000000   Section      504  startup_stm32f769xx.o(RESET)
    !!!main                                  0x080001f8   Section        8  __main.o(!!!main)
    !!!scatter                               0x08000200   Section       52  __scatter.o(!!!scatter)
    !!handler_copy                           0x08000234   Section       26  __scatter_copy.o(!!handler_copy)
    !!handler_zi                             0x08000250   Section       28  __scatter_zi.o(!!handler_zi)
    .ARM.Collect$$libinit$$00000000          0x0800026c   Section        2  libinit.o(.ARM.Collect$$libinit$$00000000)
    .ARM.Collect$$libinit$$00000001          0x0800026e   Section        4  libinit2.o(.ARM.Collect$$libinit$$00000001)
    .ARM.Collect$$libinit$$00000004          0x08000272   Section        0  libinit2.o(.ARM.Collect$$libinit$$00000004)
    .ARM.Collect$$libinit$$0000000A          0x08000272   Section        0  libinit2.o(.ARM.Collect$$libinit$$0000000A)
    .ARM.Collect$$libinit$$0000000C          0x08000272   Section        0  libinit2.o(.ARM.Collect$$libinit$$0000000C)
    .ARM.Collect$$libinit$$0000000E          0x08000272   Section        0  libinit2.o(.ARM.Collect$$libinit$$0000000E)
    .ARM.Collect$$libinit$$00000011          0x08000272   Section        0  libinit2.o(.ARM.Collect$$libinit$$00000011)
    .ARM.Collect$$libinit$$00000013          0x08000272   Section        0  libinit2.o(.ARM.Collect$$libinit$$00000013)
    .ARM.Collect$$libinit$$00000015          0x08000272   Section        0  libinit2.o(.ARM.Collect$$libinit$$00000015)
    .ARM.Collect$$libinit$$00000017          0x08000272   Section        0  libinit2.o(.ARM.Collect$$libinit$$00000017)
    .ARM.Collect$$libinit$$00000019          0x08000272   Section        0  libinit2.o(.ARM.Collect$$libinit$$00000019)
    .ARM.Collect$$libinit$$0000001B          0x08000272   Section        0  libinit2.o(.ARM.Collect$$libinit$$0000001B)
    .ARM.Collect$$libinit$$0000001D          0x08000272   Section        0  libinit2.o(.ARM.Collect$$libinit$$0000001D)
    .ARM.Collect$$libinit$$0000001F          0x08000272   Section        0  libinit2.o(.ARM.Collect$$libinit$$0000001F)
    .ARM.Collect$$libinit$$00000021          0x08000272   Section        0  libinit2.o(.ARM.Collect$$libinit$$00000021)
    .ARM.Collect$$libinit$$00000023          0x08000272   Section        0  libinit2.o(.ARM.Collect$$libinit$$00000023)
    .ARM.Collect$$libinit$$00000025          0x08000272   Section        0  libinit2.o(.ARM.Collect$$libinit$$00000025)
    .ARM.Collect$$libinit$$0000002C          0x08000272   Section        0  libinit2.o(.ARM.Collect$$libinit$$0000002C)
    .ARM.Collect$$libinit$$0000002E          0x08000272   Section        0  libinit2.o(.ARM.Collect$$libinit$$0000002E)
    .ARM.Collect$$libinit$$00000030          0x08000272   Section        0  libinit2.o(.ARM.Collect$$libinit$$00000030)
    .ARM.Collect$$libinit$$00000032          0x08000272   Section        0  libinit2.o(.ARM.Collect$$libinit$$00000032)
    .ARM.Collect$$libinit$$00000033          0x08000272   Section        2  libinit2.o(.ARM.Collect$$libinit$$00000033)
    .ARM.Collect$$libshutdown$$00000000      0x08000274   Section        2  libshutdown.o(.ARM.Collect$$libshutdown$$00000000)
    .ARM.Collect$$libshutdown$$00000002      0x08000276   Section        0  libshutdown2.o(.ARM.Collect$$libshutdown$$00000002)
    .ARM.Collect$$libshutdown$$00000004      0x08000276   Section        0  libshutdown2.o(.ARM.Collect$$libshutdown$$00000004)
    .ARM.Collect$$libshutdown$$00000007      0x08000276   Section        0  libshutdown2.o(.ARM.Collect$$libshutdown$$00000007)
    .ARM.Collect$$libshutdown$$0000000A      0x08000276   Section        0  libshutdown2.o(.ARM.Collect$$libshutdown$$0000000A)
    .ARM.Collect$$libshutdown$$0000000C      0x08000276   Section        0  libshutdown2.o(.ARM.Collect$$libshutdown$$0000000C)
    .ARM.Collect$$libshutdown$$0000000F      0x08000276   Section        0  libshutdown2.o(.ARM.Collect$$libshutdown$$0000000F)
    .ARM.Collect$$libshutdown$$00000010      0x08000276   Section        2  libshutdown2.o(.ARM.Collect$$libshutdown$$00000010)
    .ARM.Collect$$rtentry$$00000000          0x08000278   Section        0  __rtentry.o(.ARM.Collect$$rtentry$$00000000)
    .ARM.Collect$$rtentry$$00000002          0x08000278   Section        0  __rtentry2.o(.ARM.Collect$$rtentry$$00000002)
    .ARM.Collect$$rtentry$$00000004          0x08000278   Section        6  __rtentry4.o(.ARM.Collect$$rtentry$$00000004)
    .ARM.Collect$$rtentry$$00000009          0x0800027e   Section        0  __rtentry2.o(.ARM.Collect$$rtentry$$00000009)
    .ARM.Collect$$rtentry$$0000000A          0x0800027e   Section        4  __rtentry2.o(.ARM.Collect$$rtentry$$0000000A)
    .ARM.Collect$$rtentry$$0000000C          0x08000282   Section        0  __rtentry2.o(.ARM.Collect$$rtentry$$0000000C)
    .ARM.Collect$$rtentry$$0000000D          0x08000282   Section        8  __rtentry2.o(.ARM.Collect$$rtentry$$0000000D)
    .ARM.Collect$$rtexit$$00000000           0x0800028a   Section        2  rtexit.o(.ARM.Collect$$rtexit$$00000000)
    .ARM.Collect$$rtexit$$00000002           0x0800028c   Section        0  rtexit2.o(.ARM.Collect$$rtexit$$00000002)
    .ARM.Collect$$rtexit$$00000003           0x0800028c   Section        4  rtexit2.o(.ARM.Collect$$rtexit$$00000003)
    .ARM.Collect$$rtexit$$00000004           0x08000290   Section        6  rtexit2.o(.ARM.Collect$$rtexit$$00000004)
    .text                                    0x08000298   Section       64  startup_stm32f769xx.o(.text)
    $v0                                      0x08000298   Number         0  startup_stm32f769xx.o(.text)
    .text                                    0x080002d8   Section        0  heapauxi.o(.text)
    .text                                    0x080002de   Section        0  _rserrno.o(.text)
    .text                                    0x080002f4   Section        8  rt_errno_addr_intlibspace.o(.text)
    .text                                    0x080002fc   Section        8  libspace.o(.text)
    .text                                    0x08000304   Section       74  sys_stackheap_outer.o(.text)
    .text                                    0x0800034e   Section        0  exit.o(.text)
    .text                                    0x08000360   Section        0  sys_exit.o(.text)
    .text                                    0x0800036c   Section        2  use_no_semi.o(.text)
    .text                                    0x0800036e   Section        0  indicate_semi.o(.text)
    i.Ending                                 0x08000370   Section        0  led.o(i.Ending)
    i.Error                                  0x08000428   Section        0  led.o(i.Error)
    i.Experiment                             0x0800042c   Section        0  led.o(i.Experiment)
    i.FS_change_we1                          0x08000724   Section        0  led.o(i.FS_change_we1)
    i.FS_change_we2                          0x08000744   Section        0  led.o(i.FS_change_we2)
    i.Idle                                   0x08000764   Section        0  led.o(i.Idle)
    i.PrepE                                  0x080007f8   Section        0  led.o(i.PrepE)
    i.SPI2_IRQHandler                        0x08000954   Section        0  led.o(i.SPI2_IRQHandler)
    i.SystemCoreClockUpdate                  0x08000964   Section        0  system_stm32f7xx.o(i.SystemCoreClockUpdate)
    i.SystemInit                             0x08000a24   Section        0  system_stm32f7xx.o(i.SystemInit)
    i.TIM6_DAC_IRQHandler                    0x08000a88   Section        0  led.o(i.TIM6_DAC_IRQHandler)
    i.TIM7_IRQHandler                        0x08000bb0   Section        0  led.o(i.TIM7_IRQHandler)
    i.USART6_IRQHandler                      0x08000cd8   Section        0  led.o(i.USART6_IRQHandler)
    i.__ARM_fpclassify                       0x08000ce8   Section        0  fpclassify.o(i.__ARM_fpclassify)
    i.__NVIC_EnableIRQ                       0x08000d18   Section        0  led.o(i.__NVIC_EnableIRQ)
    __NVIC_EnableIRQ                         0x08000d19   Thumb Code    26  led.o(i.__NVIC_EnableIRQ)
    i.__NVIC_SetPriority                     0x08000d34   Section        0  led.o(i.__NVIC_SetPriority)
    __NVIC_SetPriority                       0x08000d35   Thumb Code    32  led.o(i.__NVIC_SetPriority)
    i.__hardfp_ceil                          0x08000d60   Section        0  ceil.o(i.__hardfp_ceil)
    i.__hardfp_sin                           0x08000e50   Section        0  sin.o(i.__hardfp_sin)
    i.__ieee754_rem_pio2                     0x08000f00   Section        0  rred.o(i.__ieee754_rem_pio2)
    i.__kernel_cos                           0x08001210   Section        0  cos_i.o(i.__kernel_cos)
    i.__kernel_poly                          0x080012f0   Section        0  poly.o(i.__kernel_poly)
    i.__kernel_sin                           0x08001360   Section        0  sin_i.o(i.__kernel_sin)
    i.__mathlib_dbl_invalid                  0x08001408   Section        0  dunder.o(i.__mathlib_dbl_invalid)
    i.__mathlib_dbl_underflow                0x08001420   Section        0  dunder.o(i.__mathlib_dbl_underflow)
    i.app_rx_cmp_callback                    0x08001438   Section        0  led.o(i.app_rx_cmp_callback)
    i.app_tx_cmp_callback                    0x08001448   Section        0  led.o(i.app_tx_cmp_callback)
    i.bipot                                  0x0800144c   Section        0  led.o(i.bipot)
    i.calibration                            0x08001524   Section        0  led.o(i.calibration)
    i.connection                             0x08001528   Section        0  led.o(i.connection)
    i.eis                                    0x0800158c   Section        0  led.o(i.eis)
    i.fabs                                   0x080015a4   Section        0  fabs.o(i.fabs)
    i.galv                                   0x080015bc   Section        0  led.o(i.galv)
    i.generateACV                            0x080015d4   Section        0  hal_eq_techniques.o(i.generateACV)
    generateACV                              0x080015d5   Thumb Code   306  hal_eq_techniques.o(i.generateACV)
    i.generateDNPV                           0x08001710   Section        0  hal_eq_techniques.o(i.generateDNPV)
    generateDNPV                             0x08001711   Thumb Code   264  hal_eq_techniques.o(i.generateDNPV)
    i.generateDPV                            0x08001818   Section        0  hal_eq_techniques.o(i.generateDPV)
    generateDPV                              0x08001819   Thumb Code   212  hal_eq_techniques.o(i.generateDPV)
    i.generateNPV                            0x080018ec   Section        0  hal_eq_techniques.o(i.generateNPV)
    generateNPV                              0x080018ed   Thumb Code   186  hal_eq_techniques.o(i.generateNPV)
    i.generateSCV                            0x080019a6   Section        0  hal_eq_techniques.o(i.generateSCV)
    generateSCV                              0x080019a7   Thumb Code   196  hal_eq_techniques.o(i.generateSCV)
    i.generateSWV                            0x08001a6a   Section        0  hal_eq_techniques.o(i.generateSWV)
    generateSWV                              0x08001a6b   Thumb Code   224  hal_eq_techniques.o(i.generateSWV)
    i.generate_data                          0x08001b4a   Section        0  hal_eq_techniques.o(i.generate_data)
    i.gpio_init                              0x08001ba8   Section        0  led.o(i.gpio_init)
    i.hal_gpio_configure_pin_mode            0x08001cf0   Section        0  hal_gpio_driver.o(i.hal_gpio_configure_pin_mode)
    i.hal_gpio_configure_pin_otype           0x08001d00   Section        0  hal_gpio_driver.o(i.hal_gpio_configure_pin_otype)
    i.hal_gpio_configure_pin_pupd            0x08001d0e   Section        0  hal_gpio_driver.o(i.hal_gpio_configure_pin_pupd)
    i.hal_gpio_configure_pin_speed           0x08001d1e   Section        0  hal_gpio_driver.o(i.hal_gpio_configure_pin_speed)
    i.hal_gpio_init                          0x08001d2e   Section        0  hal_gpio_driver.o(i.hal_gpio_init)
    i.hal_gpio_read_from_pin                 0x08001d66   Section        0  hal_gpio_driver.o(i.hal_gpio_read_from_pin)
    i.hal_gpio_set_alt_function              0x08001d72   Section        0  hal_gpio_driver.o(i.hal_gpio_set_alt_function)
    i.hal_gpio_write_to_pin                  0x08001da2   Section        0  hal_gpio_driver.o(i.hal_gpio_write_to_pin)
    i.hal_spi_configure_baudrate             0x08001dbe   Section        0  hal_spi_driver.o(i.hal_spi_configure_baudrate)
    hal_spi_configure_baudrate               0x08001dbf   Thumb Code     8  hal_spi_driver.o(i.hal_spi_configure_baudrate)
    i.hal_spi_configure_datasize             0x08001dc6   Section        0  hal_spi_driver.o(i.hal_spi_configure_datasize)
    hal_spi_configure_datasize               0x08001dc7   Thumb Code   190  hal_spi_driver.o(i.hal_spi_configure_datasize)
    i.hal_spi_configure_device_mode          0x08001e84   Section        0  hal_spi_driver.o(i.hal_spi_configure_device_mode)
    hal_spi_configure_device_mode            0x08001e85   Thumb Code    22  hal_spi_driver.o(i.hal_spi_configure_device_mode)
    i.hal_spi_configure_direction            0x08001e9a   Section        0  hal_spi_driver.o(i.hal_spi_configure_direction)
    hal_spi_configure_direction              0x08001e9b   Thumb Code    42  hal_spi_driver.o(i.hal_spi_configure_direction)
    i.hal_spi_configure_nss_master           0x08001ec4   Section        0  hal_spi_driver.o(i.hal_spi_configure_nss_master)
    hal_spi_configure_nss_master             0x08001ec5   Thumb Code    30  hal_spi_driver.o(i.hal_spi_configure_nss_master)
    i.hal_spi_configure_nss_slave            0x08001ee2   Section        0  hal_spi_driver.o(i.hal_spi_configure_nss_slave)
    hal_spi_configure_nss_slave              0x08001ee3   Thumb Code    22  hal_spi_driver.o(i.hal_spi_configure_nss_slave)
    i.hal_spi_configure_phase_and_polarity   0x08001ef8   Section        0  hal_spi_driver.o(i.hal_spi_configure_phase_and_polarity)
    hal_spi_configure_phase_and_polarity     0x08001ef9   Thumb Code    42  hal_spi_driver.o(i.hal_spi_configure_phase_and_polarity)
    i.hal_spi_disable_rxne_interrupt         0x08001f22   Section        0  hal_spi_driver.o(i.hal_spi_disable_rxne_interrupt)
    hal_spi_disable_rxne_interrupt           0x08001f23   Thumb Code    10  hal_spi_driver.o(i.hal_spi_disable_rxne_interrupt)
    i.hal_spi_disable_txe_interrupt          0x08001f2c   Section        0  hal_spi_driver.o(i.hal_spi_disable_txe_interrupt)
    hal_spi_disable_txe_interrupt            0x08001f2d   Thumb Code    10  hal_spi_driver.o(i.hal_spi_disable_txe_interrupt)
    i.hal_spi_handle_rx_interrupt            0x08001f36   Section        0  hal_spi_driver.o(i.hal_spi_handle_rx_interrupt)
    hal_spi_handle_rx_interrupt              0x08001f37   Thumb Code    72  hal_spi_driver.o(i.hal_spi_handle_rx_interrupt)
    i.hal_spi_handle_tx_interrupt            0x08001f7e   Section        0  hal_spi_driver.o(i.hal_spi_handle_tx_interrupt)
    i.hal_spi_init                           0x08001fc2   Section        0  hal_spi_driver.o(i.hal_spi_init)
    i.hal_spi_irq_handler                    0x0800200e   Section        0  hal_spi_driver.o(i.hal_spi_irq_handler)
    i.hal_spi_is_bus_busy                    0x08002052   Section        0  hal_spi_driver.o(i.hal_spi_is_bus_busy)
    i.hal_spi_rx_close_interrupt             0x08002064   Section        0  hal_spi_driver.o(i.hal_spi_rx_close_interrupt)
    hal_spi_rx_close_interrupt               0x08002065   Thumb Code    30  hal_spi_driver.o(i.hal_spi_rx_close_interrupt)
    i.hal_spi_tx_close_interrupt             0x08002082   Section        0  hal_spi_driver.o(i.hal_spi_tx_close_interrupt)
    hal_spi_tx_close_interrupt               0x08002083   Thumb Code    30  hal_spi_driver.o(i.hal_spi_tx_close_interrupt)
    i.hal_tim67_clear_flag                   0x080020a0   Section        0  hal_timer6_driver.o(i.hal_tim67_clear_flag)
    i.hal_tim67_configure_auto_reload_preload 0x080020b0   Section        0  hal_timer6_driver.o(i.hal_tim67_configure_auto_reload_preload)
    hal_tim67_configure_auto_reload_preload  0x080020b1   Thumb Code    26  hal_timer6_driver.o(i.hal_tim67_configure_auto_reload_preload)
    i.hal_tim67_configure_auto_reload_value  0x080020d0   Section        0  hal_timer6_driver.o(i.hal_tim67_configure_auto_reload_value)
    hal_tim67_configure_auto_reload_value    0x080020d1   Thumb Code     6  hal_timer6_driver.o(i.hal_tim67_configure_auto_reload_value)
    i.hal_tim67_configure_counter_mode       0x080020d6   Section        0  hal_timer6_driver.o(i.hal_tim67_configure_counter_mode)
    hal_tim67_configure_counter_mode         0x080020d7   Thumb Code    22  hal_timer6_driver.o(i.hal_tim67_configure_counter_mode)
    i.hal_tim67_configure_prescaler          0x080020ec   Section        0  hal_timer6_driver.o(i.hal_tim67_configure_prescaler)
    hal_tim67_configure_prescaler            0x080020ed   Thumb Code     6  hal_timer6_driver.o(i.hal_tim67_configure_prescaler)
    i.hal_tim67_disable                      0x080020f2   Section        0  hal_timer6_driver.o(i.hal_tim67_disable)
    i.hal_tim67_enable                       0x08002100   Section        0  hal_timer6_driver.o(i.hal_tim67_enable)
    i.hal_tim67_handle_interrupt             0x0800210e   Section        0  hal_timer6_driver.o(i.hal_tim67_handle_interrupt)
    i.hal_tim67_init                         0x0800212c   Section        0  hal_timer6_driver.o(i.hal_tim67_init)
    i.hal_tim67_int_disable                  0x0800215c   Section        0  hal_timer6_driver.o(i.hal_tim67_int_disable)
    i.hal_tim67_int_enable                   0x0800217a   Section        0  hal_timer6_driver.o(i.hal_tim67_int_enable)
    i.hal_uart_clear_error_flag              0x08002198   Section        0  hal_usart_driver.o(i.hal_uart_clear_error_flag)
    hal_uart_clear_error_flag                0x08002199   Thumb Code    12  hal_usart_driver.o(i.hal_uart_clear_error_flag)
    i.hal_uart_configure_error_interrupt     0x080021a4   Section        0  hal_usart_driver.o(i.hal_uart_configure_error_interrupt)
    hal_uart_configure_error_interrupt       0x080021a5   Thumb Code    22  hal_usart_driver.o(i.hal_uart_configure_error_interrupt)
    i.hal_uart_configure_over_sampling       0x080021ba   Section        0  hal_usart_driver.o(i.hal_uart_configure_over_sampling)
    hal_uart_configure_over_sampling         0x080021bb   Thumb Code    12  hal_usart_driver.o(i.hal_uart_configure_over_sampling)
    i.hal_uart_configure_parity_error_interrupt 0x080021c6   Section        0  hal_usart_driver.o(i.hal_uart_configure_parity_error_interrupt)
    hal_uart_configure_parity_error_interrupt 0x080021c7   Thumb Code    22  hal_usart_driver.o(i.hal_uart_configure_parity_error_interrupt)
    i.hal_uart_configure_rxne_interrupt      0x080021dc   Section        0  hal_usart_driver.o(i.hal_uart_configure_rxne_interrupt)
    hal_uart_configure_rxne_interrupt        0x080021dd   Thumb Code    22  hal_usart_driver.o(i.hal_uart_configure_rxne_interrupt)
    i.hal_uart_configure_stop_bits           0x080021f2   Section        0  hal_usart_driver.o(i.hal_uart_configure_stop_bits)
    hal_uart_configure_stop_bits             0x080021f3   Thumb Code    70  hal_usart_driver.o(i.hal_uart_configure_stop_bits)
    i.hal_uart_configure_txe_interrupt       0x08002238   Section        0  hal_usart_driver.o(i.hal_uart_configure_txe_interrupt)
    hal_uart_configure_txe_interrupt         0x08002239   Thumb Code    22  hal_usart_driver.o(i.hal_uart_configure_txe_interrupt)
    i.hal_uart_configure_word_length         0x0800224e   Section        0  hal_usart_driver.o(i.hal_uart_configure_word_length)
    hal_uart_configure_word_length           0x0800224f   Thumb Code   104  hal_usart_driver.o(i.hal_uart_configure_word_length)
    i.hal_uart_enable                        0x080022b6   Section        0  hal_usart_driver.o(i.hal_uart_enable)
    hal_uart_enable                          0x080022b7   Thumb Code    10  hal_usart_driver.o(i.hal_uart_enable)
    i.hal_uart_enable_disable_rx             0x080022c0   Section        0  hal_usart_driver.o(i.hal_uart_enable_disable_rx)
    hal_uart_enable_disable_rx               0x080022c1   Thumb Code    26  hal_usart_driver.o(i.hal_uart_enable_disable_rx)
    i.hal_uart_enable_disable_tx             0x080022da   Section        0  hal_usart_driver.o(i.hal_uart_enable_disable_tx)
    hal_uart_enable_disable_tx               0x080022db   Thumb Code    26  hal_usart_driver.o(i.hal_uart_enable_disable_tx)
    i.hal_uart_handle_RXNE_interrupt         0x080022f4   Section        0  hal_usart_driver.o(i.hal_uart_handle_RXNE_interrupt)
    hal_uart_handle_RXNE_interrupt           0x080022f5   Thumb Code   116  hal_usart_driver.o(i.hal_uart_handle_RXNE_interrupt)
    i.hal_uart_handle_TC_interrupt           0x08002368   Section        0  hal_usart_driver.o(i.hal_uart_handle_TC_interrupt)
    hal_uart_handle_TC_interrupt             0x08002369   Thumb Code    36  hal_usart_driver.o(i.hal_uart_handle_TC_interrupt)
    i.hal_uart_handle_TXE_interrupt          0x0800238c   Section        0  hal_usart_driver.o(i.hal_uart_handle_TXE_interrupt)
    hal_uart_handle_TXE_interrupt            0x0800238d   Thumb Code    60  hal_usart_driver.o(i.hal_uart_handle_TXE_interrupt)
    i.hal_uart_handle_interrupt              0x080023c8   Section        0  hal_usart_driver.o(i.hal_uart_handle_interrupt)
    i.hal_uart_init                          0x080024a8   Section        0  hal_usart_driver.o(i.hal_uart_init)
    i.hal_uart_rx                            0x080024f2   Section        0  hal_usart_driver.o(i.hal_uart_rx)
    i.hal_uart_set_baud_rate                 0x08002528   Section        0  hal_usart_driver.o(i.hal_uart_set_baud_rate)
    hal_uart_set_baud_rate                   0x08002529   Thumb Code    32  hal_usart_driver.o(i.hal_uart_set_baud_rate)
    i.hal_uart_tx                            0x08002548   Section        0  hal_usart_driver.o(i.hal_uart_tx)
    i.initClock                              0x0800256c   Section        0  led.o(i.initClock)
    i.led_init                               0x080025b8   Section        0  led.o(i.led_init)
    i.load_ACV_data                          0x080025fc   Section        0  hal_eq_techniques.o(i.load_ACV_data)
    load_ACV_data                            0x080025fd   Thumb Code   630  hal_eq_techniques.o(i.load_ACV_data)
    i.load_DNPV_data                         0x08002884   Section        0  hal_eq_techniques.o(i.load_DNPV_data)
    load_DNPV_data                           0x08002885   Thumb Code   698  hal_eq_techniques.o(i.load_DNPV_data)
    i.load_DPV_data                          0x08002b50   Section        0  hal_eq_techniques.o(i.load_DPV_data)
    load_DPV_data                            0x08002b51   Thumb Code   646  hal_eq_techniques.o(i.load_DPV_data)
    i.load_NPV_data                          0x08002de8   Section        0  hal_eq_techniques.o(i.load_NPV_data)
    load_NPV_data                            0x08002de9   Thumb Code   556  hal_eq_techniques.o(i.load_NPV_data)
    i.load_SCV_data                          0x08003024   Section        0  hal_eq_techniques.o(i.load_SCV_data)
    load_SCV_data                            0x08003025   Thumb Code   534  hal_eq_techniques.o(i.load_SCV_data)
    i.load_SWV_data                          0x0800324c   Section        0  hal_eq_techniques.o(i.load_SWV_data)
    load_SWV_data                            0x0800324d   Thumb Code   586  hal_eq_techniques.o(i.load_SWV_data)
    i.load_data                              0x080034a8   Section        0  hal_eq_techniques.o(i.load_data)
    i.main                                   0x08003554   Section        0  led.o(i.main)
    i.measuring_we1                          0x080037d0   Section        0  led.o(i.measuring_we1)
    i.measuring_we2                          0x08003a10   Section        0  led.o(i.measuring_we2)
    i.parse_cmd                              0x08003c40   Section        0  auxfunctions.o(i.parse_cmd)
    i.pot                                    0x08003d74   Section        0  led.o(i.pot)
    i.pretreatment_we1                       0x08003ddc   Section        0  led.o(i.pretreatment_we1)
    i.pretreatment_we2                       0x08003fd8   Section        0  led.o(i.pretreatment_we2)
    i.read_ADC_W1                            0x080041d4   Section        0  auxfunctions.o(i.read_ADC_W1)
    i.spi_gpio_init                          0x08004240   Section        0  led.o(i.spi_gpio_init)
    i.start                                  0x080042c0   Section        0  led.o(i.start)
    i.subStateMachineWE1                     0x08004348   Section        0  led.o(i.subStateMachineWE1)
    i.subStateMachineWE2                     0x08004360   Section        0  led.o(i.subStateMachineWE2)
    i.uart_gpio_init                         0x08004378   Section        0  led.o(i.uart_gpio_init)
    x$fpl$fpinit                             0x080043d0   Section       10  fpinit.o(x$fpl$fpinit)
    $v0                                      0x080043d0   Number         0  fpinit.o(x$fpl$fpinit)
    .constdata                               0x080043da   Section       24  system_stm32f7xx.o(.constdata)
    x$fpl$usenofp                            0x080043da   Section        0  usenofp.o(x$fpl$usenofp)
    .constdata                               0x080043f8   Section       48  cos_i.o(.constdata)
    C                                        0x080043f8   Data          48  cos_i.o(.constdata)
    .constdata                               0x08004428   Section      200  rred.o(.constdata)
    pio2s                                    0x08004428   Data          48  rred.o(.constdata)
    twooverpi                                0x08004458   Data         152  rred.o(.constdata)
    .constdata                               0x080044f0   Section       40  sin_i.o(.constdata)
    S                                        0x080044f0   Data          40  sin_i.o(.constdata)
    .data                                    0x20020000   Section      160  led.o(.data)
    .data                                    0x200200a0   Section        4  system_stm32f7xx.o(.data)
    .bss                                     0x200200a4   Section    12860  led.o(.bss)
    .bss                                     0x200232e0   Section       96  libspace.o(.bss)
    HEAP                                     0x20023340   Section      512  startup_stm32f769xx.o(HEAP)
    Heap_Mem                                 0x20023340   Data         512  startup_stm32f769xx.o(HEAP)
    STACK                                    0x20023540   Section     1024  startup_stm32f769xx.o(STACK)
    Stack_Mem                                0x20023540   Data        1024  startup_stm32f769xx.o(STACK)
    __initial_sp                             0x20023940   Data           0  startup_stm32f769xx.o(STACK)

    Global Symbols

    Symbol Name                              Value     Ov Type        Size  Object(Section)

    BuildAttributes$$THM_ISAv4$E$P$D$K$B$S$7EM$VFPv5_D16$PE$PLD8$A:L22UL41UL21$X:L11$S22US41US21$IEEE1$IW$USESV6$~STKCKD$USESV7$~SHL$OTIME$ROPI$IEEEX$EBA8$UX$STANDARDLIB$REQ8$PRES8$EABIv2 0x00000000   Number         0  anon$$obj.o ABSOLUTE
    __ARM_use_no_argv                        0x00000000   Number         0  led.o ABSOLUTE
    __ARM_exceptions_init                     - Undefined Weak Reference
    __alloca_initialize                       - Undefined Weak Reference
    __arm_preinit_                            - Undefined Weak Reference
    __cpp_initialize__aeabi_                  - Undefined Weak Reference
    __cxa_finalize                            - Undefined Weak Reference
    __rt_locale                               - Undefined Weak Reference
    __sigvec_lookup                           - Undefined Weak Reference
    _atexit_init                              - Undefined Weak Reference
    _call_atexit_fns                          - Undefined Weak Reference
    _clock_init                               - Undefined Weak Reference
    _fp_trap_init                             - Undefined Weak Reference
    _fp_trap_shutdown                         - Undefined Weak Reference
    _get_lc_collate                           - Undefined Weak Reference
    _get_lc_ctype                             - Undefined Weak Reference
    _get_lc_monetary                          - Undefined Weak Reference
    _get_lc_numeric                           - Undefined Weak Reference
    _get_lc_time                              - Undefined Weak Reference
    _getenv_init                              - Undefined Weak Reference
    _handle_redirection                       - Undefined Weak Reference
    _init_alloc                               - Undefined Weak Reference
    _init_user_alloc                          - Undefined Weak Reference
    _initio                                   - Undefined Weak Reference
    _rand_init                                - Undefined Weak Reference
    _signal_finish                            - Undefined Weak Reference
    _signal_init                              - Undefined Weak Reference
    _terminate_alloc                          - Undefined Weak Reference
    _terminate_user_alloc                     - Undefined Weak Reference
    _terminateio                              - Undefined Weak Reference
    __Vectors_Size                           0x000001f8   Number         0  startup_stm32f769xx.o ABSOLUTE
    __Vectors                                0x08000000   Data           4  startup_stm32f769xx.o(RESET)
    __Vectors_End                            0x080001f8   Data           0  startup_stm32f769xx.o(RESET)
    __main                                   0x080001f9   Thumb Code     8  __main.o(!!!main)
    __scatterload                            0x08000201   Thumb Code     0  __scatter.o(!!!scatter)
    __scatterload_rt2                        0x08000201   Thumb Code    44  __scatter.o(!!!scatter)
    __scatterload_rt2_thumb_only             0x08000201   Thumb Code     0  __scatter.o(!!!scatter)
    __scatterload_null                       0x0800020f   Thumb Code     0  __scatter.o(!!!scatter)
    __scatterload_copy                       0x08000235   Thumb Code    26  __scatter_copy.o(!!handler_copy)
    __scatterload_zeroinit                   0x08000251   Thumb Code    28  __scatter_zi.o(!!handler_zi)
    __rt_lib_init                            0x0800026d   Thumb Code     0  libinit.o(.ARM.Collect$$libinit$$00000000)
    __rt_lib_init_fp_1                       0x0800026f   Thumb Code     0  libinit2.o(.ARM.Collect$$libinit$$00000001)
    __rt_lib_init_alloca_1                   0x08000273   Thumb Code     0  libinit2.o(.ARM.Collect$$libinit$$0000002E)
    __rt_lib_init_argv_1                     0x08000273   Thumb Code     0  libinit2.o(.ARM.Collect$$libinit$$0000002C)
    __rt_lib_init_atexit_1                   0x08000273   Thumb Code     0  libinit2.o(.ARM.Collect$$libinit$$0000001B)
    __rt_lib_init_clock_1                    0x08000273   Thumb Code     0  libinit2.o(.ARM.Collect$$libinit$$00000021)
    __rt_lib_init_cpp_1                      0x08000273   Thumb Code     0  libinit2.o(.ARM.Collect$$libinit$$00000032)
    __rt_lib_init_exceptions_1               0x08000273   Thumb Code     0  libinit2.o(.ARM.Collect$$libinit$$00000030)
    __rt_lib_init_fp_trap_1                  0x08000273   Thumb Code     0  libinit2.o(.ARM.Collect$$libinit$$0000001F)
    __rt_lib_init_getenv_1                   0x08000273   Thumb Code     0  libinit2.o(.ARM.Collect$$libinit$$00000023)
    __rt_lib_init_heap_1                     0x08000273   Thumb Code     0  libinit2.o(.ARM.Collect$$libinit$$0000000A)
    __rt_lib_init_lc_collate_1               0x08000273   Thumb Code     0  libinit2.o(.ARM.Collect$$libinit$$00000011)
    __rt_lib_init_lc_ctype_1                 0x08000273   Thumb Code     0  libinit2.o(.ARM.Collect$$libinit$$00000013)
    __rt_lib_init_lc_monetary_1              0x08000273   Thumb Code     0  libinit2.o(.ARM.Collect$$libinit$$00000015)
    __rt_lib_init_lc_numeric_1               0x08000273   Thumb Code     0  libinit2.o(.ARM.Collect$$libinit$$00000017)
    __rt_lib_init_lc_time_1                  0x08000273   Thumb Code     0  libinit2.o(.ARM.Collect$$libinit$$00000019)
    __rt_lib_init_preinit_1                  0x08000273   Thumb Code     0  libinit2.o(.ARM.Collect$$libinit$$00000004)
    __rt_lib_init_rand_1                     0x08000273   Thumb Code     0  libinit2.o(.ARM.Collect$$libinit$$0000000E)
    __rt_lib_init_return                     0x08000273   Thumb Code     0  libinit2.o(.ARM.Collect$$libinit$$00000033)
    __rt_lib_init_signal_1                   0x08000273   Thumb Code     0  libinit2.o(.ARM.Collect$$libinit$$0000001D)
    __rt_lib_init_stdio_1                    0x08000273   Thumb Code     0  libinit2.o(.ARM.Collect$$libinit$$00000025)
    __rt_lib_init_user_alloc_1               0x08000273   Thumb Code     0  libinit2.o(.ARM.Collect$$libinit$$0000000C)
    __rt_lib_shutdown                        0x08000275   Thumb Code     0  libshutdown.o(.ARM.Collect$$libshutdown$$00000000)
    __rt_lib_shutdown_cpp_1                  0x08000277   Thumb Code     0  libshutdown2.o(.ARM.Collect$$libshutdown$$00000002)
    __rt_lib_shutdown_fp_trap_1              0x08000277   Thumb Code     0  libshutdown2.o(.ARM.Collect$$libshutdown$$00000007)
    __rt_lib_shutdown_heap_1                 0x08000277   Thumb Code     0  libshutdown2.o(.ARM.Collect$$libshutdown$$0000000F)
    __rt_lib_shutdown_return                 0x08000277   Thumb Code     0  libshutdown2.o(.ARM.Collect$$libshutdown$$00000010)
    __rt_lib_shutdown_signal_1               0x08000277   Thumb Code     0  libshutdown2.o(.ARM.Collect$$libshutdown$$0000000A)
    __rt_lib_shutdown_stdio_1                0x08000277   Thumb Code     0  libshutdown2.o(.ARM.Collect$$libshutdown$$00000004)
    __rt_lib_shutdown_user_alloc_1           0x08000277   Thumb Code     0  libshutdown2.o(.ARM.Collect$$libshutdown$$0000000C)
    __rt_entry                               0x08000279   Thumb Code     0  __rtentry.o(.ARM.Collect$$rtentry$$00000000)
    __rt_entry_presh_1                       0x08000279   Thumb Code     0  __rtentry2.o(.ARM.Collect$$rtentry$$00000002)
    __rt_entry_sh                            0x08000279   Thumb Code     0  __rtentry4.o(.ARM.Collect$$rtentry$$00000004)
    __rt_entry_li                            0x0800027f   Thumb Code     0  __rtentry2.o(.ARM.Collect$$rtentry$$0000000A)
    __rt_entry_postsh_1                      0x0800027f   Thumb Code     0  __rtentry2.o(.ARM.Collect$$rtentry$$00000009)
    __rt_entry_main                          0x08000283   Thumb Code     0  __rtentry2.o(.ARM.Collect$$rtentry$$0000000D)
    __rt_entry_postli_1                      0x08000283   Thumb Code     0  __rtentry2.o(.ARM.Collect$$rtentry$$0000000C)
    __rt_exit                                0x0800028b   Thumb Code     0  rtexit.o(.ARM.Collect$$rtexit$$00000000)
    __rt_exit_ls                             0x0800028d   Thumb Code     0  rtexit2.o(.ARM.Collect$$rtexit$$00000003)
    __rt_exit_prels_1                        0x0800028d   Thumb Code     0  rtexit2.o(.ARM.Collect$$rtexit$$00000002)
    __rt_exit_exit                           0x08000291   Thumb Code     0  rtexit2.o(.ARM.Collect$$rtexit$$00000004)
    Reset_Handler                            0x08000299   Thumb Code     8  startup_stm32f769xx.o(.text)
    NMI_Handler                              0x080002a1   Thumb Code     2  startup_stm32f769xx.o(.text)
    HardFault_Handler                        0x080002a3   Thumb Code     2  startup_stm32f769xx.o(.text)
    MemManage_Handler                        0x080002a5   Thumb Code     2  startup_stm32f769xx.o(.text)
    BusFault_Handler                         0x080002a7   Thumb Code     2  startup_stm32f769xx.o(.text)
    UsageFault_Handler                       0x080002a9   Thumb Code     2  startup_stm32f769xx.o(.text)
    SVC_Handler                              0x080002ab   Thumb Code     2  startup_stm32f769xx.o(.text)
    DebugMon_Handler                         0x080002ad   Thumb Code     2  startup_stm32f769xx.o(.text)
    PendSV_Handler                           0x080002af   Thumb Code     2  startup_stm32f769xx.o(.text)
    SysTick_Handler                          0x080002b1   Thumb Code     2  startup_stm32f769xx.o(.text)
    ADC_IRQHandler                           0x080002b3   Thumb Code     0  startup_stm32f769xx.o(.text)
    CAN1_RX0_IRQHandler                      0x080002b3   Thumb Code     0  startup_stm32f769xx.o(.text)
    CAN1_RX1_IRQHandler                      0x080002b3   Thumb Code     0  startup_stm32f769xx.o(.text)
    CAN1_SCE_IRQHandler                      0x080002b3   Thumb Code     0  startup_stm32f769xx.o(.text)
    CAN1_TX_IRQHandler                       0x080002b3   Thumb Code     0  startup_stm32f769xx.o(.text)
    CAN2_RX0_IRQHandler                      0x080002b3   Thumb Code     0  startup_stm32f769xx.o(.text)
    CAN2_RX1_IRQHandler                      0x080002b3   Thumb Code     0  startup_stm32f769xx.o(.text)
    CAN2_SCE_IRQHandler                      0x080002b3   Thumb Code     0  startup_stm32f769xx.o(.text)
    CAN2_TX_IRQHandler                       0x080002b3   Thumb Code     0  startup_stm32f769xx.o(.text)
    CAN3_RX0_IRQHandler                      0x080002b3   Thumb Code     0  startup_stm32f769xx.o(.text)
    CAN3_RX1_IRQHandler                      0x080002b3   Thumb Code     0  startup_stm32f769xx.o(.text)
    CAN3_SCE_IRQHandler                      0x080002b3   Thumb Code     0  startup_stm32f769xx.o(.text)
    CAN3_TX_IRQHandler                       0x080002b3   Thumb Code     0  startup_stm32f769xx.o(.text)
    CEC_IRQHandler                           0x080002b3   Thumb Code     0  startup_stm32f769xx.o(.text)
    DCMI_IRQHandler                          0x080002b3   Thumb Code     0  startup_stm32f769xx.o(.text)
    DFSDM1_FLT0_IRQHandler                   0x080002b3   Thumb Code     0  startup_stm32f769xx.o(.text)
    DFSDM1_FLT1_IRQHandler                   0x080002b3   Thumb Code     0  startup_stm32f769xx.o(.text)
    DFSDM1_FLT2_IRQHandler                   0x080002b3   Thumb Code     0  startup_stm32f769xx.o(.text)
    DFSDM1_FLT3_IRQHandler                   0x080002b3   Thumb Code     0  startup_stm32f769xx.o(.text)
    DMA1_Stream0_IRQHandler                  0x080002b3   Thumb Code     0  startup_stm32f769xx.o(.text)
    DMA1_Stream1_IRQHandler                  0x080002b3   Thumb Code     0  startup_stm32f769xx.o(.text)
    DMA1_Stream2_IRQHandler                  0x080002b3   Thumb Code     0  startup_stm32f769xx.o(.text)
    DMA1_Stream3_IRQHandler                  0x080002b3   Thumb Code     0  startup_stm32f769xx.o(.text)
    DMA1_Stream4_IRQHandler                  0x080002b3   Thumb Code     0  startup_stm32f769xx.o(.text)
    DMA1_Stream5_IRQHandler                  0x080002b3   Thumb Code     0  startup_stm32f769xx.o(.text)
    DMA1_Stream6_IRQHandler                  0x080002b3   Thumb Code     0  startup_stm32f769xx.o(.text)
    DMA1_Stream7_IRQHandler                  0x080002b3   Thumb Code     0  startup_stm32f769xx.o(.text)
    DMA2D_IRQHandler                         0x080002b3   Thumb Code     0  startup_stm32f769xx.o(.text)
    DMA2_Stream0_IRQHandler                  0x080002b3   Thumb Code     0  startup_stm32f769xx.o(.text)
    DMA2_Stream1_IRQHandler                  0x080002b3   Thumb Code     0  startup_stm32f769xx.o(.text)
    DMA2_Stream2_IRQHandler                  0x080002b3   Thumb Code     0  startup_stm32f769xx.o(.text)
    DMA2_Stream3_IRQHandler                  0x080002b3   Thumb Code     0  startup_stm32f769xx.o(.text)
    DMA2_Stream4_IRQHandler                  0x080002b3   Thumb Code     0  startup_stm32f769xx.o(.text)
    DMA2_Stream5_IRQHandler                  0x080002b3   Thumb Code     0  startup_stm32f769xx.o(.text)
    DMA2_Stream6_IRQHandler                  0x080002b3   Thumb Code     0  startup_stm32f769xx.o(.text)
    DMA2_Stream7_IRQHandler                  0x080002b3   Thumb Code     0  startup_stm32f769xx.o(.text)
    DSI_IRQHandler                           0x080002b3   Thumb Code     0  startup_stm32f769xx.o(.text)
    ETH_IRQHandler                           0x080002b3   Thumb Code     0  startup_stm32f769xx.o(.text)
    ETH_WKUP_IRQHandler                      0x080002b3   Thumb Code     0  startup_stm32f769xx.o(.text)
    EXTI0_IRQHandler                         0x080002b3   Thumb Code     0  startup_stm32f769xx.o(.text)
    EXTI15_10_IRQHandler                     0x080002b3   Thumb Code     0  startup_stm32f769xx.o(.text)
    EXTI1_IRQHandler                         0x080002b3   Thumb Code     0  startup_stm32f769xx.o(.text)
    EXTI2_IRQHandler                         0x080002b3   Thumb Code     0  startup_stm32f769xx.o(.text)
    EXTI3_IRQHandler                         0x080002b3   Thumb Code     0  startup_stm32f769xx.o(.text)
    EXTI4_IRQHandler                         0x080002b3   Thumb Code     0  startup_stm32f769xx.o(.text)
    EXTI9_5_IRQHandler                       0x080002b3   Thumb Code     0  startup_stm32f769xx.o(.text)
    FLASH_IRQHandler                         0x080002b3   Thumb Code     0  startup_stm32f769xx.o(.text)
    FMC_IRQHandler                           0x080002b3   Thumb Code     0  startup_stm32f769xx.o(.text)
    FPU_IRQHandler                           0x080002b3   Thumb Code     0  startup_stm32f769xx.o(.text)
    I2C1_ER_IRQHandler                       0x080002b3   Thumb Code     0  startup_stm32f769xx.o(.text)
    I2C1_EV_IRQHandler                       0x080002b3   Thumb Code     0  startup_stm32f769xx.o(.text)
    I2C2_ER_IRQHandler                       0x080002b3   Thumb Code     0  startup_stm32f769xx.o(.text)
    I2C2_EV_IRQHandler                       0x080002b3   Thumb Code     0  startup_stm32f769xx.o(.text)
    I2C3_ER_IRQHandler                       0x080002b3   Thumb Code     0  startup_stm32f769xx.o(.text)
    I2C3_EV_IRQHandler                       0x080002b3   Thumb Code     0  startup_stm32f769xx.o(.text)
    I2C4_ER_IRQHandler                       0x080002b3   Thumb Code     0  startup_stm32f769xx.o(.text)
    I2C4_EV_IRQHandler                       0x080002b3   Thumb Code     0  startup_stm32f769xx.o(.text)
    JPEG_IRQHandler                          0x080002b3   Thumb Code     0  startup_stm32f769xx.o(.text)
    LPTIM1_IRQHandler                        0x080002b3   Thumb Code     0  startup_stm32f769xx.o(.text)
    LTDC_ER_IRQHandler                       0x080002b3   Thumb Code     0  startup_stm32f769xx.o(.text)
    LTDC_IRQHandler                          0x080002b3   Thumb Code     0  startup_stm32f769xx.o(.text)
    MDIOS_IRQHandler                         0x080002b3   Thumb Code     0  startup_stm32f769xx.o(.text)
    OTG_FS_IRQHandler                        0x080002b3   Thumb Code     0  startup_stm32f769xx.o(.text)
    OTG_FS_WKUP_IRQHandler                   0x080002b3   Thumb Code     0  startup_stm32f769xx.o(.text)
    OTG_HS_EP1_IN_IRQHandler                 0x080002b3   Thumb Code     0  startup_stm32f769xx.o(.text)
    OTG_HS_EP1_OUT_IRQHandler                0x080002b3   Thumb Code     0  startup_stm32f769xx.o(.text)
    OTG_HS_IRQHandler                        0x080002b3   Thumb Code     0  startup_stm32f769xx.o(.text)
    OTG_HS_WKUP_IRQHandler                   0x080002b3   Thumb Code     0  startup_stm32f769xx.o(.text)
    PVD_IRQHandler                           0x080002b3   Thumb Code     0  startup_stm32f769xx.o(.text)
    QUADSPI_IRQHandler                       0x080002b3   Thumb Code     0  startup_stm32f769xx.o(.text)
    RCC_IRQHandler                           0x080002b3   Thumb Code     0  startup_stm32f769xx.o(.text)
    RNG_IRQHandler                           0x080002b3   Thumb Code     0  startup_stm32f769xx.o(.text)
    RTC_Alarm_IRQHandler                     0x080002b3   Thumb Code     0  startup_stm32f769xx.o(.text)
    RTC_WKUP_IRQHandler                      0x080002b3   Thumb Code     0  startup_stm32f769xx.o(.text)
    SAI1_IRQHandler                          0x080002b3   Thumb Code     0  startup_stm32f769xx.o(.text)
    SAI2_IRQHandler                          0x080002b3   Thumb Code     0  startup_stm32f769xx.o(.text)
    SDMMC1_IRQHandler                        0x080002b3   Thumb Code     0  startup_stm32f769xx.o(.text)
    SDMMC2_IRQHandler                        0x080002b3   Thumb Code     0  startup_stm32f769xx.o(.text)
    SPDIF_RX_IRQHandler                      0x080002b3   Thumb Code     0  startup_stm32f769xx.o(.text)
    SPI1_IRQHandler                          0x080002b3   Thumb Code     0  startup_stm32f769xx.o(.text)
    SPI3_IRQHandler                          0x080002b3   Thumb Code     0  startup_stm32f769xx.o(.text)
    SPI4_IRQHandler                          0x080002b3   Thumb Code     0  startup_stm32f769xx.o(.text)
    SPI5_IRQHandler                          0x080002b3   Thumb Code     0  startup_stm32f769xx.o(.text)
    SPI6_IRQHandler                          0x080002b3   Thumb Code     0  startup_stm32f769xx.o(.text)
    TAMP_STAMP_IRQHandler                    0x080002b3   Thumb Code     0  startup_stm32f769xx.o(.text)
    TIM1_BRK_TIM9_IRQHandler                 0x080002b3   Thumb Code     0  startup_stm32f769xx.o(.text)
    TIM1_CC_IRQHandler                       0x080002b3   Thumb Code     0  startup_stm32f769xx.o(.text)
    TIM1_TRG_COM_TIM11_IRQHandler            0x080002b3   Thumb Code     0  startup_stm32f769xx.o(.text)
    TIM1_UP_TIM10_IRQHandler                 0x080002b3   Thumb Code     0  startup_stm32f769xx.o(.text)
    TIM2_IRQHandler                          0x080002b3   Thumb Code     0  startup_stm32f769xx.o(.text)
    TIM3_IRQHandler                          0x080002b3   Thumb Code     0  startup_stm32f769xx.o(.text)
    TIM4_IRQHandler                          0x080002b3   Thumb Code     0  startup_stm32f769xx.o(.text)
    TIM5_IRQHandler                          0x080002b3   Thumb Code     0  startup_stm32f769xx.o(.text)
    TIM8_BRK_TIM12_IRQHandler                0x080002b3   Thumb Code     0  startup_stm32f769xx.o(.text)
    TIM8_CC_IRQHandler                       0x080002b3   Thumb Code     0  startup_stm32f769xx.o(.text)
    TIM8_TRG_COM_TIM14_IRQHandler            0x080002b3   Thumb Code     0  startup_stm32f769xx.o(.text)
    TIM8_UP_TIM13_IRQHandler                 0x080002b3   Thumb Code     0  startup_stm32f769xx.o(.text)
    UART4_IRQHandler                         0x080002b3   Thumb Code     0  startup_stm32f769xx.o(.text)
    UART5_IRQHandler                         0x080002b3   Thumb Code     0  startup_stm32f769xx.o(.text)
    UART7_IRQHandler                         0x080002b3   Thumb Code     0  startup_stm32f769xx.o(.text)
    UART8_IRQHandler                         0x080002b3   Thumb Code     0  startup_stm32f769xx.o(.text)
    USART1_IRQHandler                        0x080002b3   Thumb Code     0  startup_stm32f769xx.o(.text)
    USART2_IRQHandler                        0x080002b3   Thumb Code     0  startup_stm32f769xx.o(.text)
    USART3_IRQHandler                        0x080002b3   Thumb Code     0  startup_stm32f769xx.o(.text)
    WWDG_IRQHandler                          0x080002b3   Thumb Code     0  startup_stm32f769xx.o(.text)
    __user_initial_stackheap                 0x080002b5   Thumb Code     0  startup_stm32f769xx.o(.text)
    __use_two_region_memory                  0x080002d9   Thumb Code     2  heapauxi.o(.text)
    __rt_heap_escrow$2region                 0x080002db   Thumb Code     2  heapauxi.o(.text)
    __rt_heap_expand$2region                 0x080002dd   Thumb Code     2  heapauxi.o(.text)
    __read_errno                             0x080002df   Thumb Code    10  _rserrno.o(.text)
    __set_errno                              0x080002e9   Thumb Code    12  _rserrno.o(.text)
    __aeabi_errno_addr                       0x080002f5   Thumb Code     8  rt_errno_addr_intlibspace.o(.text)
    __errno$intlibspace                      0x080002f5   Thumb Code     0  rt_errno_addr_intlibspace.o(.text)
    __rt_errno_addr$intlibspace              0x080002f5   Thumb Code     0  rt_errno_addr_intlibspace.o(.text)
    __user_libspace                          0x080002fd   Thumb Code     8  libspace.o(.text)
    __user_perproc_libspace                  0x080002fd   Thumb Code     0  libspace.o(.text)
    __user_perthread_libspace                0x080002fd   Thumb Code     0  libspace.o(.text)
    __user_setup_stackheap                   0x08000305   Thumb Code    74  sys_stackheap_outer.o(.text)
    exit                                     0x0800034f   Thumb Code    18  exit.o(.text)
    _sys_exit                                0x08000361   Thumb Code     8  sys_exit.o(.text)
    __I$use$semihosting                      0x0800036d   Thumb Code     0  use_no_semi.o(.text)
    __use_no_semihosting_swi                 0x0800036d   Thumb Code     2  use_no_semi.o(.text)
    __semihosting_library_function           0x0800036f   Thumb Code     0  indicate_semi.o(.text)
    Ending                                   0x08000371   Thumb Code    94  led.o(i.Ending)
    Error                                    0x08000429   Thumb Code     2  led.o(i.Error)
    Experiment                               0x0800042d   Thumb Code   706  led.o(i.Experiment)
    FS_change_we1                            0x08000725   Thumb Code    24  led.o(i.FS_change_we1)
    FS_change_we2                            0x08000745   Thumb Code    24  led.o(i.FS_change_we2)
    Idle                                     0x08000765   Thumb Code   124  led.o(i.Idle)
    PrepE                                    0x080007f9   Thumb Code   238  led.o(i.PrepE)
    SPI2_IRQHandler                          0x08000955   Thumb Code    10  led.o(i.SPI2_IRQHandler)
    SystemCoreClockUpdate                    0x08000965   Thumb Code   170  system_stm32f7xx.o(i.SystemCoreClockUpdate)
    SystemInit                               0x08000a25   Thumb Code    82  system_stm32f7xx.o(i.SystemInit)
    TIM6_DAC_IRQHandler                      0x08000a89   Thumb Code   256  led.o(i.TIM6_DAC_IRQHandler)
    TIM7_IRQHandler                          0x08000bb1   Thumb Code   256  led.o(i.TIM7_IRQHandler)
    USART6_IRQHandler                        0x08000cd9   Thumb Code    10  led.o(i.USART6_IRQHandler)
    __ARM_fpclassify                         0x08000ce9   Thumb Code    48  fpclassify.o(i.__ARM_fpclassify)
    __hardfp_ceil                            0x08000d61   Thumb Code   214  ceil.o(i.__hardfp_ceil)
    __hardfp_sin                             0x08000e51   Thumb Code   158  sin.o(i.__hardfp_sin)
    __ieee754_rem_pio2                       0x08000f01   Thumb Code   646  rred.o(i.__ieee754_rem_pio2)
    __kernel_cos                             0x08001211   Thumb Code   182  cos_i.o(i.__kernel_cos)
    __kernel_poly                            0x080012f1   Thumb Code   112  poly.o(i.__kernel_poly)
    __kernel_sin                             0x08001361   Thumb Code   144  sin_i.o(i.__kernel_sin)
    __mathlib_dbl_invalid                    0x08001409   Thumb Code    10  dunder.o(i.__mathlib_dbl_invalid)
    __mathlib_dbl_underflow                  0x08001421   Thumb Code    10  dunder.o(i.__mathlib_dbl_underflow)
    app_rx_cmp_callback                      0x08001439   Thumb Code    12  led.o(i.app_rx_cmp_callback)
    app_tx_cmp_callback                      0x08001449   Thumb Code     2  led.o(i.app_tx_cmp_callback)
    bipot                                    0x0800144d   Thumb Code   164  led.o(i.bipot)
    calibration                              0x08001525   Thumb Code     2  led.o(i.calibration)
    connection                               0x08001529   Thumb Code    78  led.o(i.connection)
    eis                                      0x0800158d   Thumb Code    14  led.o(i.eis)
    fabs                                     0x080015a5   Thumb Code    24  fabs.o(i.fabs)
    galv                                     0x080015bd   Thumb Code    14  led.o(i.galv)
    generate_data                            0x08001b4b   Thumb Code    94  hal_eq_techniques.o(i.generate_data)
    gpio_init                                0x08001ba9   Thumb Code   294  led.o(i.gpio_init)
    hal_gpio_configure_pin_mode              0x08001cf1   Thumb Code    16  hal_gpio_driver.o(i.hal_gpio_configure_pin_mode)
    hal_gpio_configure_pin_otype             0x08001d01   Thumb Code    14  hal_gpio_driver.o(i.hal_gpio_configure_pin_otype)
    hal_gpio_configure_pin_pupd              0x08001d0f   Thumb Code    16  hal_gpio_driver.o(i.hal_gpio_configure_pin_pupd)
    hal_gpio_configure_pin_speed             0x08001d1f   Thumb Code    16  hal_gpio_driver.o(i.hal_gpio_configure_pin_speed)
    hal_gpio_init                            0x08001d2f   Thumb Code    56  hal_gpio_driver.o(i.hal_gpio_init)
    hal_gpio_read_from_pin                   0x08001d67   Thumb Code    12  hal_gpio_driver.o(i.hal_gpio_read_from_pin)
    hal_gpio_set_alt_function                0x08001d73   Thumb Code    48  hal_gpio_driver.o(i.hal_gpio_set_alt_function)
    hal_gpio_write_to_pin                    0x08001da3   Thumb Code    28  hal_gpio_driver.o(i.hal_gpio_write_to_pin)
    hal_spi_handle_tx_interrupt              0x08001f7f   Thumb Code    68  hal_spi_driver.o(i.hal_spi_handle_tx_interrupt)
    hal_spi_init                             0x08001fc3   Thumb Code    76  hal_spi_driver.o(i.hal_spi_init)
    hal_spi_irq_handler                      0x0800200f   Thumb Code    68  hal_spi_driver.o(i.hal_spi_irq_handler)
    hal_spi_is_bus_busy                      0x08002053   Thumb Code    18  hal_spi_driver.o(i.hal_spi_is_bus_busy)
    hal_tim67_clear_flag                     0x080020a1   Thumb Code    14  hal_timer6_driver.o(i.hal_tim67_clear_flag)
    hal_tim67_disable                        0x080020f3   Thumb Code    14  hal_timer6_driver.o(i.hal_tim67_disable)
    hal_tim67_enable                         0x08002101   Thumb Code    14  hal_timer6_driver.o(i.hal_tim67_enable)
    hal_tim67_handle_interrupt               0x0800210f   Thumb Code    30  hal_timer6_driver.o(i.hal_tim67_handle_interrupt)
    hal_tim67_init                           0x0800212d   Thumb Code    48  hal_timer6_driver.o(i.hal_tim67_init)
    hal_tim67_int_disable                    0x0800215d   Thumb Code    30  hal_timer6_driver.o(i.hal_tim67_int_disable)
    hal_tim67_int_enable                     0x0800217b   Thumb Code    30  hal_timer6_driver.o(i.hal_tim67_int_enable)
    hal_uart_handle_interrupt                0x080023c9   Thumb Code   224  hal_usart_driver.o(i.hal_uart_handle_interrupt)
    hal_uart_init                            0x080024a9   Thumb Code    74  hal_usart_driver.o(i.hal_uart_init)
    hal_uart_rx                              0x080024f3   Thumb Code    54  hal_usart_driver.o(i.hal_uart_rx)
    hal_uart_tx                              0x08002549   Thumb Code    36  hal_usart_driver.o(i.hal_uart_tx)
    initClock                                0x0800256d   Thumb Code    72  led.o(i.initClock)
    led_init                                 0x080025b9   Thumb Code    60  led.o(i.led_init)
    load_data                                0x080034a9   Thumb Code   172  hal_eq_techniques.o(i.load_data)
    main                                     0x08003555   Thumb Code   540  led.o(i.main)
    measuring_we1                            0x080037d1   Thumb Code   476  led.o(i.measuring_we1)
    measuring_we2                            0x08003a11   Thumb Code   462  led.o(i.measuring_we2)
    parse_cmd                                0x08003c41   Thumb Code   274  auxfunctions.o(i.parse_cmd)
    pot                                      0x08003d75   Thumb Code    72  led.o(i.pot)
    pretreatment_we1                         0x08003ddd   Thumb Code   460  led.o(i.pretreatment_we1)
    pretreatment_we2                         0x08003fd9   Thumb Code   460  led.o(i.pretreatment_we2)
    read_ADC_W1                              0x080041d5   Thumb Code    96  auxfunctions.o(i.read_ADC_W1)
    spi_gpio_init                            0x08004241   Thumb Code   114  led.o(i.spi_gpio_init)
    start                                    0x080042c1   Thumb Code    72  led.o(i.start)
    subStateMachineWE1                       0x08004349   Thumb Code    16  led.o(i.subStateMachineWE1)
    subStateMachineWE2                       0x08004361   Thumb Code    16  led.o(i.subStateMachineWE2)
    uart_gpio_init                           0x08004379   Thumb Code    80  led.o(i.uart_gpio_init)
    _fp_init                                 0x080043d1   Thumb Code    10  fpinit.o(x$fpl$fpinit)
    __fplib_config_fpu_vfp                   0x080043d9   Thumb Code     0  fpinit.o(x$fpl$fpinit)
    __fplib_config_pureend_doubles           0x080043d9   Thumb Code     0  fpinit.o(x$fpl$fpinit)
    AHBPrescTable                            0x080043da   Data          16  system_stm32f7xx.o(.constdata)
    __I$use$fp                               0x080043da   Number         0  usenofp.o(x$fpl$usenofp)
    APBPrescTable                            0x080043ea   Data           8  system_stm32f7xx.o(.constdata)
    Region$$Table$$Base                      0x08004518   Number         0  anon$$obj.o(Region$$Table)
    Region$$Table$$Limit                     0x08004538   Number         0  anon$$obj.o(Region$$Table)
    contPretreatment_we1                     0x20020000   Data           4  led.o(.data)
    contPretreatment_we2                     0x20020004   Data           4  led.o(.data)
    DACvalue                                 0x20020008   Data           2  led.o(.data)
    cont                                     0x2002000c   Data           4  led.o(.data)
    contAux_we1                              0x20020010   Data           2  led.o(.data)
    contAux_we2                              0x20020012   Data           2  led.o(.data)
    contPtos_we1                             0x20020014   Data           2  led.o(.data)
    contPtos_we2                             0x20020016   Data           2  led.o(.data)
    contRefrescosLUTWE1A                     0x20020018   Data           2  led.o(.data)
    contRefrescosLUTWE1B                     0x2002001a   Data           2  led.o(.data)
    contRefrescosLUTWE2A                     0x2002001c   Data           2  led.o(.data)
    contRefrescosLUTWE2B                     0x2002001e   Data           2  led.o(.data)
    ack                                      0x20020020   Data           4  led.o(.data)
    end                                      0x20020024   Data           4  led.o(.data)
    cont_bipot                               0x20020028   Data           1  led.o(.data)
    exp_config_we1                           0x2002002a   Data           8  led.o(.data)
    exp_config_we2                           0x20020032   Data           8  led.o(.data)
    contMedidasADC_we1                       0x2002003a   Data           2  led.o(.data)
    contMedidasADC_we2                       0x2002003c   Data           2  led.o(.data)
    next_state                               0x2002003e   Data           1  led.o(.data)
    next_state_exp_WE1                       0x2002003f   Data           1  led.o(.data)
    next_state_exp_WE2                       0x20020040   Data           1  led.o(.data)
    status_I_we1                             0x20020041   Data           1  led.o(.data)
    status_I_we2                             0x20020042   Data           1  led.o(.data)
    communication_mode                       0x20020043   Data           1  led.o(.data)
    eWE1                                     0x20020044   Data           1  led.o(.data)
    eWE2                                     0x20020045   Data           1  led.o(.data)
    lutwe1A_state                            0x20020046   Data           1  led.o(.data)
    lutwe1B_state                            0x20020047   Data           1  led.o(.data)
    lutwe2A_state                            0x20020048   Data           1  led.o(.data)
    lutwe2B_state                            0x20020049   Data           1  led.o(.data)
    df_mode                                  0x2002004a   Data           1  led.o(.data)
    mode_working                             0x2002004b   Data           1  led.o(.data)
    pWE1                                     0x2002004c   Data           1  led.o(.data)
    pWE2                                     0x2002004d   Data           1  led.o(.data)
    pc_ready_to_receive                      0x2002004e   Data           1  led.o(.data)
    real_pret_we1                            0x2002004f   Data           1  led.o(.data)
    real_pret_we2                            0x20020050   Data           1  led.o(.data)
    leerLUTAWE1                              0x20020051   Data           1  led.o(.data)
    leerLUTBWE1                              0x20020052   Data           1  led.o(.data)
    leerLUTAWE2                              0x20020053   Data           1  led.o(.data)
    leerLUTBWE2                              0x20020054   Data           1  led.o(.data)
    medidasADC_we1                           0x20020055   Data           1  led.o(.data)
    medidasADC_we2                           0x20020056   Data           1  led.o(.data)
    enviar_dato_DAC_we1                      0x20020057   Data           1  led.o(.data)
    enviar_dato_DAC_we2                      0x20020058   Data           1  led.o(.data)
    envio_end_we1                            0x20020059   Data           1  led.o(.data)
    envio_end_we2                            0x2002005a   Data           1  led.o(.data)
    state_table                              0x2002005c   Data          44  led.o(.data)
    state_table_we1                          0x20020088   Data          12  led.o(.data)
    state_table_we2                          0x20020094   Data          12  led.o(.data)
    SystemCoreClock                          0x200200a0   Data           4  system_stm32f7xx.o(.data)
    SpiHandle                                0x200200a4   Data          60  led.o(.bss)
    uartHandle                               0x200200e0   Data          60  led.o(.bss)
    tim6Handle                               0x2002011c   Data          24  led.o(.bss)
    tim7Handle                               0x20020134   Data          24  led.o(.bss)
    dataADCwe1                               0x2002014c   Data        2000  led.o(.bss)
    dataADCwe2                               0x2002091c   Data        2000  led.o(.bss)
    data_out_we1                             0x200210ec   Data          14  led.o(.bss)
    data_out_we2                             0x200210fa   Data          14  led.o(.bss)
    UART_rxBuff                              0x20021108   Data         100  led.o(.bss)
    UART_txBuff                              0x2002116c   Data         100  led.o(.bss)
    LUTWE1A                                  0x200211d0   Data        2048  led.o(.bss)
    LUTWE1B                                  0x200219d0   Data        2048  led.o(.bss)
    LUTWE2A                                  0x200221d0   Data        2048  led.o(.bss)
    LUTWE2B                                  0x200229d0   Data        2048  led.o(.bss)
    experimentWE1                            0x200231d0   Data         124  led.o(.bss)
    experimentWE2                            0x2002324c   Data         124  led.o(.bss)
    pretreat_we1                             0x200232c8   Data          12  led.o(.bss)
    pretreat_we2                             0x200232d4   Data          12  led.o(.bss)
    __libspace_start                         0x200232e0   Data          96  libspace.o(.bss)
    __temporary_stack_top$libspace           0x20023340   Data           0  libspace.o(.bss)



==============================================================================

Memory Map of the image

  Image Entry point : 0x08000299

  Load Region LR_1 (Base: 0x08000000, Size: 0x000045dc, Max: 0xffffffff, ABSOLUTE)

    Execution Region ER_RO (Base: 0x08000000, Size: 0x00004538, Max: 0xffffffff, ABSOLUTE)

    Base Addr    Size         Type   Attr      Idx    E Section Name        Object

    0x08000000   0x000001f8   Data   RO          950    RESET               startup_stm32f769xx.o
    0x080001f8   0x00000008   Code   RO          996  * !!!main             c_w.l(__main.o)
    0x08000200   0x00000034   Code   RO         1217    !!!scatter          c_w.l(__scatter.o)
    0x08000234   0x0000001a   Code   RO         1219    !!handler_copy      c_w.l(__scatter_copy.o)
    0x0800024e   0x00000002   PAD
    0x08000250   0x0000001c   Code   RO         1221    !!handler_zi        c_w.l(__scatter_zi.o)
    0x0800026c   0x00000002   Code   RO         1090    .ARM.Collect$$libinit$$00000000  c_w.l(libinit.o)
    0x0800026e   0x00000004   Code   RO         1093    .ARM.Collect$$libinit$$00000001  c_w.l(libinit2.o)
    0x08000272   0x00000000   Code   RO         1096    .ARM.Collect$$libinit$$00000004  c_w.l(libinit2.o)
    0x08000272   0x00000000   Code   RO         1099    .ARM.Collect$$libinit$$0000000A  c_w.l(libinit2.o)
    0x08000272   0x00000000   Code   RO         1101    .ARM.Collect$$libinit$$0000000C  c_w.l(libinit2.o)
    0x08000272   0x00000000   Code   RO         1103    .ARM.Collect$$libinit$$0000000E  c_w.l(libinit2.o)
    0x08000272   0x00000000   Code   RO         1106    .ARM.Collect$$libinit$$00000011  c_w.l(libinit2.o)
    0x08000272   0x00000000   Code   RO         1108    .ARM.Collect$$libinit$$00000013  c_w.l(libinit2.o)
    0x08000272   0x00000000   Code   RO         1110    .ARM.Collect$$libinit$$00000015  c_w.l(libinit2.o)
    0x08000272   0x00000000   Code   RO         1112    .ARM.Collect$$libinit$$00000017  c_w.l(libinit2.o)
    0x08000272   0x00000000   Code   RO         1114    .ARM.Collect$$libinit$$00000019  c_w.l(libinit2.o)
    0x08000272   0x00000000   Code   RO         1116    .ARM.Collect$$libinit$$0000001B  c_w.l(libinit2.o)
    0x08000272   0x00000000   Code   RO         1118    .ARM.Collect$$libinit$$0000001D  c_w.l(libinit2.o)
    0x08000272   0x00000000   Code   RO         1120    .ARM.Collect$$libinit$$0000001F  c_w.l(libinit2.o)
    0x08000272   0x00000000   Code   RO         1122    .ARM.Collect$$libinit$$00000021  c_w.l(libinit2.o)
    0x08000272   0x00000000   Code   RO         1124    .ARM.Collect$$libinit$$00000023  c_w.l(libinit2.o)
    0x08000272   0x00000000   Code   RO         1126    .ARM.Collect$$libinit$$00000025  c_w.l(libinit2.o)
    0x08000272   0x00000000   Code   RO         1130    .ARM.Collect$$libinit$$0000002C  c_w.l(libinit2.o)
    0x08000272   0x00000000   Code   RO         1132    .ARM.Collect$$libinit$$0000002E  c_w.l(libinit2.o)
    0x08000272   0x00000000   Code   RO         1134    .ARM.Collect$$libinit$$00000030  c_w.l(libinit2.o)
    0x08000272   0x00000000   Code   RO         1136    .ARM.Collect$$libinit$$00000032  c_w.l(libinit2.o)
    0x08000272   0x00000002   Code   RO         1137    .ARM.Collect$$libinit$$00000033  c_w.l(libinit2.o)
    0x08000274   0x00000002   Code   RO         1157    .ARM.Collect$$libshutdown$$00000000  c_w.l(libshutdown.o)
    0x08000276   0x00000000   Code   RO         1170    .ARM.Collect$$libshutdown$$00000002  c_w.l(libshutdown2.o)
    0x08000276   0x00000000   Code   RO         1172    .ARM.Collect$$libshutdown$$00000004  c_w.l(libshutdown2.o)
    0x08000276   0x00000000   Code   RO         1175    .ARM.Collect$$libshutdown$$00000007  c_w.l(libshutdown2.o)
    0x08000276   0x00000000   Code   RO         1178    .ARM.Collect$$libshutdown$$0000000A  c_w.l(libshutdown2.o)
    0x08000276   0x00000000   Code   RO         1180    .ARM.Collect$$libshutdown$$0000000C  c_w.l(libshutdown2.o)
    0x08000276   0x00000000   Code   RO         1183    .ARM.Collect$$libshutdown$$0000000F  c_w.l(libshutdown2.o)
    0x08000276   0x00000002   Code   RO         1184    .ARM.Collect$$libshutdown$$00000010  c_w.l(libshutdown2.o)
    0x08000278   0x00000000   Code   RO         1016    .ARM.Collect$$rtentry$$00000000  c_w.l(__rtentry.o)
    0x08000278   0x00000000   Code   RO         1049    .ARM.Collect$$rtentry$$00000002  c_w.l(__rtentry2.o)
    0x08000278   0x00000006   Code   RO         1061    .ARM.Collect$$rtentry$$00000004  c_w.l(__rtentry4.o)
    0x0800027e   0x00000000   Code   RO         1051    .ARM.Collect$$rtentry$$00000009  c_w.l(__rtentry2.o)
    0x0800027e   0x00000004   Code   RO         1052    .ARM.Collect$$rtentry$$0000000A  c_w.l(__rtentry2.o)
    0x08000282   0x00000000   Code   RO         1054    .ARM.Collect$$rtentry$$0000000C  c_w.l(__rtentry2.o)
    0x08000282   0x00000008   Code   RO         1055    .ARM.Collect$$rtentry$$0000000D  c_w.l(__rtentry2.o)
    0x0800028a   0x00000002   Code   RO         1091    .ARM.Collect$$rtexit$$00000000  c_w.l(rtexit.o)
    0x0800028c   0x00000000   Code   RO         1139    .ARM.Collect$$rtexit$$00000002  c_w.l(rtexit2.o)
    0x0800028c   0x00000004   Code   RO         1140    .ARM.Collect$$rtexit$$00000003  c_w.l(rtexit2.o)
    0x08000290   0x00000006   Code   RO         1141    .ARM.Collect$$rtexit$$00000004  c_w.l(rtexit2.o)
    0x08000296   0x00000002   PAD
    0x08000298   0x00000040   Code   RO          951  * .text               startup_stm32f769xx.o
    0x080002d8   0x00000006   Code   RO          994    .text               c_w.l(heapauxi.o)
    0x080002de   0x00000016   Code   RO         1017    .text               c_w.l(_rserrno.o)
    0x080002f4   0x00000008   Code   RO         1066    .text               c_w.l(rt_errno_addr_intlibspace.o)
    0x080002fc   0x00000008   Code   RO         1078    .text               c_w.l(libspace.o)
    0x08000304   0x0000004a   Code   RO         1081    .text               c_w.l(sys_stackheap_outer.o)
    0x0800034e   0x00000012   Code   RO         1083    .text               c_w.l(exit.o)
    0x08000360   0x0000000c   Code   RO         1149    .text               c_w.l(sys_exit.o)
    0x0800036c   0x00000002   Code   RO         1160    .text               c_w.l(use_no_semi.o)
    0x0800036e   0x00000000   Code   RO         1162    .text               c_w.l(indicate_semi.o)
    0x0800036e   0x00000002   PAD
    0x08000370   0x000000b8   Code   RO            4    i.Ending            led.o
    0x08000428   0x00000002   Code   RO            5    i.Error             led.o
    0x0800042a   0x00000002   PAD
    0x0800042c   0x000002f8   Code   RO            6    i.Experiment        led.o
    0x08000724   0x00000020   Code   RO            7    i.FS_change_we1     led.o
    0x08000744   0x00000020   Code   RO            8    i.FS_change_we2     led.o
    0x08000764   0x00000094   Code   RO            9    i.Idle              led.o
    0x080007f8   0x0000015c   Code   RO           10    i.PrepE             led.o
    0x08000954   0x00000010   Code   RO           11    i.SPI2_IRQHandler   led.o
    0x08000964   0x000000c0   Code   RO          958    i.SystemCoreClockUpdate  system_stm32f7xx.o
    0x08000a24   0x00000064   Code   RO          959    i.SystemInit        system_stm32f7xx.o
    0x08000a88   0x00000128   Code   RO           12    i.TIM6_DAC_IRQHandler  led.o
    0x08000bb0   0x00000128   Code   RO           13    i.TIM7_IRQHandler   led.o
    0x08000cd8   0x00000010   Code   RO           14    i.USART6_IRQHandler  led.o
    0x08000ce8   0x00000030   Code   RO         1074    i.__ARM_fpclassify  m_wv.l(fpclassify.o)
    0x08000d18   0x0000001a   Code   RO           15    i.__NVIC_EnableIRQ  led.o
    0x08000d32   0x00000002   PAD
    0x08000d34   0x00000028   Code   RO           16    i.__NVIC_SetPriority  led.o
    0x08000d5c   0x00000004   PAD
    0x08000d60   0x000000f0   Code   RO          998    i.__hardfp_ceil     m_wv.l(ceil.o)
    0x08000e50   0x000000b0   Code   RO         1004    i.__hardfp_sin      m_wv.l(sin.o)
    0x08000f00   0x00000310   Code   RO         1037    i.__ieee754_rem_pio2  m_wv.l(rred.o)
    0x08001210   0x000000e0   Code   RO         1020    i.__kernel_cos      m_wv.l(cos_i.o)
    0x080012f0   0x00000070   Code   RO         1076    i.__kernel_poly     m_wv.l(poly.o)
    0x08001360   0x000000a8   Code   RO         1042    i.__kernel_sin      m_wv.l(sin_i.o)
    0x08001408   0x00000018   Code   RO         1026    i.__mathlib_dbl_invalid  m_wv.l(dunder.o)
    0x08001420   0x00000018   Code   RO         1029    i.__mathlib_dbl_underflow  m_wv.l(dunder.o)
    0x08001438   0x00000010   Code   RO           17    i.app_rx_cmp_callback  led.o
    0x08001448   0x00000002   Code   RO           18    i.app_tx_cmp_callback  led.o
    0x0800144a   0x00000002   PAD
    0x0800144c   0x000000d8   Code   RO           19    i.bipot             led.o
    0x08001524   0x00000002   Code   RO           20    i.calibration       led.o
    0x08001526   0x00000002   PAD
    0x08001528   0x00000064   Code   RO           21    i.connection        led.o
    0x0800158c   0x00000018   Code   RO           22    i.eis               led.o
    0x080015a4   0x00000018   Code   RO         1070    i.fabs              m_wv.l(fabs.o)
    0x080015bc   0x00000018   Code   RO           23    i.galv              led.o
    0x080015d4   0x0000013c   Code   RO          728    i.generateACV       hal_eq_techniques.o
    0x08001710   0x00000108   Code   RO          730    i.generateDNPV      hal_eq_techniques.o
    0x08001818   0x000000d4   Code   RO          732    i.generateDPV       hal_eq_techniques.o
    0x080018ec   0x000000ba   Code   RO          736    i.generateNPV       hal_eq_techniques.o
    0x080019a6   0x000000c4   Code   RO          739    i.generateSCV       hal_eq_techniques.o
    0x08001a6a   0x000000e0   Code   RO          740    i.generateSWV       hal_eq_techniques.o
    0x08001b4a   0x0000005e   Code   RO          741    i.generate_data     hal_eq_techniques.o
    0x08001ba8   0x00000148   Code   RO           24    i.gpio_init         led.o
    0x08001cf0   0x00000010   Code   RO          282    i.hal_gpio_configure_pin_mode  hal_gpio_driver.o
    0x08001d00   0x0000000e   Code   RO          283    i.hal_gpio_configure_pin_otype  hal_gpio_driver.o
    0x08001d0e   0x00000010   Code   RO          284    i.hal_gpio_configure_pin_pupd  hal_gpio_driver.o
    0x08001d1e   0x00000010   Code   RO          285    i.hal_gpio_configure_pin_speed  hal_gpio_driver.o
    0x08001d2e   0x00000038   Code   RO          287    i.hal_gpio_init     hal_gpio_driver.o
    0x08001d66   0x0000000c   Code   RO          288    i.hal_gpio_read_from_pin  hal_gpio_driver.o
    0x08001d72   0x00000030   Code   RO          289    i.hal_gpio_set_alt_function  hal_gpio_driver.o
    0x08001da2   0x0000001c   Code   RO          290    i.hal_gpio_write_to_pin  hal_gpio_driver.o
    0x08001dbe   0x00000008   Code   RO          452    i.hal_spi_configure_baudrate  hal_spi_driver.o
    0x08001dc6   0x000000be   Code   RO          453    i.hal_spi_configure_datasize  hal_spi_driver.o
    0x08001e84   0x00000016   Code   RO          454    i.hal_spi_configure_device_mode  hal_spi_driver.o
    0x08001e9a   0x0000002a   Code   RO          455    i.hal_spi_configure_direction  hal_spi_driver.o
    0x08001ec4   0x0000001e   Code   RO          456    i.hal_spi_configure_nss_master  hal_spi_driver.o
    0x08001ee2   0x00000016   Code   RO          457    i.hal_spi_configure_nss_slave  hal_spi_driver.o
    0x08001ef8   0x0000002a   Code   RO          458    i.hal_spi_configure_phase_and_polarity  hal_spi_driver.o
    0x08001f22   0x0000000a   Code   RO          460    i.hal_spi_disable_rxne_interrupt  hal_spi_driver.o
    0x08001f2c   0x0000000a   Code   RO          461    i.hal_spi_disable_txe_interrupt  hal_spi_driver.o
    0x08001f36   0x00000048   Code   RO          465    i.hal_spi_handle_rx_interrupt  hal_spi_driver.o
    0x08001f7e   0x00000044   Code   RO          466    i.hal_spi_handle_tx_interrupt  hal_spi_driver.o
    0x08001fc2   0x0000004c   Code   RO          467    i.hal_spi_init      hal_spi_driver.o
    0x0800200e   0x00000044   Code   RO          468    i.hal_spi_irq_handler  hal_spi_driver.o
    0x08002052   0x00000012   Code   RO          469    i.hal_spi_is_bus_busy  hal_spi_driver.o
    0x08002064   0x0000001e   Code   RO          472    i.hal_spi_rx_close_interrupt  hal_spi_driver.o
    0x08002082   0x0000001e   Code   RO          475    i.hal_spi_tx_close_interrupt  hal_spi_driver.o
    0x080020a0   0x0000000e   Code   RO          368    i.hal_tim67_clear_flag  hal_timer6_driver.o
    0x080020ae   0x00000002   PAD
    0x080020b0   0x00000020   Code   RO          369    i.hal_tim67_configure_auto_reload_preload  hal_timer6_driver.o
    0x080020d0   0x00000006   Code   RO          370    i.hal_tim67_configure_auto_reload_value  hal_timer6_driver.o
    0x080020d6   0x00000016   Code   RO          371    i.hal_tim67_configure_counter_mode  hal_timer6_driver.o
    0x080020ec   0x00000006   Code   RO          372    i.hal_tim67_configure_prescaler  hal_timer6_driver.o
    0x080020f2   0x0000000e   Code   RO          373    i.hal_tim67_disable  hal_timer6_driver.o
    0x08002100   0x0000000e   Code   RO          374    i.hal_tim67_enable  hal_timer6_driver.o
    0x0800210e   0x0000001e   Code   RO          375    i.hal_tim67_handle_interrupt  hal_timer6_driver.o
    0x0800212c   0x00000030   Code   RO          376    i.hal_tim67_init    hal_timer6_driver.o
    0x0800215c   0x0000001e   Code   RO          377    i.hal_tim67_int_disable  hal_timer6_driver.o
    0x0800217a   0x0000001e   Code   RO          378    i.hal_tim67_int_enable  hal_timer6_driver.o
    0x08002198   0x0000000c   Code   RO          598    i.hal_uart_clear_error_flag  hal_usart_driver.o
    0x080021a4   0x00000016   Code   RO          599    i.hal_uart_configure_error_interrupt  hal_usart_driver.o
    0x080021ba   0x0000000c   Code   RO          600    i.hal_uart_configure_over_sampling  hal_usart_driver.o
    0x080021c6   0x00000016   Code   RO          601    i.hal_uart_configure_parity_error_interrupt  hal_usart_driver.o
    0x080021dc   0x00000016   Code   RO          602    i.hal_uart_configure_rxne_interrupt  hal_usart_driver.o
    0x080021f2   0x00000046   Code   RO          603    i.hal_uart_configure_stop_bits  hal_usart_driver.o
    0x08002238   0x00000016   Code   RO          604    i.hal_uart_configure_txe_interrupt  hal_usart_driver.o
    0x0800224e   0x00000068   Code   RO          605    i.hal_uart_configure_word_length  hal_usart_driver.o
    0x080022b6   0x0000000a   Code   RO          606    i.hal_uart_enable   hal_usart_driver.o
    0x080022c0   0x0000001a   Code   RO          607    i.hal_uart_enable_disable_rx  hal_usart_driver.o
    0x080022da   0x0000001a   Code   RO          608    i.hal_uart_enable_disable_tx  hal_usart_driver.o
    0x080022f4   0x00000074   Code   RO          610    i.hal_uart_handle_RXNE_interrupt  hal_usart_driver.o
    0x08002368   0x00000024   Code   RO          611    i.hal_uart_handle_TC_interrupt  hal_usart_driver.o
    0x0800238c   0x0000003c   Code   RO          612    i.hal_uart_handle_TXE_interrupt  hal_usart_driver.o
    0x080023c8   0x000000e0   Code   RO          613    i.hal_uart_handle_interrupt  hal_usart_driver.o
    0x080024a8   0x0000004a   Code   RO          614    i.hal_uart_init     hal_usart_driver.o
    0x080024f2   0x00000036   Code   RO          615    i.hal_uart_rx       hal_usart_driver.o
    0x08002528   0x00000020   Code   RO          616    i.hal_uart_set_baud_rate  hal_usart_driver.o
    0x08002548   0x00000024   Code   RO          617    i.hal_uart_tx       hal_usart_driver.o
    0x0800256c   0x0000004c   Code   RO           25    i.initClock         led.o
    0x080025b8   0x00000044   Code   RO           26    i.led_init          led.o
    0x080025fc   0x00000288   Code   RO          742    i.load_ACV_data     hal_eq_techniques.o
    0x08002884   0x000002cc   Code   RO          745    i.load_DNPV_data    hal_eq_techniques.o
    0x08002b50   0x00000298   Code   RO          747    i.load_DPV_data     hal_eq_techniques.o
    0x08002de8   0x0000023c   Code   RO          752    i.load_NPV_data     hal_eq_techniques.o
    0x08003024   0x00000228   Code   RO          754    i.load_SCV_data     hal_eq_techniques.o
    0x0800324c   0x0000025c   Code   RO          755    i.load_SWV_data     hal_eq_techniques.o
    0x080034a8   0x000000ac   Code   RO          756    i.load_data         hal_eq_techniques.o
    0x08003554   0x0000027c   Code   RO           27    i.main              led.o
    0x080037d0   0x00000240   Code   RO           28    i.measuring_we1     led.o
    0x08003a10   0x00000230   Code   RO           29    i.measuring_we2     led.o
    0x08003c40   0x00000134   Code   RO          906    i.parse_cmd         auxfunctions.o
    0x08003d74   0x00000068   Code   RO           30    i.pot               led.o
    0x08003ddc   0x000001fc   Code   RO           31    i.pretreatment_we1  led.o
    0x08003fd8   0x000001fc   Code   RO           32    i.pretreatment_we2  led.o
    0x080041d4   0x0000006c   Code   RO          907    i.read_ADC_W1       auxfunctions.o
    0x08004240   0x00000080   Code   RO           33    i.spi_gpio_init     led.o
    0x080042c0   0x00000088   Code   RO           34    i.start             led.o
    0x08004348   0x00000018   Code   RO           35    i.subStateMachineWE1  led.o
    0x08004360   0x00000018   Code   RO           36    i.subStateMachineWE2  led.o
    0x08004378   0x00000058   Code   RO           37    i.uart_gpio_init    led.o
    0x080043d0   0x0000000a   Code   RO         1147    x$fpl$fpinit        fz_wv.l(fpinit.o)
    0x080043da   0x00000000   Code   RO         1019    x$fpl$usenofp       fz_wv.l(usenofp.o)
    0x080043da   0x00000018   Data   RO          960    .constdata          system_stm32f7xx.o
    0x080043f2   0x00000006   PAD
    0x080043f8   0x00000030   Data   RO         1021    .constdata          m_wv.l(cos_i.o)
    0x08004428   0x000000c8   Data   RO         1039    .constdata          m_wv.l(rred.o)
    0x080044f0   0x00000028   Data   RO         1043    .constdata          m_wv.l(sin_i.o)
    0x08004518   0x00000020   Data   RO         1215    Region$$Table       anon$$obj.o


    Execution Region ER_RW (Base: 0x20020000, Size: 0x000000a4, Max: 0xffffffff, ABSOLUTE)

    Base Addr    Size         Type   Attr      Idx    E Section Name        Object

    0x20020000   0x000000a0   Data   RW           39    .data               led.o
    0x200200a0   0x00000004   Data   RW          961    .data               system_stm32f7xx.o


    Execution Region ER_ZI (Base: 0x200200a4, Size: 0x0000389c, Max: 0xffffffff, ABSOLUTE)

    Base Addr    Size         Type   Attr      Idx    E Section Name        Object

    0x200200a4   0x0000323c   Zero   RW           38    .bss                led.o
    0x200232e0   0x00000060   Zero   RW         1079    .bss                c_w.l(libspace.o)
    0x20023340   0x00000200   Zero   RW          949    HEAP                startup_stm32f769xx.o
    0x20023540   0x00000400   Zero   RW          948    STACK               startup_stm32f769xx.o


==============================================================================

Image component sizes


      Code (inc. data)   RO Data    RW Data    ZI Data      Debug   Object Name

       416         46          0          0          0       1734   auxfunctions.o
      5420        132          0          0          0      12596   hal_eq_techniques.o
       206          0          0          0          0       5439   hal_gpio_driver.o
       738         14          0          0          0       9461   hal_spi_driver.o
       246          6          0          0          0       6375   hal_timer6_driver.o
       980          0          0          0          0      11588   hal_usart_driver.o
      6344       1062          0        160      12860     864928   led.o
        64         26        504          0       1536        896   startup_stm32f769xx.o
       292         40         24          4          0       2187   system_stm32f7xx.o

    ----------------------------------------------------------------------
     14720       1330        566        164      14396     915204   Object Totals
         0          0         32          0          0          0   (incl. Generated)
        14          4          6          0          0          0   (incl. Padding)

    ----------------------------------------------------------------------

      Code (inc. data)   RO Data    RW Data    ZI Data      Debug   Library Member Name

         8          0          0          0          0         68   __main.o
         0          0          0          0          0          0   __rtentry.o
        12          0          0          0          0          0   __rtentry2.o
         6          0          0          0          0          0   __rtentry4.o
        52          8          0          0          0          0   __scatter.o
        26          0          0          0          0          0   __scatter_copy.o
        28          0          0          0          0          0   __scatter_zi.o
        22          0          0          0          0        100   _rserrno.o
        18          0          0          0          0         80   exit.o
         6          0          0          0          0        152   heapauxi.o
         0          0          0          0          0          0   indicate_semi.o
         2          0          0          0          0          0   libinit.o
         6          0          0          0          0          0   libinit2.o
         2          0          0          0          0          0   libshutdown.o
         2          0          0          0          0          0   libshutdown2.o
         8          4          0          0         96         68   libspace.o
         8          4          0          0          0         68   rt_errno_addr_intlibspace.o
         2          0          0          0          0          0   rtexit.o
        10          0          0          0          0          0   rtexit2.o
        12          4          0          0          0         68   sys_exit.o
        74          0          0          0          0         80   sys_stackheap_outer.o
         2          0          0          0          0         68   use_no_semi.o
        10          0          0          0          0        116   fpinit.o
         0          0          0          0          0          0   usenofp.o
       240         26          0          0          0        132   ceil.o
       224         42         48          0          0        184   cos_i.o
        48         28          0          0          0        232   dunder.o
        24          0          0          0          0        124   fabs.o
        48          0          0          0          0        124   fpclassify.o
       112          0          0          0          0        116   poly.o
       784        138        200          0          0        172   rred.o
       176         18          0          0          0        160   sin.o
       168         24         40          0          0        196   sin_i.o

    ----------------------------------------------------------------------
      2146        296        288          0         96       2308   Library Totals
         6          0          0          0          0          0   (incl. Padding)

    ----------------------------------------------------------------------

      Code (inc. data)   RO Data    RW Data    ZI Data      Debug   Library Name

       306         20          0          0         96        752   c_w.l
        10          0          0          0          0        116   fz_wv.l
      1824        276        288          0          0       1440   m_wv.l

    ----------------------------------------------------------------------
      2146        296        288          0         96       2308   Library Totals

    ----------------------------------------------------------------------

==============================================================================


      Code (inc. data)   RO Data    RW Data    ZI Data      Debug   

     16866       1626        854        164      14492     906252   Grand Totals
     16866       1626        854        164      14492     906252   ELF Image Totals
     16866       1626        854        164          0          0   ROM Totals

==============================================================================

    Total RO  Size (Code + RO Data)                17720 (  17.30kB)
    Total RW  Size (RW Data + ZI Data)             14656 (  14.31kB)
    Total ROM Size (Code + RO Data + RW Data)      17884 (  17.46kB)

==============================================================================

